Microchip MPLAB XC8 Compiler V1.20 ()

Linker command line:

-W-2 --edf=C:\Program Files (x86)\Microchip\xc8\v1.20\dat\en_msgs.txt -cs \
  -h+dist/pic16f1459/debug\MPLAB.X.debug.sym \
  --cmf=dist/pic16f1459/debug\MPLAB.X.debug.cmf -z -Q16F1459 \
  -oC:\Users\user\AppData\Local\Temp\s69k.6 \
  -Mdist/pic16f1459/debug/MPLAB.X.debug.map -E1 -ver=XC8 \
  -ACONST=00h-0FFhx32 -ACODE=00h-07FFhx4 -ASTRCODE=00h-01FFFh \
  -AENTRY=00h-0FFhx32 -ASTRING=00h-0FFhx32 -ACOMMON=070h-07Fh \
  -ABANK0=020h-06Fh -ABANK1=0A0h-0EFh -ABANK2=0120h-016Fh \
  -ABANK3=01A0h-01EFh -ABANK4=0220h-026Fh -ABANK5=02A0h-02EFh \
  -ABANK6=0320h-036Fh -ABANK7=03A0h-03EFh -ABANK8=0420h-046Fh \
  -ABANK9=04A0h-04EFh -ABANK10=0520h-056Fh -ABANK11=05A0h-05EFh \
  -ABANK12=0620h-064Fh -ABIGRAM=02000h-023EFh \
  -ARAM=020h-06Fh,0A0h-0EFh,0120h-016Fh,01A0h-01EFh,0220h-026Fh,02A0h-02EFh,0320h-036Fh,03A0h-03EFh,0420h-046Fh,04A0h-04EFh,0520h-056Fh,05A0h-05EFh,0620h-064Fh \
  -AABS1=020h-07Fh,0A0h-0EFh,0120h-016Fh,01A0h-01EFh,0220h-026Fh,02A0h-02EFh,0320h-036Fh,03A0h-03EFh,0420h-046Fh,04A0h-04EFh,0520h-056Fh,05A0h-05EFh,0620h-064Fh \
  -ASFR0=00h-01Fh -ASFR1=080h-09Fh -ASFR2=0100h-011Fh -ASFR3=0180h-019Fh \
  -ASFR4=0200h-021Fh -ASFR5=0280h-029Fh -ASFR6=0300h-031Fh \
  -ASFR7=0380h-039Fh -ASFR8=0400h-041Fh -ASFR9=0480h-049Fh \
  -ASFR10=0500h-051Fh -ASFR11=0580h-059Fh -ASFR12=0600h-061Fh \
  -ASFR13=0680h-06EFh -ASFR14=0700h-076Fh -ASFR15=0780h-07EFh \
  -ASFR16=0800h-086Fh -ASFR17=0880h-08EFh -ASFR18=0900h-096Fh \
  -ASFR19=0980h-09EFh -ASFR20=0A00h-0A6Fh -ASFR21=0A80h-0AEFh \
  -ASFR22=0B00h-0B6Fh -ASFR23=0B80h-0BEFh -ASFR24=0C00h-0C6Fh \
  -ASFR25=0C80h-0CEFh -ASFR26=0D00h-0D6Fh -ASFR27=0D80h-0DEFh \
  -ASFR28=0E00h-0E6Fh -ASFR29=0E80h-0EEFh -ASFR30=0F00h-0F6Fh \
  -ASFR31=0F80h-0FEFh -preset_vec=00h,intentry=04h,init,end_init \
  -ppowerup=CODE -pfunctab=CODE -ACONFIG=08007h-08008h -pconfig=CONFIG \
  -DCONFIG=2 -AIDLOC=08000h-08003h -pidloc=IDLOC -DIDLOC=2 -DCODE=2 \
  -DSTRCODE=2 -DSTRING=2 -DCONST=2 -DENTRY=2 -k \
  C:\Users\user\AppData\Local\Temp\s69k.obj \
  dist/pic16f1459/debug\MPLAB.X.debug.obj 

Object code version is 3.11

Machine type is 16F1459



                Name                               Link     Load   Length Selector   Space Scale
C:\Users\user\AppData\Local\Temp\s69k.obj
                end_init                              6        6        2        8       0
                reset_vec                             0        0        3        0       0
                config                             8007     8007        2    1000E       0
dist/pic16f1459/debug\MPLAB.X.debug.obj
                intentry                              4        4        2        8       0
                swtext5                             816      816        A     1000       0
                swtext4                             80C      80C        A     1000       0
                swtext3                             7F5      7F5        A      FB6       0
                swtext2                             800      800        C     1000       0
                text26                                8        8      7D3        8       0
                text11                              DED      DED       63     1BDA       0
                text10                              D8E      D8E       5F     1B1C       0
                swtext1                             7DB      7DB       1A      FB6       0
                text3                               E50      E50      1B0     1CA0       0
                cstackBANK0                          60       60       10       50       1
                cstackCOMMON                         70       70        E       70       1
                clrtext                             D88      D88        6     1B10       0
                bssBANK4                            220      220       4E      220       1
                bssBANK3                            1A4      1A4       27      1A4       1
                bssBANK2                            120      120       3C      120       1
                bssBANK1                             E0       E0       10       E0       1
                bssBANK0                             50       50       10       50       1
                stringtext                         1000     1000       FA       20       0

TOTAL           Name                               Link     Load   Length     Space
        CLASS   CONST          
                swtext5                             816      816        A         0
                swtext4                             80C      80C        A         0
                swtext3                             7F5      7F5        A         0
                swtext2                             800      800        C         0
                swtext1                             7DB      7DB       1A         0

        CLASS   CODE           
                end_init                              6        6        2         0
                intentry                              4        4        2         0
                reset_vec                             0        0        3         0
                text26                                8        8      7D3         0
                text11                              DED      DED       63         0
                text10                              D8E      D8E       5F         0
                text3                               E50      E50      1B0         0
                clrtext                             D88      D88        6         0

        CLASS   STRCODE        
                stringtext                         1000     1000       FA         0

        CLASS   ENTRY          

        CLASS   STRING         

        CLASS   COMMON         
                cstackCOMMON                         70       70        E         1

        CLASS   BANK0          
                cstackBANK0                          60       60       10         1
                bssBANK0                             50       50       10         1

        CLASS   BANK1          
                bssBANK1                             E0       E0       10         1

        CLASS   BANK2          
                bssBANK2                            120      120       3C         1

        CLASS   BANK3          
                bssBANK3                            1A4      1A4       27         1

        CLASS   BANK4          
                bssBANK4                            220      220       4E         1

        CLASS   BANK5          

        CLASS   BANK6          

        CLASS   BANK7          

        CLASS   BANK8          

        CLASS   BANK9          

        CLASS   BANK10         

        CLASS   BANK11         

        CLASS   BANK12         

        CLASS   BIGRAM         

        CLASS   RAM            

        CLASS   ABS1           
                abs_s1                               20       20       30         1
                abs_s1                               7E       7E        2         1
                abs_s1                               A0       A0       40         1
                abs_s1                              1A0      1A0        4         1

        CLASS   SFR0           

        CLASS   SFR1           

        CLASS   SFR2           

        CLASS   SFR3           

        CLASS   SFR4           

        CLASS   SFR5           

        CLASS   SFR6           

        CLASS   SFR7           

        CLASS   SFR8           

        CLASS   SFR9           

        CLASS   SFR10          

        CLASS   SFR11          

        CLASS   SFR12          

        CLASS   SFR13          

        CLASS   SFR14          

        CLASS   SFR15          

        CLASS   SFR16          

        CLASS   SFR17          

        CLASS   SFR18          

        CLASS   SFR19          

        CLASS   SFR20          

        CLASS   SFR21          

        CLASS   SFR22          

        CLASS   SFR23          

        CLASS   SFR24          

        CLASS   SFR25          

        CLASS   SFR26          

        CLASS   SFR27          

        CLASS   SFR28          

        CLASS   SFR29          

        CLASS   SFR30          

        CLASS   SFR31          

        CLASS   CONFIG         
                config                             8007     8007        2         0

        CLASS   IDLOC          

        CLASS   BANK31         

        CLASS   BANK30         

        CLASS   BANK29         

        CLASS   BANK28         

        CLASS   BANK27         

        CLASS   BANK26         

        CLASS   BANK25         

        CLASS   BANK24         

        CLASS   BANK23         

        CLASS   BANK22         

        CLASS   BANK21         

        CLASS   BANK20         

        CLASS   BANK19         

        CLASS   BANK18         

        CLASS   BANK17         

        CLASS   BANK16         

        CLASS   BANK15         

        CLASS   BANK14         

        CLASS   BANK13         

        CLASS   EEDATA         



SEGMENTS        Name                           Load    Length   Top    Selector   Space  Class     Delta

                reset_vec                      000000  000003  000003         0       0  CODE        2
                intentry                       000004  0007D7  0007DB         8       0  CODE        2
                bssBANK0                       000050  000020  000070        50       1  BANK0       1
                cstackCOMMON                   000070  00000E  00007E        70       1  COMMON      1
                bssBANK1                       0000E0  000010  0000F0        E0       1  BANK1       1
                bssBANK2                       000120  00003C  00015C       120       1  BANK2       1
                bssBANK3                       0001A4  000027  0001CB       1A4       1  BANK3       1
                bssBANK4                       000220  00004E  00026E       220       1  BANK4       1
                swtext1                        0007DB  000024  0007FF       FB6       0  CONST       2
                swtext2                        000800  000020  000820      1000       0  CONST       2
                clrtext                        000D88  000006  000D8E      1B10       0  CODE        2
                text10                         000D8E  00005F  000DED      1B1C       0  CODE        2
                text11                         000DED  000063  000E50      1BDA       0  CODE        2
                text3                          000E50  0001B0  001000      1CA0       0  CODE        2
                stringtext                     001000  0000FA  0010FA        20       0  STRCODE     2
                config                         008007  000002  008009     1000E       0  CONFIG      2


UNUSED ADDRESS RANGES

        Name                Unused          Largest block    Delta
        BANK10           00520-0056F              50           1
        BANK11           005A0-005EF              50           1
        BANK12           00620-0064F              30           1
        BANK2            0015C-0016F              14           1
        BANK3            001CB-001EF              25           1
        BANK4            0026E-0026F               2           1
        BANK5            002A0-002EF              50           1
        BANK6            00320-0036F              50           1
        BANK7            003A0-003EF              50           1
        BANK8            00420-0046F              50           1
        BANK9            004A0-004EF              50           1
        BIGRAM           02000-023EF             3F0           1
        CODE             00003-00003               1           2
                         007FF-007FF               1
                         00820-00D87             568
                         010FA-01FFF             706
        CONST            00003-00003               1           2
                         007FF-007FF               1
                         00820-00D87             100
                         010FA-01FFF             100
        ENTRY            00003-00003               1           2
                         007FF-007FF               1
                         00820-00D87             100
                         010FA-01FFF             100
        IDLOC            08000-08003               4           2
        RAM              0015C-0016F              14           1
                         001CB-001EF              25
                         0026E-0026F               2
                         002A0-002EF              50
                         00320-0036F              50
                         003A0-003EF              50
                         00420-0046F              50
                         004A0-004EF              50
                         00520-0056F              50
                         005A0-005EF              50
                         00620-0064F              30
        SFR0             00000-0001F              20           1
        SFR1             00080-0009F              20           1
        SFR10            00500-0051F              20           1
        SFR11            00580-0059F              20           1
        SFR12            00600-0061F              20           1
        SFR13            00680-006EF              70           1
        SFR14            00700-0076F              70           1
        SFR15            00780-007EF              70           1
        SFR16            00800-0086F              70           1
        SFR17            00880-008EF              70           1
        SFR18            00900-0096F              70           1
        SFR19            00980-009EF              70           1
        SFR2             00100-0011F              20           1
        SFR20            00A00-00A6F              70           1
        SFR21            00A80-00AEF              70           1
        SFR22            00B00-00B6F              70           1
        SFR23            00B80-00BEF              70           1
        SFR24            00C00-00C6F              70           1
        SFR25            00C80-00CEF              70           1
        SFR26            00D00-00D6F              70           1
        SFR27            00D80-00DEF              70           1
        SFR28            00E00-00E6F              70           1
        SFR29            00E80-00EEF              70           1
        SFR3             00180-0019F              20           1
        SFR30            00F00-00F6F              70           1
        SFR31            00F80-00FEF              70           1
        SFR4             00200-0021F              20           1
        SFR5             00280-0029F              20           1
        SFR6             00300-0031F              20           1
        SFR7             00380-0039F              20           1
        SFR8             00400-0041F              20           1
        SFR9             00480-0049F              20           1
        STRCODE          00003-00003               1           2
                         007FF-007FF               1
                         00820-00D87             568
                         010FA-01FFF             F06
        STRING           00003-00003               1           2
                         007FF-007FF               1
                         00820-00D87             100
                         010FA-01FFF             100

                                  Symbol Table

?_USBConfigureEndpoint                    cstackCOMMON 00070
?_USBEnableEndpoint                       cstackCOMMON 00074
?_USBTransferOnePacket                    cstackCOMMON 00070
?_USER_USB_CALLBACK_EVENT_HANDLER         cstackBANK0  00060
?_memset                                  cstackCOMMON 00070
?_process_level                           cstackCOMMON 00071
?_scan_task                               cstackBANK0  00061
?_set_clock_and_data                      cstackCOMMON 00070
?_store_key_level                         cstackCOMMON 0007D
APP_DeviceAudioMIDITasks@bscan            cstackBANK0  0006D
APP_DeviceAudioMIDITasks@scan_pitch       cstackBANK0  0006E
APP_DeviceAudioMIDITasks@velocity         cstackBANK0  0006F
APP_LEDUpdateUSBStatus@ledCount           bssBANK1     000E0
LED_Enable@led                            cstackCOMMON 00070
LED_Off@led                               cstackCOMMON 00070
LED_On@led                                cstackCOMMON 00070
PL220                                     text3        00F49
PL222                                     text3        00F5B
PL224                                     text26       00783
PL226                                     text3        00F6C
PL228                                     text3        00FEB
PL230                                     text3        00FF1
PL232                                     text26       00790
PL234                                     text3        00FFB
PL236                                     text26       00797
PL238                                     text26       0079F
PL240                                     text26       007A7
PL242                                     text26       007AD
PL244                                     text26       007B2
PL246                                     text26       007B8
PL248                                     text10       00DD9
PL250                                     text26       007BE
PL252                                     text10       00DE0
PL254                                     text26       007C5
PL256                                     text10       00DE7
PL258                                     text26       007CA
PL260                                     text26       007D0
PL262                                     text26       007D6
SYSTEM_Initialize@state                   cstackCOMMON 00071
USBConfigureEndpoint@EPNum                cstackCOMMON 00072
USBConfigureEndpoint@direction            cstackCOMMON 00070
USBConfigureEndpoint@handle               cstackCOMMON 00073
USBCtrlEPService@setup_cnt                cstackBANK0  0006B
USBCtrlTrfInHandler@lastDTS               cstackCOMMON 00073
USBCtrlTrfRxService@byteToRead            cstackCOMMON 00075
USBCtrlTrfRxService@i                     cstackCOMMON 00074
USBCtrlTrfTxService@byteToSend            cstackCOMMON 00070
USBDeviceInit@i                           cstackCOMMON 00075
USBDeviceInit@i_1882                      cstackCOMMON 00074
USBDeviceInit@p                           cstackCOMMON 00072
USBDeviceTasks@i                          cstackBANK0  0006D
USBEnableEndpoint@ep                      cstackCOMMON 00079
USBEnableEndpoint@options                 cstackCOMMON 00074
USBEnableEndpoint@p                       cstackCOMMON 00077
USBStdFeatureReqHandler@current_ep_data   cstackBANK0  00067
USBStdFeatureReqHandler@p                 cstackBANK0  00068
USBStdFeatureReqHandler@pUEP              cstackBANK0  00065
USBStdGetStatusHandler@p                  cstackCOMMON 00070
USBStdSetCfgHandler@i                     cstackCOMMON 0007D
USBStdSetCfgHandler@i_2210                cstackCOMMON 0007C
USBStdSetCfgHandler@p                     cstackCOMMON 0007A
USBTransferOnePacket@data                 cstackCOMMON 00071
USBTransferOnePacket@dir                  cstackCOMMON 00070
USBTransferOnePacket@ep                   cstackCOMMON 00076
USBTransferOnePacket@handle               cstackCOMMON 00077
USBTransferOnePacket@len                  cstackCOMMON 00073
USER_USB_CALLBACK_EVENT_HANDLER@event     cstackBANK0  00060
_ACTCON                                   (abs)        0039B
_ADCON0bits                               (abs)        0009D
_ADCON1bits                               (abs)        0009E
_ADCON2bits                               (abs)        0009F
_ADRESH                                   (abs)        0009C
_ANSELA                                   (abs)        0018C
_ANSELAbits                               (abs)        0018C
_ANSELCbits                               (abs)        0018E
_APP_DeviceAudioMIDIInitialize            text26       0068D
_APP_DeviceAudioMIDISOFHandler            text26       00688
_APP_DeviceAudioMIDITasks                 text26       0009D
_APP_DeviceAudioMIDITasks$417             cstackBANK0  00067
_APP_DeviceAudioMIDITasks$451             cstackBANK0  00069
_APP_DeviceAudioMIDITasks$452             cstackBANK0  0006B
_APP_LEDUpdateUSBStatus                   text26       00008
_BDT                                      (abs)        00020
_BLEDeviceInit                            text26       0009A
_BothEP0OutUOWNsSet                       bssBANK2     00155
_CtrlTrfData                              (abs)        00048
_INTCONbits                               (abs)        0000B
_LATCbits                                 (abs)        0010E
_LED_Enable                               text26       003A1
_LED_Off                                  text26       00375
_LED_On                                   text26       0038B
_OPTION_REGbits                           (abs)        00095
_OSCCON                                   (abs)        00099
_PIE1bits                                 (abs)        00091
_PIE2bits                                 (abs)        00092
_PIN_MANAGER_Initialize                   text26       00167
_PIR2bits                                 (abs)        00012
_ReceivedDataBuffer                       (abs)        000A0
_RemoteWakeup                             bssBANK2     00156
_SPI_Initialize                           text26       003B7
_SSP1CON1                                 (abs)        00215
_SSP1CON3                                 (abs)        00217
_SSP1STAT                                 (abs)        00214
_SYSTEM_Initialize                        text26       00086
_SYS_InterruptHigh                        intentry     00004
_SetupPkt                                 (abs)        00040
_TMR0                                     (abs)        00015
_TRISAbits                                (abs)        0008C
_TRISBbits                                (abs)        0008D
_TRISCbits                                (abs)        0008E
_UADDR                                    (abs)        00E96
_UCFG                                     (abs)        00E91
_UCON                                     (abs)        00E8E
_UCONbits                                 (abs)        00E8E
_UEIE                                     (abs)        00E97
_UEIR                                     (abs)        00E93
_UEP0                                     (abs)        00E98
_UEP0bits                                 (abs)        00E98
_UEP1                                     (abs)        00E99
_UIE                                      (abs)        00E92
_UIEbits                                  (abs)        00E92
_UIR                                      (abs)        00E90
_UIRbits                                  (abs)        00E90
_USBActiveConfiguration                   bssBANK0     0005E
_USBAlternateInterface                    bssBANK1     000EF
_USBBusIsSuspended                        bssBANK2     00157
_USBCheckStdRequest                       text26       00712
_USBConfigureEndpoint                     text26       006C3
_USBCtrlEPAllowDataStage                  text3        00EDE
_USBCtrlEPAllowStatusStage                text26       005F8
_USBCtrlEPService                         text26       00639
_USBCtrlEPServiceComplete                 text3        00E9F
_USBCtrlTrfInHandler                      text3        00E50
_USBCtrlTrfOutHandler                     text3        00F71
_USBCtrlTrfRxService                      text3        00F8E
_USBCtrlTrfSetupHandler                   text26       006EA
_USBCtrlTrfTxService                      text3        00F16
_USBDeferINDataStagePackets               bssBANK1     000E2
_USBDeferOUTDataStagePackets              bssBANK1     000E3
_USBDeferStatusStagePacket                bssBANK0     00052
_USBDeviceInit                            text26       00546
_USBDeviceState                           bssBANK0     00053
_USBDeviceTasks                           text26       00474
_USBEnableEndpoint                        text26       006A4
_USBIncrement1msInternalTimers            text26       005D5
_USBRxHandle                              bssBANK0     00054
_USBStallHandler                          text26       005DD
_USBStatusStageEnabledFlag1               bssBANK1     000E4
_USBStatusStageEnabledFlag2               bssBANK1     000E5
_USBStatusStageTimeoutCounter             bssBANK1     000E6
_USBStdFeatureReqHandler                  text26       003BD
_USBStdGetDscHandler                      text10       00D8E
_USBStdGetStatusHandler                   text26       0074B
_USBStdSetCfgHandler                      text11       00DED
_USBSuspend                               text26       005CA
_USBTicksSinceSuspendEnd                  bssBANK2     00158
_USBTransferOnePacket                     text26       0012E
_USBTxHandle                              bssBANK1     000E7
_USBWakeFromSuspend                       text26       005B9
_USB_CD_Ptr                               stringtext   0102E
_USB_SD_Ptr                               stringtext   01028
_USER_USB_CALLBACK_EVENT_HANDLER          text26       00519
_USTAT                                    (abs)        00E8F
_USTATcopy                                bssBANK0     0005F
__CFG_BOREN$ON                            (abs)        00000
__CFG_BORV$LO                             (abs)        00000
__CFG_CLKOUTEN$OFF                        (abs)        00000
__CFG_CP$OFF                              (abs)        00000
__CFG_CPUDIV$NOCLKDIV                     (abs)        00000
__CFG_FCMEN$OFF                           (abs)        00000
__CFG_FOSC$INTOSC                         (abs)        00000
__CFG_IESO$OFF                            (abs)        00000
__CFG_LPBOR$OFF                           (abs)        00000
__CFG_LVP$OFF                             (abs)        00000
__CFG_MCLRE$ON                            (abs)        00000
__CFG_PLLEN$ENABLED                       (abs)        00000
__CFG_PLLMULT$3x                          (abs)        00000
__CFG_PWRTE$OFF                           (abs)        00000
__CFG_STVREN$ON                           (abs)        00000
__CFG_USBLSCLK$48MHz                      (abs)        00000
__CFG_WDTE$OFF                            (abs)        00000
__CFG_WRT$OFF                             (abs)        00000
__Habs1                                   abs1         00000
__Hbank0                                  bank0        00000
__Hbank1                                  bank1        00000
__Hbank10                                 bank10       00000
__Hbank11                                 bank11       00000
__Hbank12                                 bank12       00000
__Hbank13                                 bank13       00000
__Hbank14                                 bank14       00000
__Hbank15                                 bank15       00000
__Hbank16                                 bank16       00000
__Hbank17                                 bank17       00000
__Hbank18                                 bank18       00000
__Hbank19                                 bank19       00000
__Hbank2                                  bank2        00000
__Hbank20                                 bank20       00000
__Hbank21                                 bank21       00000
__Hbank22                                 bank22       00000
__Hbank23                                 bank23       00000
__Hbank24                                 bank24       00000
__Hbank25                                 bank25       00000
__Hbank26                                 bank26       00000
__Hbank27                                 bank27       00000
__Hbank28                                 bank28       00000
__Hbank29                                 bank29       00000
__Hbank3                                  bank3        00000
__Hbank30                                 bank30       00000
__Hbank31                                 bank31       00000
__Hbank4                                  bank4        00000
__Hbank5                                  bank5        00000
__Hbank6                                  bank6        00000
__Hbank7                                  bank7        00000
__Hbank8                                  bank8        00000
__Hbank9                                  bank9        00000
__Hbigram                                 bigram       00000
__HbssBANK0                               bssBANK0     00000
__HbssBANK1                               bssBANK1     00000
__HbssBANK2                               bssBANK2     00000
__HbssBANK3                               bssBANK3     00000
__HbssBANK4                               bssBANK4     00000
__Hcinit                                  cinit        00000
__Hclrtext                                clrtext      00000
__Hcode                                   code         00000
__Hcommon                                 common       00000
__Hconfig                                 config       08009
__HcstackBANK0                            cstackBANK0  00000
__HcstackCOMMON                           cstackCOMMON 00000
__Heeprom_data                            eeprom_data  00000
__Hend_init                               end_init     00008
__Hfunctab                                functab      00000
__Hidloc                                  idloc        00000
__Hinit                                   init         00006
__Hintentry                               intentry     00006
__Hmaintext                               maintext     00000
__Hpa_nodes                               pa_nodes     00000
__Hpowerup                                powerup      00000
__Hram                                    ram          00000
__Hreset_vec                              reset_vec    00003
__Hsfr0                                   sfr0         00000
__Hsfr1                                   sfr1         00000
__Hsfr10                                  sfr10        00000
__Hsfr11                                  sfr11        00000
__Hsfr12                                  sfr12        00000
__Hsfr13                                  sfr13        00000
__Hsfr14                                  sfr14        00000
__Hsfr15                                  sfr15        00000
__Hsfr16                                  sfr16        00000
__Hsfr17                                  sfr17        00000
__Hsfr18                                  sfr18        00000
__Hsfr19                                  sfr19        00000
__Hsfr2                                   sfr2         00000
__Hsfr20                                  sfr20        00000
__Hsfr21                                  sfr21        00000
__Hsfr22                                  sfr22        00000
__Hsfr23                                  sfr23        00000
__Hsfr24                                  sfr24        00000
__Hsfr25                                  sfr25        00000
__Hsfr26                                  sfr26        00000
__Hsfr27                                  sfr27        00000
__Hsfr28                                  sfr28        00000
__Hsfr29                                  sfr29        00000
__Hsfr3                                   sfr3         00000
__Hsfr30                                  sfr30        00000
__Hsfr31                                  sfr31        00000
__Hsfr4                                   sfr4         00000
__Hsfr5                                   sfr5         00000
__Hsfr6                                   sfr6         00000
__Hsfr7                                   sfr7         00000
__Hsfr8                                   sfr8         00000
__Hsfr9                                   sfr9         00000
__Hstrings                                strings      00000
__Hstringtext                             stringtext   00000
__Htext                                   text         00000
__Labs1                                   abs1         00000
__Lbank0                                  bank0        00000
__Lbank1                                  bank1        00000
__Lbank10                                 bank10       00000
__Lbank11                                 bank11       00000
__Lbank12                                 bank12       00000
__Lbank13                                 bank13       00000
__Lbank14                                 bank14       00000
__Lbank15                                 bank15       00000
__Lbank16                                 bank16       00000
__Lbank17                                 bank17       00000
__Lbank18                                 bank18       00000
__Lbank19                                 bank19       00000
__Lbank2                                  bank2        00000
__Lbank20                                 bank20       00000
__Lbank21                                 bank21       00000
__Lbank22                                 bank22       00000
__Lbank23                                 bank23       00000
__Lbank24                                 bank24       00000
__Lbank25                                 bank25       00000
__Lbank26                                 bank26       00000
__Lbank27                                 bank27       00000
__Lbank28                                 bank28       00000
__Lbank29                                 bank29       00000
__Lbank3                                  bank3        00000
__Lbank30                                 bank30       00000
__Lbank31                                 bank31       00000
__Lbank4                                  bank4        00000
__Lbank5                                  bank5        00000
__Lbank6                                  bank6        00000
__Lbank7                                  bank7        00000
__Lbank8                                  bank8        00000
__Lbank9                                  bank9        00000
__Lbigram                                 bigram       00000
__LbssBANK0                               bssBANK0     00000
__LbssBANK1                               bssBANK1     00000
__LbssBANK2                               bssBANK2     00000
__LbssBANK3                               bssBANK3     00000
__LbssBANK4                               bssBANK4     00000
__Lcinit                                  cinit        00000
__Lclrtext                                clrtext      00000
__Lcode                                   code         00000
__Lcommon                                 common       00000
__Lconfig                                 config       08007
__LcstackBANK0                            cstackBANK0  00000
__LcstackCOMMON                           cstackCOMMON 00000
__Leeprom_data                            eeprom_data  00000
__Lend_init                               end_init     00006
__Lfunctab                                functab      00000
__Lidloc                                  idloc        00000
__Linit                                   init         00006
__Lintentry                               intentry     00004
__Lmaintext                               maintext     00000
__Lpa_nodes                               pa_nodes     00000
__Lpowerup                                powerup      00000
__Lram                                    ram          00000
__Lreset_vec                              reset_vec    00000
__Lsfr0                                   sfr0         00000
__Lsfr1                                   sfr1         00000
__Lsfr10                                  sfr10        00000
__Lsfr11                                  sfr11        00000
__Lsfr12                                  sfr12        00000
__Lsfr13                                  sfr13        00000
__Lsfr14                                  sfr14        00000
__Lsfr15                                  sfr15        00000
__Lsfr16                                  sfr16        00000
__Lsfr17                                  sfr17        00000
__Lsfr18                                  sfr18        00000
__Lsfr19                                  sfr19        00000
__Lsfr2                                   sfr2         00000
__Lsfr20                                  sfr20        00000
__Lsfr21                                  sfr21        00000
__Lsfr22                                  sfr22        00000
__Lsfr23                                  sfr23        00000
__Lsfr24                                  sfr24        00000
__Lsfr25                                  sfr25        00000
__Lsfr26                                  sfr26        00000
__Lsfr27                                  sfr27        00000
__Lsfr28                                  sfr28        00000
__Lsfr29                                  sfr29        00000
__Lsfr3                                   sfr3         00000
__Lsfr30                                  sfr30        00000
__Lsfr31                                  sfr31        00000
__Lsfr4                                   sfr4         00000
__Lsfr5                                   sfr5         00000
__Lsfr6                                   sfr6         00000
__Lsfr7                                   sfr7         00000
__Lsfr8                                   sfr8         00000
__Lsfr9                                   sfr9         00000
__Lstrings                                strings      00000
__Lstringtext                             stringtext   00000
__Ltext                                   text         00000
__S0                                      (abs)        08009
__S1                                      (abs)        0026E
___latbits                                (abs)        00002
__end_ofPL220                             text3        00F5B
__end_ofPL222                             text3        00F6C
__end_ofPL224                             text26       00790
__end_ofPL226                             text3        00F71
__end_ofPL228                             text3        00FF1
__end_ofPL230                             text3        00FFB
__end_ofPL232                             text26       00797
__end_ofPL234                             text3        01000
__end_ofPL236                             text26       0079F
__end_ofPL238                             text26       007A7
__end_ofPL240                             text26       007AD
__end_ofPL242                             text26       007B2
__end_ofPL244                             text26       007B8
__end_ofPL246                             text26       007BE
__end_ofPL248                             text10       00DE0
__end_ofPL250                             text26       007C5
__end_ofPL252                             text10       00DE7
__end_ofPL254                             text26       007CA
__end_ofPL256                             text10       00DED
__end_ofPL258                             text26       007D0
__end_ofPL260                             text26       007D6
__end_ofPL262                             text26       007DB
__end_of_APP_DeviceAudioMIDIInitialize    text26       006A4
__end_of_APP_DeviceAudioMIDISOFHandler    text26       0068D
__end_of_APP_DeviceAudioMIDITasks         text26       0012E
__end_of_APP_LEDUpdateUSBStatus           text26       0004A
__end_of_BLEDeviceInit                    text26       0009D
__end_of_LED_Enable                       text26       003B7
__end_of_LED_Off                          text26       0038B
__end_of_LED_On                           text26       003A1
__end_of_PIN_MANAGER_Initialize           text26       0016E
__end_of_SPI_Initialize                   text26       003BD
__end_of_SYSTEM_Initialize                text26       0009A
__end_of_SYS_InterruptHigh                intentry     00006
__end_of_USBCheckStdRequest               text26       0074B
__end_of_USBConfigureEndpoint             text26       006EA
__end_of_USBCtrlEPAllowDataStage          text3        00F16
__end_of_USBCtrlEPAllowStatusStage        text26       00639
__end_of_USBCtrlEPService                 text26       00688
__end_of_USBCtrlEPServiceComplete         text3        00EDE
__end_of_USBCtrlTrfInHandler              text3        00E9F
__end_of_USBCtrlTrfOutHandler             text3        00F8E
__end_of_USBCtrlTrfRxService              text3        00FEB
__end_of_USBCtrlTrfSetupHandler           text26       00712
__end_of_USBCtrlTrfTxService              text3        00F49
__end_of_USBDeviceInit                    text26       005B9
__end_of_USBDeviceTasks                   text26       00519
__end_of_USBEnableEndpoint                text26       006C3
__end_of_USBIncrement1msInternalTimers    text26       005DD
__end_of_USBStallHandler                  text26       005F8
__end_of_USBStdFeatureReqHandler          text26       00474
__end_of_USBStdGetDscHandler              text10       00DD9
__end_of_USBStdGetStatusHandler           text26       00783
__end_of_USBStdSetCfgHandler              text11       00E3E
__end_of_USBSuspend                       text26       005D5
__end_of_USBTransferOnePacket             text26       00167
__end_of_USBWakeFromSuspend               text26       005CA
__end_of_USB_CD_Ptr                       stringtext   01030
__end_of_USB_SD_Ptr                       stringtext   0102E
__end_of_USER_USB_CALLBACK_EVENT_HANDLER  text26       00546
__end_of__initialization                  text26       00072
__end_of__stringtab                       stringtext   01001
__end_of_configDescriptor1                stringtext   01095
__end_of_device_dsc                       stringtext   010F5
__end_of_get_adc                          text34       00000
__end_of_get_data                         text38       00000
__end_of_is_adc_ready                     text35       00000
__end_of_is_end_of_scan                   text37       00000
__end_of_main                             text26       00086
__end_of_memset                           text11       00E50
__end_of_process_level                    text31       00000
__end_of_run_adc                          text36       00000
__end_of_scan_init                        text26       00375
__end_of_scan_task                        text26       00359
__end_of_sd000                            stringtext   010F9
__end_of_sd001                            stringtext   010C9
__end_of_sd002                            stringtext   010E3
__end_of_set_clock_and_data               text39       00000
__end_of_set_timer                        text41       00000
__end_of_store_key_level                  text30       00000
__end_of_waiting_for_timer                text40       00000
__end_ofprocess_level@idx_midi_map        stringtext   01028
__end_ofprocess_level@midi_shift          stringtext   010FA
__initialization                          text26       0004A
__pbssBANK0                               bssBANK0     00050
__pbssBANK1                               bssBANK1     000E0
__pbssBANK2                               bssBANK2     00120
__pbssBANK3                               bssBANK3     001A4
__pbssBANK4                               bssBANK4     00220
__pcstackBANK0                            cstackBANK0  00060
__pcstackCOMMON                           cstackCOMMON 00070
__pintentry                               intentry     00004
__pmaintext                               text26       00074
__pstringtext                             stringtext   01000
__pswtext1                                swtext1      007DB
__pswtext2                                swtext2      00800
__pswtext3                                swtext3      007F5
__pswtext4                                swtext4      0080C
__pswtext5                                swtext5      00816
__ptext1                                  text26       00474
__ptext10                                 text10       00D8E
__ptext11                                 text11       00DED
__ptext12                                 text11       00E3E
__ptext13                                 text3        00E9F
__ptext14                                 text3        00EDE
__ptext15                                 text3        00F16
__ptext16                                 text26       005F8
__ptext17                                 text26       005DD
__ptext18                                 text26       005D5
__ptext19                                 text26       005CA
__ptext2                                  text26       00639
__ptext20                                 text26       005B9
__ptext21                                 text26       00519
__ptext22                                 text26       0068D
__ptext23                                 text26       006A4
__ptext24                                 text26       006C3
__ptext25                                 text26       00688
__ptext26                                 text26       00008
__ptext27                                 text26       00546
__ptext28                                 text26       0009D
__ptext29                                 text26       0016E
__ptext3                                  text3        00E50
__ptext30                                 text30       00000
__ptext31                                 text31       00000
__ptext32                                 text26       0038B
__ptext33                                 text26       00375
__ptext34                                 text34       00000
__ptext35                                 text35       00000
__ptext36                                 text36       00000
__ptext37                                 text37       00000
__ptext38                                 text38       00000
__ptext39                                 text39       00000
__ptext4                                  text3        00F71
__ptext40                                 text40       00000
__ptext41                                 text41       00000
__ptext42                                 text26       00359
__ptext43                                 text26       0012E
__ptext44                                 text26       0009A
__ptext45                                 text26       003B7
__ptext46                                 text26       00167
__ptext47                                 text26       00086
__ptext48                                 text26       003A1
__ptext5                                  text3        00F8E
__ptext6                                  text26       006EA
__ptext7                                  text26       00712
__ptext8                                  text26       003BD
__ptext9                                  text26       0074B
__size_of_APP_DeviceAudioMIDIInitialize   (abs)        00000
__size_of_APP_DeviceAudioMIDISOFHandler   (abs)        00000
__size_of_APP_DeviceAudioMIDITasks        (abs)        00000
__size_of_APP_LEDUpdateUSBStatus          (abs)        00000
__size_of_BLEDeviceInit                   (abs)        00000
__size_of_LED_Enable                      (abs)        00000
__size_of_LED_Off                         (abs)        00000
__size_of_LED_On                          (abs)        00000
__size_of_PIN_MANAGER_Initialize          (abs)        00000
__size_of_SPI_Initialize                  (abs)        00000
__size_of_SYSTEM_Initialize               (abs)        00000
__size_of_SYS_InterruptHigh               (abs)        00000
__size_of_USBCheckStdRequest              (abs)        00000
__size_of_USBConfigureEndpoint            (abs)        00000
__size_of_USBCtrlEPAllowDataStage         (abs)        00000
__size_of_USBCtrlEPAllowStatusStage       (abs)        00000
__size_of_USBCtrlEPService                (abs)        00000
__size_of_USBCtrlEPServiceComplete        (abs)        00000
__size_of_USBCtrlTrfInHandler             (abs)        00000
__size_of_USBCtrlTrfOutHandler            (abs)        00000
__size_of_USBCtrlTrfRxService             (abs)        00000
__size_of_USBCtrlTrfSetupHandler          (abs)        00000
__size_of_USBCtrlTrfTxService             (abs)        00000
__size_of_USBDeviceInit                   (abs)        00000
__size_of_USBDeviceTasks                  (abs)        00000
__size_of_USBEnableEndpoint               (abs)        00000
__size_of_USBIncrement1msInternalTimers   (abs)        00000
__size_of_USBStallHandler                 (abs)        00000
__size_of_USBStdFeatureReqHandler         (abs)        00000
__size_of_USBStdGetDscHandler             (abs)        00000
__size_of_USBStdGetStatusHandler          (abs)        00000
__size_of_USBStdSetCfgHandler             (abs)        00000
__size_of_USBSuspend                      (abs)        00000
__size_of_USBTransferOnePacket            (abs)        00000
__size_of_USBWakeFromSuspend              (abs)        00000
__size_of_USER_USB_CALLBACK_EVENT_HANDLER (abs)        00000
__size_of_get_adc                         (abs)        00000
__size_of_get_data                        (abs)        00000
__size_of_is_adc_ready                    (abs)        00000
__size_of_is_end_of_scan                  (abs)        00000
__size_of_main                            (abs)        00000
__size_of_memset                          (abs)        00000
__size_of_process_level                   (abs)        00000
__size_of_run_adc                         (abs)        00000
__size_of_scan_init                       (abs)        00000
__size_of_scan_task                       (abs)        00000
__size_of_set_clock_and_data              (abs)        00000
__size_of_set_timer                       (abs)        00000
__size_of_store_key_level                 (abs)        00000
__size_of_waiting_for_timer               (abs)        00000
__stringtab                               stringtext   01000
_adc_levels                               bssBANK4     00220
_configDescriptor1                        stringtext   01030
_controlTransferState                     bssBANK0     00055
_device_dsc                               stringtext   010E3
_endpoint_number                          bssBANK1     000E8
_ep_data_in                               bssBANK2     0014D
_ep_data_out                              bssBANK2     0014F
_get_adc                                  text34       00000
_get_data                                 text38       00000
_inPipes                                  bssBANK0     00059
_inlined$_get_adc                         (abs)        00001
_inlined$_get_data                        (abs)        00001
_inlined$_is_adc_ready                    (abs)        00001
_inlined$_is_end_of_scan                  (abs)        00001
_inlined$_process_level                   (abs)        00001
_inlined$_run_adc                         (abs)        00001
_inlined$_set_clock_and_data              (abs)        00001
_inlined$_set_timer                       (abs)        00001
_inlined$_store_key_level                 (abs)        00001
_inlined$_waiting_for_timer               (abs)        00001
_is_adc_ready                             text35       00000
_is_end_of_scan                           text37       00000
_is_initialized                           bssBANK2     00159
_main                                     text26       00074
_memset                                   text11       00E3E
_midiData                                 (abs)        001A0
_msCounter                                bssBANK1     000E9
_note_event                               bssBANK2     00151
_outPipes                                 bssBANK2     00147
_pBDTEntryEP0OutCurrent                   bssBANK0     00056
_pBDTEntryEP0OutNext                      bssBANK0     00057
_pBDTEntryIn                              bssBANK0     00050
_pBDTEntryOut                             bssBANK2     00153
_pDst                                     bssBANK1     000EA
_pitch                                    bssBANK1     000EB
_process_level                            text31       00000
_process_level$847                        cstackCOMMON 00077
_process_level$848                        cstackCOMMON 00078
_run_adc                                  text36       00000
_scan_init                                text26       00359
_scan_task                                text26       0016E
_scan_task$858                            cstackBANK0  00062
_scan_task$859                            cstackBANK0  00064
_sd000                                    stringtext   010F5
_sd001                                    stringtext   01095
_sd002                                    stringtext   010C9
_sentNoteOff                              bssBANK1     000EC
_set_clock_and_data                       text39       00000
_set_timer                                text41       00000
_shortPacketStatus                        bssBANK1     000ED
_store_key_level                          text30       00000
_wait_timer                               bssBANK2     0015A
_waiting_for_timer                        text40       00000
_waiting_for_timer$810                    cstackCOMMON 00070
btemp                                     (abs)        0007E
clear_ram0                                clrtext      00D88
end_of_initialization                     text26       00072
intlevel0                                 functab      00000
intlevel1                                 functab      00000
intlevel2                                 functab      00000
intlevel3                                 functab      00000
intlevel4                                 functab      00000
intlevel5                                 functab      00000
is_end_of_scan@res                        cstackCOMMON 00070
is_end_of_scan@scan_counter               bssBANK1     000EE
memset@c                                  cstackCOMMON 00070
memset@n                                  cstackCOMMON 00072
memset@p                                  cstackCOMMON 00075
memset@p1                                 cstackCOMMON 00074
process_level@current_state               cstackCOMMON 00074
process_level@filtered_state              cstackCOMMON 0007B
process_level@idx_key                     cstackCOMMON 0007C
process_level@idx_midi_map                stringtext   01001
process_level@key_off_counter             bssBANK3     001A4
process_level@key_on_counter              bssBANK4     00247
process_level@key_states                  bssBANK2     00120
process_level@new_level                   cstackCOMMON 00072
process_level@off_flag                    cstackCOMMON 00076
process_level@old_level                   cstackCOMMON 00071
process_level@on_flag                     cstackCOMMON 0007A
reset_vec                                 reset_vec    00000
scan_task@note                            cstackBANK0  00066
scan_task@state                           bssBANK2     0015B
scan_task@velocity                        cstackBANK0  00061
set_clock_and_data@c                      cstackCOMMON 00072
set_clock_and_data@d                      cstackCOMMON 00070
start                                     init         00006
start_initialization                      text26       0004A
store_key_level@end_of_scan               cstackCOMMON 0007D
store_key_level@idx_key                   bssBANK0     00058
store_key_level@level                     cstackBANK0  00060
wtemp0                                    (abs)        0007E


FUNCTION INFORMATION:

 *************** function _main *****************
 Defined at:
		line 35 in file "../src/main.c"
 Parameters:    Size  Location     Type
		None
 Auto vars:     Size  Location     Type
		None
 Return value:  Size  Location     Type
		None               void
 Registers used:
		wreg, fsr0l, fsr0h, fsr1l, fsr1h, fsr1l, fsr1h, status,2, status,0, btemp+1, pclath, cstack
 Tracked objects:
		On entry : 
		On exit  : 
		Unchanged: 
 Data sizes:     COMMON   BANK0   BANK1   BANK2   BANK3   BANK4   BANK5   BANK6   BANK7   BANK8   BANK9  BANK10  BANK11  BANK12
      Params:         0       0       0       0       0       0       0       0       0       0       0       0       0       0
      Locals:         0       0       0       0       0       0       0       0       0       0       0       0       0       0
      Temps:          0       0       0       0       0       0       0       0       0       0       0       0       0       0
      Totals:         0       0       0       0       0       0       0       0       0       0       0       0       0       0
Total ram usage:        0 bytes
 Hardware stack levels required when called:   10
 This function calls:
		_SYSTEM_Initialize
		_USBDeviceInit
		_BLEDeviceInit
		_APP_DeviceAudioMIDITasks
		_USBDeviceTasks
 This function is called by:
		Startup code after reset
 This function uses a non-reentrant model


 *************** function _USBDeviceTasks *****************
 Defined at:
		line 497 in file "../framework/usb/usb_device.c"
 Parameters:    Size  Location     Type
		None
 Auto vars:     Size  Location     Type
  i               1   13[BANK0 ] unsigned char 
 Return value:  Size  Location     Type
		None               void
 Registers used:
		wreg, fsr0l, fsr0h, fsr1l, fsr1h, fsr1l, fsr1h, status,2, status,0, btemp+1, pclath, cstack
 Tracked objects:
		On entry : 
		On exit  : 
		Unchanged: 
 Data sizes:     COMMON   BANK0   BANK1   BANK2   BANK3   BANK4   BANK5   BANK6   BANK7   BANK8   BANK9  BANK10  BANK11  BANK12
      Params:         0       0       0       0       0       0       0       0       0       0       0       0       0       0
      Locals:         0       1       0       0       0       0       0       0       0       0       0       0       0       0
      Temps:          0       1       0       0       0       0       0       0       0       0       0       0       0       0
      Totals:         0       2       0       0       0       0       0       0       0       0       0       0       0       0
Total ram usage:        2 bytes
 Hardware stack levels used:    1
 Hardware stack levels required when called:    9
 This function calls:
		_USBDeviceInit
		_USER_USB_CALLBACK_EVENT_HANDLER
		_USBWakeFromSuspend
		_USBSuspend
		_USBIncrement1msInternalTimers
		_USBCtrlEPAllowStatusStage
		_USBStallHandler
		_USBCtrlEPService
 This function is called by:
		_main
 This function uses a non-reentrant model


 *************** function _USBCtrlEPService *****************
 Defined at:
		line 2392 in file "../framework/usb/usb_device.c"
 Parameters:    Size  Location     Type
		None
 Auto vars:     Size  Location     Type
  setup_cnt       1   11[BANK0 ] unsigned char 
 Return value:  Size  Location     Type
		None               void
 Registers used:
		wreg, fsr0l, fsr0h, fsr1l, fsr1h, fsr1l, fsr1h, status,2, status,0, btemp+1, pclath, cstack
 Tracked objects:
		On entry : 
		On exit  : 
		Unchanged: 
 Data sizes:     COMMON   BANK0   BANK1   BANK2   BANK3   BANK4   BANK5   BANK6   BANK7   BANK8   BANK9  BANK10  BANK11  BANK12
      Params:         0       0       0       0       0       0       0       0       0       0       0       0       0       0
      Locals:         0       1       0       0       0       0       0       0       0       0       0       0       0       0
      Temps:          0       2       0       0       0       0       0       0       0       0       0       0       0       0
      Totals:         0       3       0       0       0       0       0       0       0       0       0       0       0       0
Total ram usage:        3 bytes
 Hardware stack levels used:    1
 Hardware stack levels required when called:    8
 This function calls:
		_USBCtrlTrfSetupHandler
		_USBCtrlTrfOutHandler
		_USBCtrlTrfInHandler
 This function is called by:
		_USBDeviceTasks
 This function uses a non-reentrant model


 *************** function _USBCtrlTrfInHandler *****************
 Defined at:
		line 2618 in file "../framework/usb/usb_device.c"
 Parameters:    Size  Location     Type
		None
 Auto vars:     Size  Location     Type
  lastDTS         1    3[COMMON] unsigned char 
 Return value:  Size  Location     Type
		None               void
 Registers used:
		wreg, fsr0l, fsr0h, fsr1l, fsr1h, status,2, status,0, pclath, cstack
 Tracked objects:
		On entry : 
		On exit  : 
		Unchanged: 
 Data sizes:     COMMON   BANK0   BANK1   BANK2   BANK3   BANK4   BANK5   BANK6   BANK7   BANK8   BANK9  BANK10  BANK11  BANK12
      Params:         0       0       0       0       0       0       0       0       0       0       0       0       0       0
      Locals:         1       0       0       0       0       0       0       0       0       0       0       0       0       0
      Temps:          2       0       0       0       0       0       0       0       0       0       0       0       0       0
      Totals:         3       0       0       0       0       0       0       0       0       0       0       0       0       0
Total ram usage:        3 bytes
 Hardware stack levels used:    1
 Hardware stack levels required when called:    2
 This function calls:
		_USBCtrlTrfTxService
 This function is called by:
		_USBCtrlEPService
 This function uses a non-reentrant model


 *************** function _USBCtrlTrfOutHandler *****************
 Defined at:
		line 2564 in file "../framework/usb/usb_device.c"
 Parameters:    Size  Location     Type
		None
 Auto vars:     Size  Location     Type
		None
 Return value:  Size  Location     Type
		None               void
 Registers used:
		wreg, fsr0l, fsr0h, fsr1l, fsr1h, status,2, status,0, pclath, cstack
 Tracked objects:
		On entry : 
		On exit  : 
		Unchanged: 
 Data sizes:     COMMON   BANK0   BANK1   BANK2   BANK3   BANK4   BANK5   BANK6   BANK7   BANK8   BANK9  BANK10  BANK11  BANK12
      Params:         0       0       0       0       0       0       0       0       0       0       0       0       0       0
      Locals:         0       0       0       0       0       0       0       0       0       0       0       0       0       0
      Temps:          2       0       0       0       0       0       0       0       0       0       0       0       0       0
      Totals:         2       0       0       0       0       0       0       0       0       0       0       0       0       0
Total ram usage:        2 bytes
 Hardware stack levels used:    1
 Hardware stack levels required when called:    3
 This function calls:
		_USBCtrlTrfRxService
 This function is called by:
		_USBCtrlEPService
 This function uses a non-reentrant model


 *************** function _USBCtrlTrfRxService *****************
 Defined at:
		line 1872 in file "../framework/usb/usb_device.c"
 Parameters:    Size  Location     Type
		None
 Auto vars:     Size  Location     Type
  byteToRead      1    5[COMMON] unsigned char 
  i               1    4[COMMON] unsigned char 
 Return value:  Size  Location     Type
		None               void
 Registers used:
		wreg, fsr0l, fsr0h, fsr1l, fsr1h, status,2, status,0, pclath, cstack
 Tracked objects:
		On entry : 
		On exit  : 
		Unchanged: 
 Data sizes:     COMMON   BANK0   BANK1   BANK2   BANK3   BANK4   BANK5   BANK6   BANK7   BANK8   BANK9  BANK10  BANK11  BANK12
      Params:         0       0       0       0       0       0       0       0       0       0       0       0       0       0
      Locals:         2       0       0       0       0       0       0       0       0       0       0       0       0       0
      Temps:          2       0       0       0       0       0       0       0       0       0       0       0       0       0
      Totals:         4       0       0       0       0       0       0       0       0       0       0       0       0       0
Total ram usage:        4 bytes
 Hardware stack levels used:    1
 Hardware stack levels required when called:    2
 This function calls:
		_USBCtrlEPAllowStatusStage
 This function is called by:
		_USBCtrlTrfOutHandler
 This function uses a non-reentrant model


 *************** function _USBCtrlTrfSetupHandler *****************
 Defined at:
		line 2492 in file "../framework/usb/usb_device.c"
 Parameters:    Size  Location     Type
		None
 Auto vars:     Size  Location     Type
		None
 Return value:  Size  Location     Type
		None               void
 Registers used:
		wreg, fsr0l, fsr0h, fsr1l, fsr1h, fsr1l, fsr1h, status,2, status,0, btemp+1, pclath, cstack
 Tracked objects:
		On entry : 
		On exit  : 
		Unchanged: 
 Data sizes:     COMMON   BANK0   BANK1   BANK2   BANK3   BANK4   BANK5   BANK6   BANK7   BANK8   BANK9  BANK10  BANK11  BANK12
      Params:         0       0       0       0       0       0       0       0       0       0       0       0       0       0
      Locals:         0       0       0       0       0       0       0       0       0       0       0       0       0       0
      Temps:          0       0       0       0       0       0       0       0       0       0       0       0       0       0
      Totals:         0       0       0       0       0       0       0       0       0       0       0       0       0       0
Total ram usage:        0 bytes
 Hardware stack levels used:    1
 Hardware stack levels required when called:    7
 This function calls:
		_USER_USB_CALLBACK_EVENT_HANDLER
		_USBCtrlEPServiceComplete
		_USBCheckStdRequest
 This function is called by:
		_USBCtrlEPService
 This function uses a non-reentrant model


 *************** function _USBCheckStdRequest *****************
 Defined at:
		line 2712 in file "../framework/usb/usb_device.c"
 Parameters:    Size  Location     Type
		None
 Auto vars:     Size  Location     Type
		None
 Return value:  Size  Location     Type
		None               void
 Registers used:
		wreg, fsr0l, fsr0h, fsr1l, fsr1h, fsr1l, fsr1h, status,2, status,0, btemp+1, pclath, cstack
 Tracked objects:
		On entry : 
		On exit  : 
		Unchanged: 
 Data sizes:     COMMON   BANK0   BANK1   BANK2   BANK3   BANK4   BANK5   BANK6   BANK7   BANK8   BANK9  BANK10  BANK11  BANK12
      Params:         0       0       0       0       0       0       0       0       0       0       0       0       0       0
      Locals:         0       0       0       0       0       0       0       0       0       0       0       0       0       0
      Temps:          0       0       0       0       0       0       0       0       0       0       0       0       0       0
      Totals:         0       0       0       0       0       0       0       0       0       0       0       0       0       0
Total ram usage:        0 bytes
 Hardware stack levels used:    1
 Hardware stack levels required when called:    6
 This function calls:
		_USER_USB_CALLBACK_EVENT_HANDLER
		_USBStdSetCfgHandler
		_USBStdGetDscHandler
		_USBStdGetStatusHandler
		_USBStdFeatureReqHandler
 This function is called by:
		_USBCtrlTrfSetupHandler
 This function uses a non-reentrant model


 *************** function _USBStdFeatureReqHandler *****************
 Defined at:
		line 2780 in file "../framework/usb/usb_device.c"
 Parameters:    Size  Location     Type
		None
 Auto vars:     Size  Location     Type
  pUEP            2    5[BANK0 ] PTR unsigned char 
		 -> UEP0(1), 
  p               1    8[BANK0 ] PTR struct __BDT
		 -> BDT(32), NULL(0), 
  current_ep_d    1    7[BANK0 ] struct .
 Return value:  Size  Location     Type
		None               void
 Registers used:
		wreg, fsr0l, fsr0h, fsr1l, fsr1h, fsr1l, fsr1h, status,2, status,0, btemp+1, pclath, cstack
 Tracked objects:
		On entry : 
		On exit  : 
		Unchanged: 
 Data sizes:     COMMON   BANK0   BANK1   BANK2   BANK3   BANK4   BANK5   BANK6   BANK7   BANK8   BANK9  BANK10  BANK11  BANK12
      Params:         0       0       0       0       0       0       0       0       0       0       0       0       0       0
      Locals:         0       4       0       0       0       0       0       0       0       0       0       0       0       0
      Temps:          2       0       0       0       0       0       0       0       0       0       0       0       0       0
      Totals:         2       4       0       0       0       0       0       0       0       0       0       0       0       0
Total ram usage:        6 bytes
 Hardware stack levels used:    1
 Hardware stack levels required when called:    5
 This function calls:
		_USER_USB_CALLBACK_EVENT_HANDLER
 This function is called by:
		_USBCheckStdRequest
 This function uses a non-reentrant model


 *************** function _USBStdGetStatusHandler *****************
 Defined at:
		line 2149 in file "../framework/usb/usb_device.c"
 Parameters:    Size  Location     Type
		None
 Auto vars:     Size  Location     Type
  p               1    0[COMMON] PTR struct __BDT
		 -> BDT(32), NULL(0), 
 Return value:  Size  Location     Type
		None               void
 Registers used:
		wreg, fsr0l, fsr0h, fsr1l, fsr1h, status,2, status,0
 Tracked objects:
		On entry : 
		On exit  : 
		Unchanged: 
 Data sizes:     COMMON   BANK0   BANK1   BANK2   BANK3   BANK4   BANK5   BANK6   BANK7   BANK8   BANK9  BANK10  BANK11  BANK12
      Params:         0       0       0       0       0       0       0       0       0       0       0       0       0       0
      Locals:         1       0       0       0       0       0       0       0       0       0       0       0       0       0
      Temps:          0       0       0       0       0       0       0       0       0       0       0       0       0       0
      Totals:         1       0       0       0       0       0       0       0       0       0       0       0       0       0
Total ram usage:        1 bytes
 Hardware stack levels used:    1
 Hardware stack levels required when called:    1
 This function calls:
		Nothing
 This function is called by:
		_USBCheckStdRequest
 This function uses a non-reentrant model


 *************** function _USBStdGetDscHandler *****************
 Defined at:
		line 2063 in file "../framework/usb/usb_device.c"
 Parameters:    Size  Location     Type
		None
 Auto vars:     Size  Location     Type
		None
 Return value:  Size  Location     Type
		None               void
 Registers used:
		wreg, fsr0l, fsr0h, status,2, status,0, pclath
 Tracked objects:
		On entry : 
		On exit  : 
		Unchanged: 
 Data sizes:     COMMON   BANK0   BANK1   BANK2   BANK3   BANK4   BANK5   BANK6   BANK7   BANK8   BANK9  BANK10  BANK11  BANK12
      Params:         0       0       0       0       0       0       0       0       0       0       0       0       0       0
      Locals:         0       0       0       0       0       0       0       0       0       0       0       0       0       0
      Temps:          2       0       0       0       0       0       0       0       0       0       0       0       0       0
      Totals:         2       0       0       0       0       0       0       0       0       0       0       0       0       0
Total ram usage:        2 bytes
 Hardware stack levels used:    1
 Hardware stack levels required when called:    1
 This function calls:
		Nothing
 This function is called by:
		_USBCheckStdRequest
 This function uses a non-reentrant model


 *************** function _USBStdSetCfgHandler *****************
 Defined at:
		line 1988 in file "../framework/usb/usb_device.c"
 Parameters:    Size  Location     Type
		None
 Auto vars:     Size  Location     Type
  p               2   10[COMMON] PTR unsigned char 
		 -> UEP1(1), 
  i               1   12[COMMON] unsigned char 
  i               1   13[COMMON] unsigned char 
 Return value:  Size  Location     Type
		None               void
 Registers used:
		wreg, fsr0l, fsr0h, fsr1l, fsr1h, fsr1l, fsr1h, status,2, status,0, btemp+1, pclath, cstack
 Tracked objects:
		On entry : 
		On exit  : 
		Unchanged: 
 Data sizes:     COMMON   BANK0   BANK1   BANK2   BANK3   BANK4   BANK5   BANK6   BANK7   BANK8   BANK9  BANK10  BANK11  BANK12
      Params:         0       0       0       0       0       0       0       0       0       0       0       0       0       0
      Locals:         4       0       0       0       0       0       0       0       0       0       0       0       0       0
      Temps:          0       0       0       0       0       0       0       0       0       0       0       0       0       0
      Totals:         4       0       0       0       0       0       0       0       0       0       0       0       0       0
Total ram usage:        4 bytes
 Hardware stack levels used:    1
 Hardware stack levels required when called:    5
 This function calls:
		_USER_USB_CALLBACK_EVENT_HANDLER
		_memset
 This function is called by:
		_USBCheckStdRequest
 This function uses a non-reentrant model


 *************** function _memset *****************
 Defined at:
		line 10 in file "C:\Program Files (x86)\Microchip\xc8\v1.20\sources\common\memset.c"
 Parameters:    Size  Location     Type
  p1              1    wreg     PTR void 
		 -> USBAlternateInterface(1), BDT(32), 
  c               2    0[COMMON] int 
  n               2    2[COMMON] unsigned int 
 Auto vars:     Size  Location     Type
  p1              1    4[COMMON] PTR void 
		 -> USBAlternateInterface(1), BDT(32), 
  p               1    5[COMMON] PTR unsigned char 
		 -> USBAlternateInterface(1), BDT(32), 
 Return value:  Size  Location     Type
                  1    wreg      PTR void 
 Registers used:
		wreg, fsr1l, fsr1h, status,2, status,0
 Tracked objects:
		On entry : 
		On exit  : 
		Unchanged: 
 Data sizes:     COMMON   BANK0   BANK1   BANK2   BANK3   BANK4   BANK5   BANK6   BANK7   BANK8   BANK9  BANK10  BANK11  BANK12
      Params:         4       0       0       0       0       0       0       0       0       0       0       0       0       0
      Locals:         2       0       0       0       0       0       0       0       0       0       0       0       0       0
      Temps:          0       0       0       0       0       0       0       0       0       0       0       0       0       0
      Totals:         6       0       0       0       0       0       0       0       0       0       0       0       0       0
Total ram usage:        6 bytes
 Hardware stack levels used:    1
 Hardware stack levels required when called:    1
 This function calls:
		Nothing
 This function is called by:
		_USBStdSetCfgHandler
 This function uses a non-reentrant model


 *************** function _USBCtrlEPServiceComplete *****************
 Defined at:
		line 1636 in file "../framework/usb/usb_device.c"
 Parameters:    Size  Location     Type
		None
 Auto vars:     Size  Location     Type
		None
 Return value:  Size  Location     Type
		None               void
 Registers used:
		wreg, fsr0l, fsr0h, fsr1l, fsr1h, status,2, status,0, pclath, cstack
 Tracked objects:
		On entry : 
		On exit  : 
		Unchanged: 
 Data sizes:     COMMON   BANK0   BANK1   BANK2   BANK3   BANK4   BANK5   BANK6   BANK7   BANK8   BANK9  BANK10  BANK11  BANK12
      Params:         0       0       0       0       0       0       0       0       0       0       0       0       0       0
      Locals:         0       0       0       0       0       0       0       0       0       0       0       0       0       0
      Temps:          2       0       0       0       0       0       0       0       0       0       0       0       0       0
      Totals:         2       0       0       0       0       0       0       0       0       0       0       0       0       0
Total ram usage:        2 bytes
 Hardware stack levels used:    1
 Hardware stack levels required when called:    3
 This function calls:
		_USBCtrlEPAllowStatusStage
		_USBCtrlEPAllowDataStage
 This function is called by:
		_USBCtrlTrfSetupHandler
 This function uses a non-reentrant model


 *************** function _USBCtrlEPAllowDataStage *****************
 Defined at:
		line 1508 in file "../framework/usb/usb_device.c"
 Parameters:    Size  Location     Type
		None
 Auto vars:     Size  Location     Type
		None
 Return value:  Size  Location     Type
		None               void
 Registers used:
		wreg, fsr0l, fsr0h, fsr1l, fsr1h, status,2, status,0, pclath, cstack
 Tracked objects:
		On entry : 
		On exit  : 
		Unchanged: 
 Data sizes:     COMMON   BANK0   BANK1   BANK2   BANK3   BANK4   BANK5   BANK6   BANK7   BANK8   BANK9  BANK10  BANK11  BANK12
      Params:         0       0       0       0       0       0       0       0       0       0       0       0       0       0
      Locals:         0       0       0       0       0       0       0       0       0       0       0       0       0       0
      Temps:          2       0       0       0       0       0       0       0       0       0       0       0       0       0
      Totals:         2       0       0       0       0       0       0       0       0       0       0       0       0       0
Total ram usage:        2 bytes
 Hardware stack levels used:    1
 Hardware stack levels required when called:    2
 This function calls:
		_USBCtrlTrfTxService
 This function is called by:
		_USBCtrlEPServiceComplete
 This function uses a non-reentrant model


 *************** function _USBCtrlTrfTxService *****************
 Defined at:
		line 1791 in file "../framework/usb/usb_device.c"
 Parameters:    Size  Location     Type
		None
 Auto vars:     Size  Location     Type
  byteToSend      1    0[COMMON] unsigned char 
 Return value:  Size  Location     Type
		None               void
 Registers used:
		wreg, fsr0l, fsr0h, fsr1l, fsr1h, status,2, status,0, pclath
 Tracked objects:
		On entry : 
		On exit  : 
		Unchanged: 
 Data sizes:     COMMON   BANK0   BANK1   BANK2   BANK3   BANK4   BANK5   BANK6   BANK7   BANK8   BANK9  BANK10  BANK11  BANK12
      Params:         0       0       0       0       0       0       0       0       0       0       0       0       0       0
      Locals:         1       0       0       0       0       0       0       0       0       0       0       0       0       0
      Temps:          0       0       0       0       0       0       0       0       0       0       0       0       0       0
      Totals:         1       0       0       0       0       0       0       0       0       0       0       0       0       0
Total ram usage:        1 bytes
 Hardware stack levels used:    1
 Hardware stack levels required when called:    1
 This function calls:
		Nothing
 This function is called by:
		_USBCtrlEPAllowDataStage
		_USBCtrlTrfInHandler
 This function uses a non-reentrant model


 *************** function _USBCtrlEPAllowStatusStage *****************
 Defined at:
		line 1436 in file "../framework/usb/usb_device.c"
 Parameters:    Size  Location     Type
		None
 Auto vars:     Size  Location     Type
		None
 Return value:  Size  Location     Type
		None               void
 Registers used:
		wreg, fsr1l, fsr1h, status,2, status,0
 Tracked objects:
		On entry : 
		On exit  : 
		Unchanged: 
 Data sizes:     COMMON   BANK0   BANK1   BANK2   BANK3   BANK4   BANK5   BANK6   BANK7   BANK8   BANK9  BANK10  BANK11  BANK12
      Params:         0       0       0       0       0       0       0       0       0       0       0       0       0       0
      Locals:         0       0       0       0       0       0       0       0       0       0       0       0       0       0
      Temps:          2       0       0       0       0       0       0       0       0       0       0       0       0       0
      Totals:         2       0       0       0       0       0       0       0       0       0       0       0       0       0
Total ram usage:        2 bytes
 Hardware stack levels used:    1
 Hardware stack levels required when called:    1
 This function calls:
		Nothing
[...]
      Temps:          0       0       0       0       0       0       0       0       0       0       0       0       0       0
      Totals:         0       0       0       0       0       0       0       0       0       0       0       0       0       0
Total ram usage:        0 bytes
 Hardware stack levels used:    1
 Hardware stack levels required when called:    1
 This function calls:
		Nothing
 This function is called by:
		_scan_task
 This function uses a non-reentrant model


 *************** function _set_clock_and_data *****************
 Defined at:
		line 68 in file "../src/scan.c"
 Parameters:    Size  Location     Type
  c               1    wreg     const unsigned char 
  d               1    0[COMMON] const unsigned char 
 Auto vars:     Size  Location     Type
  c               1    2[COMMON] const unsigned char 
 Return value:  Size  Location     Type
		None               void
 Registers used:
		wreg, status,2, status,0
 Tracked objects:
		On entry : 
		On exit  : 
		Unchanged: 
 Data sizes:     COMMON   BANK0   BANK1   BANK2   BANK3   BANK4   BANK5   BANK6   BANK7   BANK8   BANK9  BANK10  BANK11  BANK12
      Params:         1       0       0       0       0       0       0       0       0       0       0       0       0       0
      Locals:         1       0       0       0       0       0       0       0       0       0       0       0       0       0
      Temps:          1       0       0       0       0       0       0       0       0       0       0       0       0       0
      Totals:         3       0       0       0       0       0       0       0       0       0       0       0       0       0
Total ram usage:        3 bytes
 Hardware stack levels used:    1
 Hardware stack levels required when called:    1
 This function calls:
		Nothing
 This function is called by:
		_scan_task
 This function uses a non-reentrant model


 *************** function _waiting_for_timer *****************
 Defined at:
		line 64 in file "../src/scan.c"
 Parameters:    Size  Location     Type
		None
 Auto vars:     Size  Location     Type
		None
 Return value:  Size  Location     Type
                  1    wreg      unsigned char 
 Registers used:
		wreg, status,2
 Tracked objects:
		On entry : 
		On exit  : 
		Unchanged: 
 Data sizes:     COMMON   BANK0   BANK1   BANK2   BANK3   BANK4   BANK5   BANK6   BANK7   BANK8   BANK9  BANK10  BANK11  BANK12
      Params:         0       0       0       0       0       0       0       0       0       0       0       0       0       0
      Locals:         1       0       0       0       0       0       0       0       0       0       0       0       0       0
      Temps:          0       0       0       0       0       0       0       0       0       0       0       0       0       0
      Totals:         1       0       0       0       0       0       0       0       0       0       0       0       0       0
Total ram usage:        1 bytes
 Hardware stack levels used:    1
 Hardware stack levels required when called:    1
 This function calls:
		Nothing
 This function is called by:
		_scan_task
 This function uses a non-reentrant model


 *************** function _set_timer *****************
 Defined at:
		line 55 in file "../src/scan.c"
 Parameters:    Size  Location     Type
		None
 Auto vars:     Size  Location     Type
		None
 Return value:  Size  Location     Type
		None               void
 Registers used:
		status,2
 Tracked objects:
		On entry : 
		On exit  : 
		Unchanged: 
 Data sizes:     COMMON   BANK0   BANK1   BANK2   BANK3   BANK4   BANK5   BANK6   BANK7   BANK8   BANK9  BANK10  BANK11  BANK12
      Params:         0       0       0       0       0       0       0       0       0       0       0       0       0       0
      Locals:         0       0       0       0       0       0       0       0       0       0       0       0       0       0
      Temps:          0       0       0       0       0       0       0       0       0       0       0       0       0       0
      Totals:         0       0       0       0       0       0       0       0       0       0       0       0       0       0
Total ram usage:        0 bytes
 Hardware stack levels used:    1
 Hardware stack levels required when called:    1
 This function calls:
		Nothing
 This function is called by:
		_scan_task
 This function uses a non-reentrant model


 *************** function _scan_init *****************
 Defined at:
		line 32 in file "../src/scan.c"
 Parameters:    Size  Location     Type
		None
 Auto vars:     Size  Location     Type
		None
 Return value:  Size  Location     Type
		None               void
 Registers used:
		wreg, status,2, status,0
 Tracked objects:
		On entry : 
		On exit  : 
		Unchanged: 
 Data sizes:     COMMON   BANK0   BANK1   BANK2   BANK3   BANK4   BANK5   BANK6   BANK7   BANK8   BANK9  BANK10  BANK11  BANK12
      Params:         0       0       0       0       0       0       0       0       0       0       0       0       0       0
      Locals:         0       0       0       0       0       0       0       0       0       0       0       0       0       0
      Temps:          0       0       0       0       0       0       0       0       0       0       0       0       0       0
      Totals:         0       0       0       0       0       0       0       0       0       0       0       0       0       0
Total ram usage:        0 bytes
 Hardware stack levels used:    1
 Hardware stack levels required when called:    1
 This function calls:
		Nothing
 This function is called by:
		_scan_task
 This function uses a non-reentrant model


 *************** function _USBTransferOnePacket *****************
 Defined at:
		line 1015 in file "../framework/usb/usb_device.c"
 Parameters:    Size  Location     Type
  ep              1    wreg     unsigned char 
  dir             1    0[COMMON] unsigned char 
  data            2    1[COMMON] PTR unsigned char 
		 -> midiData(4), ReceivedDataBuffer(64), 
  len             1    3[COMMON] unsigned char 
 Auto vars:     Size  Location     Type
  ep              1    6[COMMON] unsigned char 
  handle          1    7[COMMON] PTR volatile struct __BD
		 -> BDT(32), NULL(0), 
 Return value:  Size  Location     Type
                  1    wreg      PTR void 
 Registers used:
		wreg, fsr1l, fsr1h, status,2, status,0
 Tracked objects:
		On entry : 
		On exit  : 
		Unchanged: 
 Data sizes:     COMMON   BANK0   BANK1   BANK2   BANK3   BANK4   BANK5   BANK6   BANK7   BANK8   BANK9  BANK10  BANK11  BANK12
      Params:         4       0       0       0       0       0       0       0       0       0       0       0       0       0
      Locals:         2       0       0       0       0       0       0       0       0       0       0       0       0       0
      Temps:          2       0       0       0       0       0       0       0       0       0       0       0       0       0
      Totals:         8       0       0       0       0       0       0       0       0       0       0       0       0       0
Total ram usage:        8 bytes
 Hardware stack levels used:    1
 Hardware stack levels required when called:    1
 This function calls:
		Nothing
 This function is called by:
		_APP_DeviceAudioMIDIInitialize
		_APP_DeviceAudioMIDITasks
 This function uses a non-reentrant model


 *************** function _BLEDeviceInit *****************
 Defined at:
		line 70 in file "../src/app_device_ble_midi.c"
 Parameters:    Size  Location     Type
		None
 Auto vars:     Size  Location     Type
		None
 Return value:  Size  Location     Type
		None               void
 Registers used:
		wreg, status,2, status,0, pclath, cstack
 Tracked objects:
		On entry : 
		On exit  : 
		Unchanged: 
 Data sizes:     COMMON   BANK0   BANK1   BANK2   BANK3   BANK4   BANK5   BANK6   BANK7   BANK8   BANK9  BANK10  BANK11  BANK12
      Params:         0       0       0       0       0       0       0       0       0       0       0       0       0       0
      Locals:         0       0       0       0       0       0       0       0       0       0       0       0       0       0
      Temps:          0       0       0       0       0       0       0       0       0       0       0       0       0       0
      Totals:         0       0       0       0       0       0       0       0       0       0       0       0       0       0
Total ram usage:        0 bytes
 Hardware stack levels used:    1
 Hardware stack levels required when called:    2
 This function calls:
		_PIN_MANAGER_Initialize
		_SPI_Initialize
 This function is called by:
		_main
 This function uses a non-reentrant model


 *************** function _SPI_Initialize *****************
 Defined at:
		line 64 in file "../src/spi.c"
 Parameters:    Size  Location     Type
		None
 Auto vars:     Size  Location     Type
		None
 Return value:  Size  Location     Type
		None               void
 Registers used:
		wreg, status,2
 Tracked objects:
		On entry : 
		On exit  : 
		Unchanged: 
 Data sizes:     COMMON   BANK0   BANK1   BANK2   BANK3   BANK4   BANK5   BANK6   BANK7   BANK8   BANK9  BANK10  BANK11  BANK12
      Params:         0       0       0       0       0       0       0       0       0       0       0       0       0       0
      Locals:         0       0       0       0       0       0       0       0       0       0       0       0       0       0
      Temps:          0       0       0       0       0       0       0       0       0       0       0       0       0       0
      Totals:         0       0       0       0       0       0       0       0       0       0       0       0       0       0
Total ram usage:        0 bytes
 Hardware stack levels used:    1
 Hardware stack levels required when called:    1
 This function calls:
		Nothing
 This function is called by:
		_BLEDeviceInit
 This function uses a non-reentrant model


 *************** function _PIN_MANAGER_Initialize *****************
 Defined at:
		line 50 in file "../src/pin_manager.c"
 Parameters:    Size  Location     Type
		None
 Auto vars:     Size  Location     Type
		None
 Return value:  Size  Location     Type
		None               void
 Registers used:
		None
 Tracked objects:
		On entry : 
		On exit  : 
		Unchanged: 
 Data sizes:     COMMON   BANK0   BANK1   BANK2   BANK3   BANK4   BANK5   BANK6   BANK7   BANK8   BANK9  BANK10  BANK11  BANK12
      Params:         0       0       0       0       0       0       0       0       0       0       0       0       0       0
      Locals:         0       0       0       0       0       0       0       0       0       0       0       0       0       0
      Temps:          0       0       0       0       0       0       0       0       0       0       0       0       0       0
      Totals:         0       0       0       0       0       0       0       0       0       0       0       0       0       0
Total ram usage:        0 bytes
 Hardware stack levels used:    1
 Hardware stack levels required when called:    1
 This function calls:
		Nothing
 This function is called by:
		_BLEDeviceInit
 This function uses a non-reentrant model


 *************** function _SYSTEM_Initialize *****************
 Defined at:
		line 87 in file "../src/pic16f1459/system.c"
 Parameters:    Size  Location     Type
  state           1    wreg     enum E2634
 Auto vars:     Size  Location     Type
  state           1    1[COMMON] enum E2634
 Return value:  Size  Location     Type
		None               void
 Registers used:
		wreg, fsr0l, fsr0h, status,2, status,0, pclath, cstack
 Tracked objects:
		On entry : 
		On exit  : 
		Unchanged: 
 Data sizes:     COMMON   BANK0   BANK1   BANK2   BANK3   BANK4   BANK5   BANK6   BANK7   BANK8   BANK9  BANK10  BANK11  BANK12
      Params:         0       0       0       0       0       0       0       0       0       0       0       0       0       0
      Locals:         1       0       0       0       0       0       0       0       0       0       0       0       0       0
      Temps:          0       0       0       0       0       0       0       0       0       0       0       0       0       0
      Totals:         1       0       0       0       0       0       0       0       0       0       0       0       0       0
Total ram usage:        1 bytes
 Hardware stack levels used:    1
 Hardware stack levels required when called:    2
 This function calls:
		_LED_Enable
 This function is called by:
		_main
 This function uses a non-reentrant model


 *************** function _LED_Enable *****************
 Defined at:
		line 221 in file "../bsp/pic16f1459/leds.c"
 Parameters:    Size  Location     Type
  led             1    wreg     enum E2
 Auto vars:     Size  Location     Type
  led             1    0[COMMON] enum E2
 Return value:  Size  Location     Type
		None               void
 Registers used:
		wreg, fsr0l, fsr0h, status,2, status,0
 Tracked objects:
		On entry : 
		On exit  : 
		Unchanged: 
 Data sizes:     COMMON   BANK0   BANK1   BANK2   BANK3   BANK4   BANK5   BANK6   BANK7   BANK8   BANK9  BANK10  BANK11  BANK12
      Params:         0       0       0       0       0       0       0       0       0       0       0       0       0       0
      Locals:         1       0       0       0       0       0       0       0       0       0       0       0       0       0
      Temps:          0       0       0       0       0       0       0       0       0       0       0       0       0       0
      Totals:         1       0       0       0       0       0       0       0       0       0       0       0       0       0
Total ram usage:        1 bytes
 Hardware stack levels used:    1
 Hardware stack levels required when called:    1
 This function calls:
		Nothing
 This function is called by:
		_SYSTEM_Initialize
 This function uses a non-reentrant model


 *************** function _SYS_InterruptHigh *****************
 Defined at:
		line 113 in file "../src/pic16f1459/system.c"
 Parameters:    Size  Location     Type
		None
 Auto vars:     Size  Location     Type
		None
 Return value:  Size  Location     Type
		None               void
 Registers used:
		None
 Tracked objects:
		On entry : 
		On exit  : 
		Unchanged: 
 Data sizes:     COMMON   BANK0   BANK1   BANK2   BANK3   BANK4   BANK5   BANK6   BANK7   BANK8   BANK9  BANK10  BANK11  BANK12
      Params:         0       0       0       0       0       0       0       0       0       0       0       0       0       0
      Locals:         0       0       0       0       0       0       0       0       0       0       0       0       0       0
      Temps:          0       0       0       0       0       0       0       0       0       0       0       0       0       0
      Totals:         0       0       0       0       0       0       0       0       0       0       0       0       0       0
Total ram usage:        0 bytes
 Hardware stack levels used:    1
 This function calls:
		Nothing
 This function is called by:
		Interrupt level 1
 This function uses a non-reentrant model



MODULE INFORMATION

Module		Function		Class		Link	Load	Size
../src/pic16f1459/system.c
		_SYS_InterruptH		CODE           	0004	0000	2
		_SYSTEM_Initial		CODE           	0086	0000	20

../src/pic16f1459/system.c estimated size: 22

../bsp/pic16f1459/leds.c
		_LED_Off       		CODE           	0375	0000	22
		_LED_On        		CODE           	038B	0000	22
		_LED_Enable    		CODE           	03A1	0000	22

../bsp/pic16f1459/leds.c estimated size: 66

shared
		_configDescript		STRCODE        	1030	0000	101
		_USB_CD_Ptr    		STRCODE        	102E	0000	2
		_sd001         		STRCODE        	1095	0000	52
		__stringtab    		STRCODE        	1000	0000	1
		PL220          		CODE           	0F49	0000	18
		PL230          		CODE           	0FF1	0000	10
		PL240          		CODE           	07A7	0000	6
		_sd002         		STRCODE        	10C9	0000	26
		PL250          		CODE           	07BE	0000	7
		PL222          		CODE           	0F5B	0000	17
		PL260          		CODE           	07D0	0000	6
		PL232          		CODE           	0790	0000	7
		PL242          		CODE           	07AD	0000	5
		PL252          		CODE           	0DE0	0000	7
		__initializatio		CODE           	004A	0000	40
		PL224          		CODE           	0783	0000	13
		PL262          		CODE           	07D6	0000	5
		process_level@m		STRCODE        	0000	0000	4346
		PL234          		CODE           	0FFB	0000	5
		_device_dsc    		STRCODE        	10E3	0000	18
		PL244          		CODE           	07B2	0000	6
		PL254          		CODE           	07C5	0000	5
		PL226          		CODE           	0F6C	0000	5
		PL236          		CODE           	0797	0000	8
		PL246          		CODE           	07B8	0000	6
		process_level@i		STRCODE        	1001	0000	39
		PL256          		CODE           	0DE7	0000	6
		_USB_SD_Ptr    		STRCODE        	1028	0000	6
		PL228          		CODE           	0FEB	0000	6
		PL238          		CODE           	079F	0000	8
		_sd000         		STRCODE        	10F5	0000	4
		PL248          		CODE           	0DD9	0000	7
		PL258          		CODE           	07CA	0000	6

shared estimated size: 4804

../src/scan.c
		_waiting_for_ti		CODE           	0000	0000	0
		_scan_task     		CODE           	016E	0000	491
		_process_level 		CODE           	0000	0000	0
		_scan_init     		CODE           	0359	0000	28
		_is_end_of_scan		CODE           	0000	0000	0
		_set_clock_and_		CODE           	0000	0000	0
		_store_key_leve		CODE           	0000	0000	0
		_get_adc       		CODE           	0000	0000	0
		_set_timer     		CODE           	0000	0000	0
		_is_adc_ready  		CODE           	0000	0000	0
		_get_data      		CODE           	0000	0000	0
		_run_adc       		CODE           	0000	0000	0

../src/scan.c estimated size: 519

../src/app_device_ble_midi.c
		_BLEDeviceInit 		CODE           	009A	0000	3

../src/app_device_ble_midi.c estimated size: 3

../framework/usb/usb_device.c
		_USBCtrlTrfInHa		CODE           	0E50	0000	79
		_USBTransferOne		CODE           	012E	0000	57
		_USBStdGetDscHa		CODE           	0D8E	0000	75
		_USBCtrlEPAllow		CODE           	0EDE	0000	56
		_USBStdFeatureR		CODE           	03BD	0000	183
		_USBCtrlEPAllow		CODE           	05F8	0000	65
		_USBCtrlTrfSetu		CODE           	06EA	0000	40
		_USBCtrlTrfOutH		CODE           	0F71	0000	29
		_USBCtrlEPServi		CODE           	0E9F	0000	63
		_USBSuspend    		CODE           	05CA	0000	11
		_USBStdSetCfgHa		CODE           	0DED	0000	81
		_USBStdGetStatu		CODE           	074B	0000	56
		_USBWakeFromSus		CODE           	05B9	0000	17
		_USBCtrlTrfRxSe		CODE           	0F8E	0000	93
		_USBCtrlTrfTxSe		CODE           	0F16	0000	51
		_USBEnableEndpo		CODE           	06A4	0000	31
		_USBConfigureEn		CODE           	06C3	0000	39
		_USBDeviceInit 		CODE           	0546	0000	115
		_USBIncrement1m		CODE           	05D5	0000	8
		_USBCtrlEPServi		CODE           	0639	0000	79
		_USBStallHandle		CODE           	05DD	0000	27
		_USBDeviceTasks		CODE           	0474	0000	165
		_USBCheckStdReq		CODE           	0712	0000	57

../framework/usb/usb_device.c estimated size: 1477

../src/app_device_audio_midi.c
		_APP_DeviceAudi		CODE           	009D	0000	145
		_APP_DeviceAudi		CODE           	068D	0000	23
		_APP_DeviceAudi		CODE           	0688	0000	5

../src/app_device_audio_midi.c estimated size: 173

../src/pin_manager.c
		_PIN_MANAGER_In		CODE           	0167	0000	7

../src/pin_manager.c estimated size: 7

C:\Program Files (x86)\Microchip\xc8\v1.20\sources\common\memset.c
		_memset        		CODE           	0E3E	0000	18

C:\Program Files (x86)\Microchip\xc8\v1.20\sources\common\memset.c estimated size: 18

../src/app_led_usb_status.c
		_APP_LEDUpdateU		CODE           	0008	0000	66

../src/app_led_usb_status.c estimated size: 66

../src/spi.c
		_SPI_Initialize		CODE           	03B7	0000	6

../src/spi.c estimated size: 6

../src/main.c
		_main          		CODE           	0074	0000	18
		_USER_USB_CALLB		CODE           	0519	0000	45

../src/main.c estimated size: 63

