Microchip MPLAB XC8 Compiler V1.35 ()

Linker command line:

-W-3 --edf=C:\Program Files (x86)\Microchip\xc8\v1.35\dat\en_msgs.txt -cs \
  -h+dist/pic16f1459/production\MPLAB.X.production.sym \
  --cmf=dist/pic16f1459/production\MPLAB.X.production.cmf -z -Q16F1459 \
  -oC:\Users\user\AppData\Local\Temp\s6p0.2 \
  -Mdist/pic16f1459/production/MPLAB.X.production.map -E1 -ver=XC8 \
  -ASTACK=0218Eh-023efh -pstack=STACK -ACODE=00h-07FFhx4 \
  -ASTRCODE=00h-01FFFh -ASTRING=00h-0FFhx32 -ACONST=00h-0FFhx32 \
  -AENTRY=00h-0FFhx32 -ACOMMON=070h-07Fh -ABANK0=020h-06Fh \
  -ABANK1=0A0h-0EFh -ABANK2=0120h-016Fh -ABANK3=01A0h-01EFh \
  -ABANK4=0220h-026Fh -ABANK5=02A0h-02EFh -ABANK6=0320h-036Fh \
  -ABANK7=03A0h-03EFh -ABANK8=0420h-046Fh -ABANK9=04A0h-04EFh \
  -ABANK10=0520h-056Fh -ABANK11=05A0h-05EFh -ABANK12=0620h-064Fh \
  -ABIGRAM=02000h-023EFh \
  -ARAM=020h-06Fh,0A0h-0EFh,0120h-016Fh,01A0h-01EFh,0220h-026Fh,02A0h-02EFh,0320h-036Fh,03A0h-03EFh,0420h-046Fh,04A0h-04EFh,0520h-056Fh,05A0h-05EFh,0620h-064Fh \
  -AABS1=020h-07Fh,0A0h-0EFh,0120h-016Fh,01A0h-01EFh,0220h-026Fh,02A0h-02EFh,0320h-036Fh,03A0h-03EFh,0420h-046Fh,04A0h-04EFh,0520h-056Fh,05A0h-05EFh,0620h-064Fh \
  -ASFR0=00h-01Fh -ASFR1=080h-09Fh -ASFR2=0100h-011Fh -ASFR3=0180h-019Fh \
  -ASFR4=0200h-021Fh -ASFR5=0280h-029Fh -ASFR6=0300h-031Fh \
  -ASFR7=0380h-039Fh -ASFR8=0400h-041Fh -ASFR9=0480h-049Fh \
  -ASFR10=0500h-051Fh -ASFR11=0580h-059Fh -ASFR12=0600h-061Fh \
  -ASFR13=0680h-06EFh -ASFR14=0700h-076Fh -ASFR15=0780h-07EFh \
  -ASFR16=0800h-086Fh -ASFR17=0880h-08EFh -ASFR18=0900h-096Fh \
  -ASFR19=0980h-09EFh -ASFR20=0A00h-0A6Fh -ASFR21=0A80h-0AEFh \
  -ASFR22=0B00h-0B6Fh -ASFR23=0B80h-0BEFh -ASFR24=0C00h-0C6Fh \
  -ASFR25=0C80h-0CEFh -ASFR26=0D00h-0D6Fh -ASFR27=0D80h-0DEFh \
  -ASFR28=0E00h-0E6Fh -ASFR29=0E80h-0EEFh -ASFR30=0F00h-0F6Fh \
  -ASFR31=0F80h-0FEFh -preset_vec=00h,intentry=04h,init,end_init \
  -ppowerup=CODE -pcinit=CODE -pfunctab=CODE -ACONFIG=08007h-08008h \
  -pconfig=CONFIG -DCONFIG=2 -AIDLOC=08000h-08003h -pidloc=IDLOC -DIDLOC=2 \
  -DCODE=2 -DSTRCODE=2 -DSTRING=2 -DCONST=2 -DENTRY=2 -k \
  C:\Users\user\AppData\Local\Temp\s6p0.obj \
  dist/pic16f1459/production\MPLAB.X.production.obj 

Object code version is 3.11

Machine type is 16F1459



                Name                               Link     Load   Length Selector   Space Scale
C:\Users\user\AppData\Local\Temp\s6p0.obj
                end_init                              D        D        2        8       0
                reset_vec                             0        0        2        0       0
                config                             8007     8007        2    1000E       0
dist/pic16f1459/production\MPLAB.X.production.obj
                cinit                                 F        F       2C        8       0
                intentry                              4        4        9        8       0
                text46                              CDA      CDA       50     19B4       0
                text45                              972      972        3     12E4       0
                text44                              975      975        5     12EA       0
                text43                              980      980        7     1300       0
                text42                              9C7      9C7       15     138E       0
                text41                              987      987        7     130E       0
                text40                              ABD      ABD       1D     157A       0
                text39                              9B5      9B5       12     136A       0
                text38                              99F      99F        B     133E       0
                swtext5                             83A      83A        A     1000       0
                text37                              A21      A21       19     1442       0
                swtext4                             830      830        A     1000       0
                text36                              A3A      A3A       19     1474       0
                text35                              411      411       DF      47A       0
                text34                              B56      B56       30     16AC       0
                text33                              9AA      9AA        B     1354       0
                swtext3                             81A      81A        C     1000       0
                text32                              4F0      4F0       AD      47A       0
                text31                              32C      32C       E5      47A       0
                text30                              995      995        A     132A       0
                swtext2                             826      826        A     1000       0
                text29                              A53      A53       19     14A6       0
                text28                              AA1      AA1       1C     1542       0
                text27                              EA2      EA2       6F     1D44       0
                text26                              DD3      DD3       67     1BA6       0
                text25                              E3A      E3A       68     1C74       0
                text24                              645      645       92      47A       0
                text23                              B27      B27       2F     164E       0
                text22                              BBF      BBF       3F     177E       0
                text21                              ADA      ADA       23     15B4       0
                text20                              AFD      AFD       2A     15FA       0
                text19                              98E      98E        7     131C       0
                text18                              C40      C40       4D     1880       0
                text17                              B86      B86       39     170C       0
                text16                               3B       3B      106        8       0
                text15                              F81      F81       7F     1F02       0
                text14                              C8D      C8D       4D     191A       0
                text13                              A6C      A6C       1A     14D8       0
                text12                              75D      75D       7F      47A       0
                swtext1                             800      800       1A     1000       0
                text11                              D7E      D7E       55     1AFC       0
                text10                              D2A      D2A       54     1A54       0
                text9                               6D7      6D7       86      47A       0
                text8                               BFE      BFE       42     17FC       0
                text7                               F11      F11       70     1E22       0
                text6                               59D      59D       A8      47A       0
                text5                               A09      A09       18     1412       0
                text4                               7DC      7DC       24      47A       0
                text3                               9F2      9F2       17     13E4       0
                text2                               A86      A86       1B     150C       0
                text1                               23D      23D       EF      47A       0
                maintext                            9DC      9DC       16     13B8       0
                cstackBANK0                          50       50       19       50       1
                cstackCOMMON                         70       70        C       70       1
                clrtext                             97A      97A        6     12F4       0
                bssBANK4                            220      220       4E      220       1
                bssBANK3                            1A4      1A4       27      1A4       1
                bssBANK2                            120      120       49      120       1
                bssBANK1                             E0       E0       10       E0       1
                bssBANK0                             69       69        7       50       1
                bssCOMMON                            7C       7C        1       70       1
                stringtext                          141      141       FC      282       0

TOTAL           Name                               Link     Load   Length     Space
        CLASS   STACK          

        CLASS   CODE           
                end_init                              D        D        2         0
                cinit                                 F        F       2C         0
                intentry                              4        4        9         0
                reset_vec                             0        0        2         0
                text46                              CDA      CDA       50         0
                text45                              972      972        3         0
                text44                              975      975        5         0
                text43                              980      980        7         0
                text42                              9C7      9C7       15         0
                text41                              987      987        7         0
                text40                              ABD      ABD       1D         0
                text39                              9B5      9B5       12         0
                text38                              99F      99F        B         0
                text37                              A21      A21       19         0
                text36                              A3A      A3A       19         0
                text35                              411      411       DF         0
                text34                              B56      B56       30         0
                text33                              9AA      9AA        B         0
                text32                              4F0      4F0       AD         0
                text31                              32C      32C       E5         0
                text30                              995      995        A         0
                text29                              A53      A53       19         0
                text28                              AA1      AA1       1C         0
                text27                              EA2      EA2       6F         0
                text26                              DD3      DD3       67         0
                text25                              E3A      E3A       68         0
                text24                              645      645       92         0
                text23                              B27      B27       2F         0
                text22                              BBF      BBF       3F         0
                text21                              ADA      ADA       23         0
                text20                              AFD      AFD       2A         0
                text19                              98E      98E        7         0
                text18                              C40      C40       4D         0
                text17                              B86      B86       39         0
                text16                               3B       3B      106         0
                text15                              F81      F81       7F         0
                text14                              C8D      C8D       4D         0
                text13                              A6C      A6C       1A         0
                text12                              75D      75D       7F         0
                text11                              D7E      D7E       55         0
                text10                              D2A      D2A       54         0
                text9                               6D7      6D7       86         0
                text8                               BFE      BFE       42         0
                text7                               F11      F11       70         0
                text6                               59D      59D       A8         0
                text5                               A09      A09       18         0
                text4                               7DC      7DC       24         0
                text3                               9F2      9F2       17         0
                text2                               A86      A86       1B         0
                text1                               23D      23D       EF         0
                maintext                            9DC      9DC       16         0
                clrtext                             97A      97A        6         0

        CLASS   STRCODE        
                stringtext                          141      141       FC         0

        CLASS   STRING         

        CLASS   CONST          
                swtext5                             83A      83A        A         0
                swtext4                             830      830        A         0
                swtext3                             81A      81A        C         0
                swtext2                             826      826        A         0
                swtext1                             800      800       1A         0

        CLASS   ENTRY          

        CLASS   COMMON         
                cstackCOMMON                         70       70        C         1
                bssCOMMON                            7C       7C        1         1

        CLASS   BANK0          
                cstackBANK0                          50       50       19         1
                bssBANK0                             69       69        7         1

        CLASS   BANK1          
                bssBANK1                             E0       E0       10         1

        CLASS   BANK2          
                bssBANK2                            120      120       49         1

        CLASS   BANK3          
                bssBANK3                            1A4      1A4       27         1

        CLASS   BANK4          
                bssBANK4                            220      220       4E         1

        CLASS   BANK5          

        CLASS   BANK6          

        CLASS   BANK7          

        CLASS   BANK8          

        CLASS   BANK9          

        CLASS   BANK10         

        CLASS   BANK11         

        CLASS   BANK12         

        CLASS   BIGRAM         

        CLASS   RAM            

        CLASS   ABS1           
                abs_s1                               20       20       30         1
                abs_s1                               7E       7E        2         1
                abs_s1                               A0       A0       40         1
                abs_s1                              1A0      1A0        4         1

        CLASS   SFR0           

        CLASS   SFR1           

        CLASS   SFR2           

        CLASS   SFR3           

        CLASS   SFR4           

        CLASS   SFR5           

        CLASS   SFR6           

        CLASS   SFR7           

        CLASS   SFR8           

        CLASS   SFR9           

        CLASS   SFR10          

        CLASS   SFR11          

        CLASS   SFR12          

        CLASS   SFR13          

        CLASS   SFR14          

        CLASS   SFR15          

        CLASS   SFR16          

        CLASS   SFR17          

        CLASS   SFR18          

        CLASS   SFR19          

        CLASS   SFR20          

        CLASS   SFR21          

        CLASS   SFR22          

        CLASS   SFR23          

        CLASS   SFR24          

        CLASS   SFR25          

        CLASS   SFR26          

        CLASS   SFR27          

        CLASS   SFR28          

        CLASS   SFR29          

        CLASS   SFR30          

        CLASS   SFR31          

        CLASS   CONFIG         
                config                             8007     8007        2         0

        CLASS   IDLOC          

        CLASS   BANK31         

        CLASS   BANK30         

        CLASS   BANK29         

        CLASS   BANK28         

        CLASS   BANK27         

        CLASS   BANK26         

        CLASS   BANK25         

        CLASS   BANK24         

        CLASS   BANK23         

        CLASS   BANK22         

        CLASS   BANK21         

        CLASS   BANK20         

        CLASS   BANK19         

        CLASS   BANK18         

        CLASS   BANK17         

        CLASS   BANK16         

        CLASS   BANK15         

        CLASS   BANK14         

        CLASS   BANK13         

        CLASS   EEDATA         



SEGMENTS        Name                           Load    Length   Top    Selector   Space  Class     Delta

                reset_vec                      000000  000002  000002         0       0  CODE        2
                intentry                       000004  00013D  000141         8       0  CODE        2
                cstackBANK0                    000050  000020  000070        50       1  BANK0       1
                cstackCOMMON                   000070  00000D  00007D        70       1  COMMON      1
                bssBANK1                       0000E0  000010  0000F0        E0       1  BANK1       1
                bssBANK2                       000120  000049  000169       120       1  BANK2       1
                bssBANK3                       0001A4  000027  0001CB       1A4       1  BANK3       1
                bssBANK4                       000220  00004E  00026E       220       1  BANK4       1
                stringtext                     000141  0000FC  00023D       282       0  STRCODE     2
                text1                          00023D  0005C3  000800       47A       0  CODE        2
                swtext1                        000800  000044  000844      1000       0  CONST       2
                text45                         000972  000003  000975      12E4       0  CODE        2
                text44                         000975  000005  00097A      12EA       0  CODE        2
                clrtext                        00097A  000006  000980      12F4       0  CODE        2
                text43                         000980  000007  000987      1300       0  CODE        2
                text41                         000987  000007  00098E      130E       0  CODE        2
                text19                         00098E  000007  000995      131C       0  CODE        2
                text30                         000995  00000A  00099F      132A       0  CODE        2
                text38                         00099F  00000B  0009AA      133E       0  CODE        2
                text33                         0009AA  00000B  0009B5      1354       0  CODE        2
                text39                         0009B5  000012  0009C7      136A       0  CODE        2
                text42                         0009C7  000015  0009DC      138E       0  CODE        2
                maintext                       0009DC  000016  0009F2      13B8       0  CODE        2
                text3                          0009F2  000017  000A09      13E4       0  CODE        2
                text5                          000A09  000018  000A21      1412       0  CODE        2
                text37                         000A21  000019  000A3A      1442       0  CODE        2
                text36                         000A3A  000019  000A53      1474       0  CODE        2
                text29                         000A53  000019  000A6C      14A6       0  CODE        2
                text13                         000A6C  00001A  000A86      14D8       0  CODE        2
                text2                          000A86  00001B  000AA1      150C       0  CODE        2
                text28                         000AA1  00001C  000ABD      1542       0  CODE        2
                text40                         000ABD  00001D  000ADA      157A       0  CODE        2
                text21                         000ADA  000023  000AFD      15B4       0  CODE        2
                text20                         000AFD  00002A  000B27      15FA       0  CODE        2
                text23                         000B27  00002F  000B56      164E       0  CODE        2
                text34                         000B56  000030  000B86      16AC       0  CODE        2
                text17                         000B86  000039  000BBF      170C       0  CODE        2
                text22                         000BBF  00003F  000BFE      177E       0  CODE        2
                text8                          000BFE  000042  000C40      17FC       0  CODE        2
                text18                         000C40  00004D  000C8D      1880       0  CODE        2
                text14                         000C8D  00004D  000CDA      191A       0  CODE        2
                text46                         000CDA  000050  000D2A      19B4       0  CODE        2
                text10                         000D2A  000054  000D7E      1A54       0  CODE        2
                text11                         000D7E  000055  000DD3      1AFC       0  CODE        2
                text26                         000DD3  000067  000E3A      1BA6       0  CODE        2
                text25                         000E3A  000068  000EA2      1C74       0  CODE        2
                text27                         000EA2  00006F  000F11      1D44       0  CODE        2
                text7                          000F11  000070  000F81      1E22       0  CODE        2
                text15                         000F81  00007F  001000      1F02       0  CODE        2
                config                         008007  000002  008009     1000E       0  CONFIG      2


UNUSED ADDRESS RANGES

        Name                Unused          Largest block    Delta
        BANK10           00520-0056F              50           1
        BANK11           005A0-005EF              50           1
        BANK12           00620-0064F              30           1
        BANK2            00169-0016F               7           1
        BANK3            001CB-001EF              25           1
        BANK4            0026E-0026F               2           1
        BANK5            002A0-002EF              50           1
        BANK6            00320-0036F              50           1
        BANK7            003A0-003EF              50           1
        BANK8            00420-0046F              50           1
        BANK9            004A0-004EF              50           1
        BIGRAM           02000-023EF             3F0           1
        CODE             00002-00003               2           2
                         00844-00971             12E
                         01000-01FFF             800
        COMMON           0007D-0007D               1           1
        CONST            00002-00003               2           2
                         00844-00971              BC
                         01000-01FFF             100
        ENTRY            00002-00003               2           2
                         00844-00971              BC
                         01000-01FFF             100
        IDLOC            08000-08003               4           2
        RAM              00169-0016F               7           1
                         001CB-001EF              25
                         0026E-0026F               2
                         002A0-002EF              50
                         00320-0036F              50
                         003A0-003EF              50
                         00420-0046F              50
                         004A0-004EF              50
                         00520-0056F              50
                         005A0-005EF              50
                         00620-0064F              30
        SFR0             00000-0001F              20           1
        SFR1             00080-0009F              20           1
        SFR10            00500-0051F              20           1
        SFR11            00580-0059F              20           1
        SFR12            00600-0061F              20           1
        SFR13            00680-006EF              70           1
        SFR14            00700-0076F              70           1
        SFR15            00780-007EF              70           1
        SFR16            00800-0086F              70           1
        SFR17            00880-008EF              70           1
        SFR18            00900-0096F              70           1
        SFR19            00980-009EF              70           1
        SFR2             00100-0011F              20           1
        SFR20            00A00-00A6F              70           1
        SFR21            00A80-00AEF              70           1
        SFR22            00B00-00B6F              70           1
        SFR23            00B80-00BEF              70           1
        SFR24            00C00-00C6F              70           1
        SFR25            00C80-00CEF              70           1
        SFR26            00D00-00D6F              70           1
        SFR27            00D80-00DEF              70           1
        SFR28            00E00-00E6F              70           1
        SFR29            00E80-00EEF              70           1
        SFR3             00180-0019F              20           1
        SFR30            00F00-00F6F              70           1
        SFR31            00F80-00FEF              70           1
        SFR4             00200-0021F              20           1
        SFR5             00280-0029F              20           1
        SFR6             00300-0031F              20           1
        SFR7             00380-0039F              20           1
        SFR8             00400-0041F              20           1
        SFR9             00480-0049F              20           1
        STACK            0218E-023EF             262           1
        STRCODE          00002-00003               2           2
                         00844-00971             12E
                         01000-01FFF            1000
        STRING           00002-00003               2           2
                         00844-00971              BC
                         01000-01FFF             100

                                  Symbol Table

APP_DeviceAudioMIDITasks@scan_pitch       cstackBANK0  00067
APP_DeviceAudioMIDITasks@velocity         cstackBANK0  00068
APP_LEDUpdateUSBStatus@ledCount           bssBANK1     000E5
BUTTON_Enable@button                      cstackCOMMON 00071
LED_Enable@led                            cstackCOMMON 00071
LED_Off@led                               cstackCOMMON 00071
LED_On@led                                cstackCOMMON 00071
SYSTEM_Initialize@state                   cstackCOMMON 00072
USBConfigureEndpoint@EPNum                cstackCOMMON 00076
USBConfigureEndpoint@direction            cstackCOMMON 00071
USBConfigureEndpoint@handle               cstackCOMMON 00077
USBCtrlEPService@setup_cnt                cstackBANK0  00065
USBCtrlTrfInHandler@lastDTS               cstackCOMMON 00076
USBCtrlTrfRxService@byteToRead            cstackCOMMON 00076
USBCtrlTrfRxService@i                     cstackCOMMON 00075
USBCtrlTrfTxService@byteToSend            cstackCOMMON 00073
USBDeviceInit@i                           cstackCOMMON 00075
USBDeviceInit@i_1706                      cstackCOMMON 00074
USBDeviceInit@p                           cstackCOMMON 00072
USBDeviceTasks@i                          cstackBANK0  00068
USBEnableEndpoint@ep                      cstackBANK0  00052
USBEnableEndpoint@options                 cstackCOMMON 00078
USBEnableEndpoint@p                       cstackBANK0  00050
USBStdFeatureReqHandler@current_ep_data   cstackBANK0  0005E
USBStdFeatureReqHandler@p                 cstackBANK0  0005F
USBStdFeatureReqHandler@pUEP              cstackBANK0  0005C
USBStdGetStatusHandler@p                  cstackCOMMON 00072
USBStdSetCfgHandler@i                     cstackBANK0  0005D
USBStdSetCfgHandler@i_2037                cstackBANK0  0005C
USBStdSetCfgHandler@p                     cstackBANK0  0005A
USBTransferOnePacket@data                 cstackCOMMON 00072
USBTransferOnePacket@dir                  cstackCOMMON 00071
USBTransferOnePacket@ep                   cstackCOMMON 00077
USBTransferOnePacket@handle               cstackCOMMON 00078
USBTransferOnePacket@len                  cstackCOMMON 00074
USER_USB_CALLBACK_EVENT_HANDLER@event     cstackBANK0  00055
USER_USB_CALLBACK_EVENT_HANDLER@pdata     cstackBANK0  00057
USER_USB_CALLBACK_EVENT_HANDLER@size      cstackBANK0  00058
_ACTCON                                   (abs)        0039B
_ADCON0                                   (abs)        0009D
_ADCON0bits                               (abs)        0009D
_ADCON1                                   (abs)        0009E
_ADCON1bits                               (abs)        0009E
_ADCON2                                   (abs)        0009F
_ADCON2bits                               (abs)        0009F
_ADRESH                                   (abs)        0009C
_ADRESL                                   (abs)        0009B
_ANSELA                                   (abs)        0018C
_ANSELAbits                               (abs)        0018C
_ANSELBbits                               (abs)        0018D
_ANSELCbits                               (abs)        0018E
_APP_DeviceAudioMIDIInitialize            text20       00AFD
_APP_DeviceAudioMIDISOFHandler            text19       0098E
_APP_DeviceAudioMIDITasks                 text31       0032C
_APP_DeviceAudioMIDITasks$415             cstackBANK0  00063
_APP_DeviceAudioMIDITasks$456             cstackBANK0  00065
_APP_LEDUpdateUSBStatus                   text18       00C40
_BAUDCON                                  (abs)        0019F
_BDT                                      (abs)        00020
_BUTTON_Enable                            text30       00995
_BothEP0OutUOWNsSet                       bssBANK2     0015A
_CtrlTrfData                              (abs)        00048
_INTCONbits                               (abs)        0000B
_LATCbits                                 (abs)        0010E
_LED_Enable                               text29       00A53
_LED_Off                                  text37       00A21
_LED_On                                   text36       00A3A
_OPTION_REGbits                           (abs)        00095
_OSCCON                                   (abs)        00099
_PIE1bits                                 (abs)        00091
_PIE2bits                                 (abs)        00092
_PIR2bits                                 (abs)        00012
_PORTAbits                                (abs)        0000C
_RCREG                                    (abs)        00199
_RCSTA                                    (abs)        0019D
_RCSTAbits                                (abs)        0019D
_ReceivedDataBuffer                       (abs)        000A0
_RemoteWakeup                             bssBANK2     0015B
_SYSTEM_Initialize                        text28       00AA1
_SYS_InterruptHigh                        intentry     00004
_SetupPkt                                 (abs)        00040
_TMR0                                     (abs)        00015
_TRISAbits                                (abs)        0008C
_TRISBbits                                (abs)        0008D
_TRISCbits                                (abs)        0008E
_TXREG                                    (abs)        0019A
_TXSTA                                    (abs)        0019E
_UADDR                                    (abs)        00E96
_UCFG                                     (abs)        00E91
_UCON                                     (abs)        00E8E
_UCONbits                                 (abs)        00E8E
_UEIE                                     (abs)        00E97
_UEIR                                     (abs)        00E93
_UEP0                                     (abs)        00E98
_UEP0bits                                 (abs)        00E98
_UEP1                                     (abs)        00E99
_UIE                                      (abs)        00E92
_UIEbits                                  (abs)        00E92
_UIR                                      (abs)        00E90
_UIRbits                                  (abs)        00E90
_USB1msTickCount                          bssBANK2     0014E
_USBActiveConfiguration                   bssBANK1     000EE
_USBAlternateInterface                    bssBANK1     000EF
_USBBusIsSuspended                        bssBANK2     0015C
_USBCheckStdRequest                       text11       00D7E
_USBConfigureEndpoint                     text22       00BBF
_USBCtrlEPAllowDataStage                  text10       00D2A
_USBCtrlEPAllowStatusStage                text25       00E3A
_USBCtrlEPService                         text7        00F11
_USBCtrlEPServiceComplete                 text9        006D7
_USBCtrlTrfInHandler                      text26       00DD3
_USBCtrlTrfOutHandler                     text23       00B27
_USBCtrlTrfRxService                      text24       00645
_USBCtrlTrfSetupHandler                   text8        00BFE
_USBCtrlTrfTxService                      text27       00EA2
_USBDeferINDataStagePackets               bssBANK2     0015D
_USBDeferOUTDataStagePackets              bssBANK2     0015E
_USBDeferStatusStagePacket                bssBANK0     0006B
_USBDeviceInit                            text6        0059D
_USBDeviceState                           bssBANK0     0006C
_USBDeviceTasks                           text1        0023D
_USBEnableEndpoint                        text21       00ADA
_USBIncrement1msInternalTimers            text5        00A09
_USBRxHandle                              bssBANK1     000E7
_USBStallHandler                          text4        007DC
_USBStatusStageEnabledFlag1               bssBANK2     0015F
_USBStatusStageEnabledFlag2               bssBANK2     00160
_USBStatusStageTimeoutCounter             bssBANK2     00161
_USBStdFeatureReqHandler                  text16       0003B
_USBStdGetDscHandler                      text15       00F81
_USBStdGetStatusHandler                   text14       00C8D
_USBStdSetCfgHandler                      text12       0075D
_USBSuspend                               text3        009F2
_USBTicksSinceSuspendEnd                  bssBANK2     00162
_USBTransferOnePacket                     text46       00CDA
_USBTxHandle                              bssBANK1     000E8
_USBWakeFromSuspend                       text2        00A86
_USB_CD_Ptr                               stringtext   0016E
_USB_SD_Ptr                               stringtext   00168
_USER_USB_CALLBACK_EVENT_HANDLER          text17       00B86
_USTAT                                    (abs)        00E8F
_USTATcopy                                bssBANK0     0006F
__CFG_BOREN$ON                            (abs)        00000
__CFG_BORV$LO                             (abs)        00000
__CFG_CLKOUTEN$OFF                        (abs)        00000
__CFG_CP$OFF                              (abs)        00000
__CFG_CPUDIV$NOCLKDIV                     (abs)        00000
__CFG_FCMEN$OFF                           (abs)        00000
__CFG_FOSC$INTOSC                         (abs)        00000
__CFG_IESO$OFF                            (abs)        00000
__CFG_LPBOR$OFF                           (abs)        00000
__CFG_LVP$OFF                             (abs)        00000
__CFG_MCLRE$ON                            (abs)        00000
__CFG_PLLEN$ENABLED                       (abs)        00000
__CFG_PLLMULT$3x                          (abs)        00000
__CFG_PWRTE$OFF                           (abs)        00000
__CFG_STVREN$ON                           (abs)        00000
__CFG_USBLSCLK$48MHz                      (abs)        00000
__CFG_WDTE$OFF                            (abs)        00000
__CFG_WRT$OFF                             (abs)        00000
__Habs1                                   abs1         00000
__Hbank0                                  bank0        00000
__Hbank1                                  bank1        00000
__Hbank10                                 bank10       00000
__Hbank11                                 bank11       00000
__Hbank12                                 bank12       00000
__Hbank13                                 bank13       00000
__Hbank14                                 bank14       00000
__Hbank15                                 bank15       00000
__Hbank16                                 bank16       00000
__Hbank17                                 bank17       00000
__Hbank18                                 bank18       00000
__Hbank19                                 bank19       00000
__Hbank2                                  bank2        00000
__Hbank20                                 bank20       00000
__Hbank21                                 bank21       00000
__Hbank22                                 bank22       00000
__Hbank23                                 bank23       00000
__Hbank24                                 bank24       00000
__Hbank25                                 bank25       00000
__Hbank26                                 bank26       00000
__Hbank27                                 bank27       00000
__Hbank28                                 bank28       00000
__Hbank29                                 bank29       00000
__Hbank3                                  bank3        00000
__Hbank30                                 bank30       00000
__Hbank31                                 bank31       00000
__Hbank4                                  bank4        00000
__Hbank5                                  bank5        00000
__Hbank6                                  bank6        00000
__Hbank7                                  bank7        00000
__Hbank8                                  bank8        00000
__Hbank9                                  bank9        00000
__Hbigram                                 bigram       00000
__HbssBANK0                               bssBANK0     00000
__HbssBANK1                               bssBANK1     00000
__HbssBANK2                               bssBANK2     00000
__HbssBANK3                               bssBANK3     00000
__HbssBANK4                               bssBANK4     00000
__HbssCOMMON                              bssCOMMON    00000
__Hcinit                                  cinit        0003B
__Hclrtext                                clrtext      00000
__Hcode                                   code         00000
__Hcommon                                 common       00000
__Hconfig                                 config       08009
__HcstackBANK0                            cstackBANK0  00000
__HcstackCOMMON                           cstackCOMMON 00000
__Heeprom_data                            eeprom_data  00000
__Hend_init                               end_init     0000F
__Hfunctab                                functab      00000
__Hidloc                                  idloc        00000
__Hinit                                   init         0000D
__Hintentry                               intentry     0000D
__Hmaintext                               maintext     00000
__Hpowerup                                powerup      00000
__Hram                                    ram          00000
__Hreset_vec                              reset_vec    00002
__Hsfr0                                   sfr0         00000
__Hsfr1                                   sfr1         00000
__Hsfr10                                  sfr10        00000
__Hsfr11                                  sfr11        00000
__Hsfr12                                  sfr12        00000
__Hsfr13                                  sfr13        00000
__Hsfr14                                  sfr14        00000
__Hsfr15                                  sfr15        00000
__Hsfr16                                  sfr16        00000
__Hsfr17                                  sfr17        00000
__Hsfr18                                  sfr18        00000
__Hsfr19                                  sfr19        00000
__Hsfr2                                   sfr2         00000
__Hsfr20                                  sfr20        00000
__Hsfr21                                  sfr21        00000
__Hsfr22                                  sfr22        00000
__Hsfr23                                  sfr23        00000
__Hsfr24                                  sfr24        00000
__Hsfr25                                  sfr25        00000
__Hsfr26                                  sfr26        00000
__Hsfr27                                  sfr27        00000
__Hsfr28                                  sfr28        00000
__Hsfr29                                  sfr29        00000
__Hsfr3                                   sfr3         00000
__Hsfr30                                  sfr30        00000
__Hsfr31                                  sfr31        00000
__Hsfr4                                   sfr4         00000
__Hsfr5                                   sfr5         00000
__Hsfr6                                   sfr6         00000
__Hsfr7                                   sfr7         00000
__Hsfr8                                   sfr8         00000
__Hsfr9                                   sfr9         00000
__Hspace_0                                (abs)        08009
__Hspace_1                                (abs)        0026E
__Hspace_2                                (abs)        00000
__Hspace_3                                (abs)        00000
__Hstack                                  stack        00000
__Hstrings                                strings      00000
__Hstringtext                             stringtext   00000
__Htext                                   text         00000
__Labs1                                   abs1         00000
__Lbank0                                  bank0        00000
__Lbank1                                  bank1        00000
__Lbank10                                 bank10       00000
__Lbank11                                 bank11       00000
__Lbank12                                 bank12       00000
__Lbank13                                 bank13       00000
__Lbank14                                 bank14       00000
__Lbank15                                 bank15       00000
__Lbank16                                 bank16       00000
__Lbank17                                 bank17       00000
__Lbank18                                 bank18       00000
__Lbank19                                 bank19       00000
__Lbank2                                  bank2        00000
__Lbank20                                 bank20       00000
__Lbank21                                 bank21       00000
__Lbank22                                 bank22       00000
__Lbank23                                 bank23       00000
__Lbank24                                 bank24       00000
__Lbank25                                 bank25       00000
__Lbank26                                 bank26       00000
__Lbank27                                 bank27       00000
__Lbank28                                 bank28       00000
__Lbank29                                 bank29       00000
__Lbank3                                  bank3        00000
__Lbank30                                 bank30       00000
__Lbank31                                 bank31       00000
__Lbank4                                  bank4        00000
__Lbank5                                  bank5        00000
__Lbank6                                  bank6        00000
__Lbank7                                  bank7        00000
__Lbank8                                  bank8        00000
__Lbank9                                  bank9        00000
__Lbigram                                 bigram       00000
__LbssBANK0                               bssBANK0     00000
__LbssBANK1                               bssBANK1     00000
__LbssBANK2                               bssBANK2     00000
__LbssBANK3                               bssBANK3     00000
__LbssBANK4                               bssBANK4     00000
__LbssCOMMON                              bssCOMMON    00000
__Lcinit                                  cinit        0000F
__Lclrtext                                clrtext      00000
__Lcode                                   code         00000
__Lcommon                                 common       00000
__Lconfig                                 config       08007
__LcstackBANK0                            cstackBANK0  00000
__LcstackCOMMON                           cstackCOMMON 00000
__Leeprom_data                            eeprom_data  00000
__Lend_init                               end_init     0000D
__Lfunctab                                functab      00000
__Lidloc                                  idloc        00000
__Linit                                   init         0000D
__Lintentry                               intentry     00004
__Lmaintext                               maintext     00000
__Lpowerup                                powerup      00000
__Lram                                    ram          00000
__Lreset_vec                              reset_vec    00000
__Lsfr0                                   sfr0         00000
__Lsfr1                                   sfr1         00000
__Lsfr10                                  sfr10        00000
__Lsfr11                                  sfr11        00000
__Lsfr12                                  sfr12        00000
__Lsfr13                                  sfr13        00000
__Lsfr14                                  sfr14        00000
__Lsfr15                                  sfr15        00000
__Lsfr16                                  sfr16        00000
__Lsfr17                                  sfr17        00000
__Lsfr18                                  sfr18        00000
__Lsfr19                                  sfr19        00000
__Lsfr2                                   sfr2         00000
__Lsfr20                                  sfr20        00000
__Lsfr21                                  sfr21        00000
__Lsfr22                                  sfr22        00000
__Lsfr23                                  sfr23        00000
__Lsfr24                                  sfr24        00000
__Lsfr25                                  sfr25        00000
__Lsfr26                                  sfr26        00000
__Lsfr27                                  sfr27        00000
__Lsfr28                                  sfr28        00000
__Lsfr29                                  sfr29        00000
__Lsfr3                                   sfr3         00000
__Lsfr30                                  sfr30        00000
__Lsfr31                                  sfr31        00000
__Lsfr4                                   sfr4         00000
__Lsfr5                                   sfr5         00000
__Lsfr6                                   sfr6         00000
__Lsfr7                                   sfr7         00000
__Lsfr8                                   sfr8         00000
__Lsfr9                                   sfr9         00000
__Lspace_0                                (abs)        00000
__Lspace_1                                (abs)        00000
__Lspace_2                                (abs)        00000
__Lspace_3                                (abs)        00000
__Lstack                                  stack        00000
__Lstrings                                strings      00000
__Lstringtext                             stringtext   00000
__Ltext                                   text         00000
__S0                                      (abs)        08009
__S1                                      (abs)        0026E
__S2                                      (abs)        00000
___int_sp                                 stack        00000
___latbits                                (abs)        00002
___sp                                     stack        00000
__end_of_APP_DeviceAudioMIDIInitialize    text20       00B27
__end_of_APP_DeviceAudioMIDISOFHandler    text19       00995
__end_of_APP_DeviceAudioMIDITasks         text31       00411
__end_of_APP_LEDUpdateUSBStatus           text18       00C8D
__end_of_BUTTON_Enable                    text30       0099F
__end_of_LED_Enable                       text29       00A6C
__end_of_LED_Off                          text37       00A3A
__end_of_LED_On                           text36       00A53
__end_of_SYSTEM_Initialize                text28       00ABD
__end_of_SYS_InterruptHigh                intentry     0000D
__end_of_USBCheckStdRequest               text11       00DD3
__end_of_USBConfigureEndpoint             text22       00BFE
__end_of_USBCtrlEPAllowDataStage          text10       00D7E
__end_of_USBCtrlEPAllowStatusStage        text25       00EA2
__end_of_USBCtrlEPService                 text7        00F81
__end_of_USBCtrlEPServiceComplete         text9        0075D
__end_of_USBCtrlTrfInHandler              text26       00E3A
__end_of_USBCtrlTrfOutHandler             text23       00B56
__end_of_USBCtrlTrfRxService              text24       006D7
__end_of_USBCtrlTrfSetupHandler           text8        00C40
__end_of_USBCtrlTrfTxService              text27       00F11
__end_of_USBDeviceInit                    text6        00645
__end_of_USBDeviceTasks                   text1        0032C
__end_of_USBEnableEndpoint                text21       00AFD
__end_of_USBIncrement1msInternalTimers    text5        00A21
__end_of_USBStallHandler                  text4        00800
__end_of_USBStdFeatureReqHandler          text16       00141
__end_of_USBStdGetDscHandler              text15       01000
__end_of_USBStdGetStatusHandler           text14       00CDA
__end_of_USBStdSetCfgHandler              text12       007DC
__end_of_USBSuspend                       text3        00A09
__end_of_USBTransferOnePacket             text46       00D2A
__end_of_USBWakeFromSuspend               text2        00AA1
__end_of_USB_CD_Ptr                       stringtext   00170
__end_of_USB_SD_Ptr                       stringtext   0016E
__end_of_USER_USB_CALLBACK_EVENT_HANDLER  text17       00BBF
__end_of__initialization                  cinit        00037
__end_of_configDescriptor1                stringtext   001D9
__end_of_device_dsc                       stringtext   00239
__end_of_get_adc                          text45       00975
__end_of_get_data                         text44       0097A
__end_of_is_adc_ready                     text43       00987
__end_of_is_end_of_scan                   text42       009DC
__end_of_main                             maintext     009F2
__end_of_memset                           text13       00A86
__end_of_process_level                    text35       004F0
__end_of_run_adc                          text41       0098E
__end_of_scan_init                        text40       00ADA
__end_of_scan_task                        text32       0059D
__end_of_sd000                            stringtext   0023D
__end_of_sd001                            stringtext   0020D
__end_of_sd002                            stringtext   00227
__end_of_set_clock_and_data               text39       009C7
__end_of_set_timer                        text38       009AA
__end_of_store_key_level                  text34       00B86
__end_of_waiting_for_timer                text33       009B5
__end_ofprocess_level@L                   stringtext   00171
__end_ofprocess_level@idx_midi_map        stringtext   00168
__end_ofprocess_level@key_off_threshold   stringtext   00172
__end_ofprocess_level@key_on_threshold    stringtext   00173
__end_ofprocess_level@midi_shift          stringtext   00174
__initialization                          cinit        0000F
__pbssBANK0                               bssBANK0     00069
__pbssBANK1                               bssBANK1     000E0
__pbssBANK2                               bssBANK2     00120
__pbssBANK3                               bssBANK3     001A4
__pbssBANK4                               bssBANK4     00220
__pbssCOMMON                              bssCOMMON    0007C
__pcstackBANK0                            cstackBANK0  00050
__pcstackCOMMON                           cstackCOMMON 00070
__pintentry                               intentry     00004
__pmaintext                               maintext     009DC
__pstringtext                             stringtext   00141
__pswtext1                                swtext1      00800
__pswtext2                                swtext2      00826
__pswtext3                                swtext3      0081A
__pswtext4                                swtext4      00830
__pswtext5                                swtext5      0083A
__ptext1                                  text1        0023D
__ptext10                                 text10       00D2A
__ptext11                                 text11       00D7E
__ptext12                                 text12       0075D
__ptext13                                 text13       00A6C
__ptext14                                 text14       00C8D
__ptext15                                 text15       00F81
__ptext16                                 text16       0003B
__ptext17                                 text17       00B86
__ptext18                                 text18       00C40
__ptext19                                 text19       0098E
__ptext2                                  text2        00A86
__ptext20                                 text20       00AFD
__ptext21                                 text21       00ADA
__ptext22                                 text22       00BBF
__ptext23                                 text23       00B27
__ptext24                                 text24       00645
__ptext25                                 text25       00E3A
__ptext26                                 text26       00DD3
__ptext27                                 text27       00EA2
__ptext28                                 text28       00AA1
__ptext29                                 text29       00A53
__ptext3                                  text3        009F2
__ptext30                                 text30       00995
__ptext31                                 text31       0032C
__ptext32                                 text32       004F0
__ptext33                                 text33       009AA
__ptext34                                 text34       00B56
__ptext35                                 text35       00411
__ptext36                                 text36       00A3A
__ptext37                                 text37       00A21
__ptext38                                 text38       0099F
__ptext39                                 text39       009B5
__ptext4                                  text4        007DC
__ptext40                                 text40       00ABD
__ptext41                                 text41       00987
__ptext42                                 text42       009C7
__ptext43                                 text43       00980
__ptext44                                 text44       00975
__ptext45                                 text45       00972
__ptext46                                 text46       00CDA
__ptext5                                  text5        00A09
__ptext6                                  text6        0059D
__ptext7                                  text7        00F11
__ptext8                                  text8        00BFE
__ptext9                                  text9        006D7
__size_of_APP_DeviceAudioMIDIInitialize   (abs)        00000
__size_of_APP_DeviceAudioMIDISOFHandler   (abs)        00000
__size_of_APP_DeviceAudioMIDITasks        (abs)        00000
__size_of_APP_LEDUpdateUSBStatus          (abs)        00000
__size_of_BUTTON_Enable                   (abs)        00000
__size_of_LED_Enable                      (abs)        00000
__size_of_LED_Off                         (abs)        00000
__size_of_LED_On                          (abs)        00000
__size_of_SYSTEM_Initialize               (abs)        00000
__size_of_SYS_InterruptHigh               (abs)        00000
__size_of_USBCheckStdRequest              (abs)        00000
__size_of_USBConfigureEndpoint            (abs)        00000
__size_of_USBCtrlEPAllowDataStage         (abs)        00000
__size_of_USBCtrlEPAllowStatusStage       (abs)        00000
__size_of_USBCtrlEPService                (abs)        00000
__size_of_USBCtrlEPServiceComplete        (abs)        00000
__size_of_USBCtrlTrfInHandler             (abs)        00000
__size_of_USBCtrlTrfOutHandler            (abs)        00000
__size_of_USBCtrlTrfRxService             (abs)        00000
__size_of_USBCtrlTrfSetupHandler          (abs)        00000
__size_of_USBCtrlTrfTxService             (abs)        00000
__size_of_USBDeviceInit                   (abs)        00000
__size_of_USBDeviceTasks                  (abs)        00000
__size_of_USBEnableEndpoint               (abs)        00000
__size_of_USBIncrement1msInternalTimers   (abs)        00000
__size_of_USBStallHandler                 (abs)        00000
__size_of_USBStdFeatureReqHandler         (abs)        00000
__size_of_USBStdGetDscHandler             (abs)        00000
__size_of_USBStdGetStatusHandler          (abs)        00000
__size_of_USBStdSetCfgHandler             (abs)        00000
__size_of_USBSuspend                      (abs)        00000
__size_of_USBTransferOnePacket            (abs)        00000
__size_of_USBWakeFromSuspend              (abs)        00000
__size_of_USER_USB_CALLBACK_EVENT_HANDLER (abs)        00000
__size_of_get_adc                         (abs)        00000
__size_of_get_data                        (abs)        00000
__size_of_is_adc_ready                    (abs)        00000
__size_of_is_end_of_scan                  (abs)        00000
__size_of_main                            (abs)        00000
__size_of_memset                          (abs)        00000
__size_of_process_level                   (abs)        00000
__size_of_run_adc                         (abs)        00000
__size_of_scan_init                       (abs)        00000
__size_of_scan_task                       (abs)        00000
__size_of_set_clock_and_data              (abs)        00000
__size_of_set_timer                       (abs)        00000
__size_of_store_key_level                 (abs)        00000
__size_of_waiting_for_timer               (abs)        00000
_adc_levels                               bssBANK4     00220
_configDescriptor1                        stringtext   00174
_controlTransferState                     bssBANK1     000E9
_device_dsc                               stringtext   00227
_endpoint_number                          bssBANK1     000EA
_ep_data_in                               bssBANK2     00152
_ep_data_out                              bssBANK2     00154
_get_adc                                  text45       00972
_get_data                                 text44       00975
_inPipes                                  bssBANK1     000E0
_is_adc_ready                             text43       00980
_is_end_of_scan                           text42       009C7
_is_initialized                           bssBANK2     00163
_main                                     maintext     009DC
_memset                                   text13       00A6C
_midiData                                 (abs)        001A0
_msCounter                                bssBANK1     000EB
_note_event                               bssBANK2     00156
_outPipes                                 bssBANK2     00147
_pBDTEntryEP0OutCurrent                   bssBANK0     0006D
_pBDTEntryEP0OutNext                      bssCOMMON    0007C
_pBDTEntryIn                              bssBANK0     00069
_pBDTEntryOut                             bssBANK2     00158
_pDst                                     bssBANK2     00164
_pitch                                    bssBANK1     000EC
_process_level                            text35       00411
_process_level$851                        cstackBANK0  00057
_process_level$852                        cstackBANK0  00054
_run_adc                                  text41       00987
_scan_init                                text40       00ABD
_scan_task                                text32       004F0
_scan_task$870                            cstackBANK0  0005C
_scan_task$874                            cstackBANK0  0005E
_sd000                                    stringtext   00239
_sd001                                    stringtext   001D9
_sd002                                    stringtext   0020D
_sentNoteOff                              bssBANK2     00165
_set_clock_and_data                       text39       009B5
_set_timer                                text38       0099F
_shortPacketStatus                        bssBANK1     000ED
_store_key_level                          text34       00B56
_wait_timer                               bssBANK2     00166
_waiting_for_timer                        text33       009AA
_waiting_for_timer$814                    cstackCOMMON 00071
btemp                                     (abs)        0007E
clear_ram0                                clrtext      0097A
end_of_initialization                     cinit        00037
int$flags                                 (abs)        0007E
intlevel0                                 functab      00000
intlevel1                                 functab      00000
intlevel2                                 functab      00000
intlevel3                                 functab      00000
intlevel4                                 functab      00000
intlevel5                                 functab      00000
is_end_of_scan@res                        cstackCOMMON 00073
is_end_of_scan@scan_counter               bssBANK2     00167
ltemp                                     (abs)        0007E
ltemp0                                    (abs)        0007E
ltemp1                                    (abs)        00082
ltemp2                                    (abs)        00086
ltemp3                                    (abs)        00080
memset@c                                  cstackCOMMON 00071
memset@n                                  cstackCOMMON 00073
memset@p                                  cstackCOMMON 00076
memset@p1                                 cstackCOMMON 00077
process_level@L                           stringtext   00170
process_level@current_state               cstackBANK0  00052
process_level@filtered_state              cstackBANK0  00059
process_level@idx_key                     cstackBANK0  0005A
process_level@idx_midi_map                stringtext   00141
process_level@key_off_counter             bssBANK3     001A4
process_level@key_off_threshold           stringtext   00171
process_level@key_on_counter              bssBANK4     00247
process_level@key_on_threshold            stringtext   00172
process_level@key_states                  bssBANK2     00120
process_level@midi_shift                  stringtext   00173
process_level@new_level                   cstackCOMMON 00073
process_level@off_flag                    cstackBANK0  00056
process_level@old_level                   cstackCOMMON 00072
process_level@old_state                   cstackBANK0  00050
process_level@on_flag                     cstackBANK0  00058
reset_vec                                 reset_vec    00000
scan_task@note                            cstackBANK0  00060
scan_task@state                           bssBANK2     00168
scan_task@velocity                        cstackBANK0  0005B
set_clock_and_data@c                      cstackCOMMON 00072
set_clock_and_data@d                      cstackCOMMON 00071
stackhi                                   (abs)        023EF
stacklo                                   (abs)        0218E
start                                     init         0000D
start_initialization                      cinit        0000F
store_key_level@end_of_scan               cstackCOMMON 00077
store_key_level@idx_key                   bssBANK0     0006E
store_key_level@level                     cstackCOMMON 0007A
ttemp                                     (abs)        0007E
ttemp0                                    (abs)        0007E
ttemp1                                    (abs)        00081
ttemp2                                    (abs)        00084
ttemp3                                    (abs)        00087
ttemp4                                    (abs)        0007F
wtemp                                     (abs)        0007E
wtemp0                                    (abs)        0007E
wtemp1                                    (abs)        00080
wtemp2                                    (abs)        00082
wtemp3                                    (abs)        00084
wtemp4                                    (abs)        00086
wtemp5                                    (abs)        00088
wtemp6                                    (abs)        0007F


FUNCTION INFORMATION:

 *************** function _main *****************
 Defined at:
		line 34 in file "../src/main.c"
 Parameters:    Size  Location     Type
		None
 Auto vars:     Size  Location     Type
		None
 Return value:  Size  Location     Type
		None               void
 Registers used:
		wreg, fsr0l, fsr0h, fsr1l, fsr1h, status,2, status,0, pclath, cstack
 Tracked objects:
		On entry : 
		On exit  : 
		Unchanged: 
 Data sizes:     COMMON   BANK0   BANK1   BANK2   BANK3   BANK4   BANK5   BANK6   BANK7   BANK8   BANK9  BANK10  BANK11  BANK12
      Params:         0       0       0       0       0       0       0       0       0       0       0       0       0       0
      Locals:         0       0       0       0       0       0       0       0       0       0       0       0       0       0
      Temps:          0       0       0       0       0       0       0       0       0       0       0       0       0       0
      Totals:         0       0       0       0       0       0       0       0       0       0       0       0       0       0
Total ram usage:        0 bytes
 Hardware stack levels required when called:   10
 This function calls:
		_APP_DeviceAudioMIDITasks
		_SYSTEM_Initialize
		_USBDeviceInit
		_USBDeviceTasks
 This function is called by:
		Startup code after reset
 This function uses a non-reentrant model


 *************** function _USBDeviceTasks *****************
 Defined at:
		line 496 in file "../framework/usb/usb_device.c"
 Parameters:    Size  Location     Type
		None
 Auto vars:     Size  Location     Type
  i               1   24[BANK0 ] unsigned char 
 Return value:  Size  Location     Type
		None               void
 Registers used:
		wreg, fsr0l, fsr0h, fsr1l, fsr1h, status,2, status,0, pclath, cstack
 Tracked objects:
		On entry : 
		On exit  : 
		Unchanged: 
 Data sizes:     COMMON   BANK0   BANK1   BANK2   BANK3   BANK4   BANK5   BANK6   BANK7   BANK8   BANK9  BANK10  BANK11  BANK12
      Params:         0       0       0       0       0       0       0       0       0       0       0       0       0       0
      Locals:         0       1       0       0       0       0       0       0       0       0       0       0       0       0
      Temps:          0       2       0       0       0       0       0       0       0       0       0       0       0       0
      Totals:         0       3       0       0       0       0       0       0       0       0       0       0       0       0
Total ram usage:        3 bytes
 Hardware stack levels used:    1
 Hardware stack levels required when called:    9
 This function calls:
		_USBCtrlEPAllowStatusStage
		_USBCtrlEPService
		_USBDeviceInit
		_USBIncrement1msInternalTimers
		_USBStallHandler
		_USBSuspend
		_USBWakeFromSuspend
		_USER_USB_CALLBACK_EVENT_HANDLER
 This function is called by:
		_main
 This function uses a non-reentrant model


 *************** function _USBWakeFromSuspend *****************
 Defined at:
		line 2322 in file "../framework/usb/usb_device.c"
 Parameters:    Size  Location     Type
		None
 Auto vars:     Size  Location     Type
		None
 Return value:  Size  Location     Type
		None               void
 Registers used:
		wreg, fsr0l, fsr0h, fsr1l, fsr1h, status,2, status,0, pclath, cstack
 Tracked objects:
		On entry : 
		On exit  : 
		Unchanged: 
 Data sizes:     COMMON   BANK0   BANK1   BANK2   BANK3   BANK4   BANK5   BANK6   BANK7   BANK8   BANK9  BANK10  BANK11  BANK12
      Params:         0       0       0       0       0       0       0       0       0       0       0       0       0       0
      Locals:         0       0       0       0       0       0       0       0       0       0       0       0       0       0
      Temps:          1       0       0       0       0       0       0       0       0       0       0       0       0       0
      Totals:         1       0       0       0       0       0       0       0       0       0       0       0       0       0
Total ram usage:        1 bytes
 Hardware stack levels used:    1
 Hardware stack levels required when called:    5
 This function calls:
		_USER_USB_CALLBACK_EVENT_HANDLER
 This function is called by:
		_USBDeviceTasks
 This function uses a non-reentrant model


 *************** function _USBSuspend *****************
 Defined at:
		line 2264 in file "../framework/usb/usb_device.c"
 Parameters:    Size  Location     Type
		None
 Auto vars:     Size  Location     Type
		None
 Return value:  Size  Location     Type
		None               void
 Registers used:
		wreg, fsr0l, fsr0h, fsr1l, fsr1h, status,2, status,0, pclath, cstack
 Tracked objects:
		On entry : 
		On exit  : 
		Unchanged: 
 Data sizes:     COMMON   BANK0   BANK1   BANK2   BANK3   BANK4   BANK5   BANK6   BANK7   BANK8   BANK9  BANK10  BANK11  BANK12
      Params:         0       0       0       0       0       0       0       0       0       0       0       0       0       0
      Locals:         0       0       0       0       0       0       0       0       0       0       0       0       0       0
      Temps:          1       0       0       0       0       0       0       0       0       0       0       0       0       0
      Totals:         1       0       0       0       0       0       0       0       0       0       0       0       0       0
Total ram usage:        1 bytes
 Hardware stack levels used:    1
 Hardware stack levels required when called:    5
 This function calls:
		_USER_USB_CALLBACK_EVENT_HANDLER
 This function is called by:
		_USBDeviceTasks
 This function uses a non-reentrant model


 *************** function _USBStallHandler *****************
 Defined at:
		line 2221 in file "../framework/usb/usb_device.c"
 Parameters:    Size  Location     Type
		None
 Auto vars:     Size  Location     Type
		None
 Return value:  Size  Location     Type
		None               void
 Registers used:
		wreg, fsr1l, fsr1h, status,2, status,0
 Tracked objects:
		On entry : 
		On exit  : 
		Unchanged: 
 Data sizes:     COMMON   BANK0   BANK1   BANK2   BANK3   BANK4   BANK5   BANK6   BANK7   BANK8   BANK9  BANK10  BANK11  BANK12
      Params:         0       0       0       0       0       0       0       0       0       0       0       0       0       0
      Locals:         0       0       0       0       0       0       0       0       0       0       0       0       0       0
      Temps:          1       0       0       0       0       0       0       0       0       0       0       0       0       0
      Totals:         1       0       0       0       0       0       0       0       0       0       0       0       0       0
Total ram usage:        1 bytes
 Hardware stack levels used:    1
 Hardware stack levels required when called:    1
 This function calls:
		Nothing
 This function is called by:
		_USBDeviceTasks
 This function uses a non-reentrant model


 *************** function _USBIncrement1msInternalTimers *****************
 Defined at:
		line 3050 in file "../framework/usb/usb_device.c"
 Parameters:    Size  Location     Type
		None
 Auto vars:     Size  Location     Type
		None
 Return value:  Size  Location     Type
		None               void
 Registers used:
		wreg, status,2, status,0
 Tracked objects:
		On entry : 
		On exit  : 
		Unchanged: 
 Data sizes:     COMMON   BANK0   BANK1   BANK2   BANK3   BANK4   BANK5   BANK6   BANK7   BANK8   BANK9  BANK10  BANK11  BANK12
      Params:         0       0       0       0       0       0       0       0       0       0       0       0       0       0
      Locals:         0       0       0       0       0       0       0       0       0       0       0       0       0       0
      Temps:          1       0       0       0       0       0       0       0       0       0       0       0       0       0
      Totals:         1       0       0       0       0       0       0       0       0       0       0       0       0       0
Total ram usage:        1 bytes
 Hardware stack levels used:    1
 Hardware stack levels required when called:    1
 This function calls:
		Nothing
 This function is called by:
		_USBDeviceTasks
 This function uses a non-reentrant model


 *************** function _USBDeviceInit *****************
 Defined at:
		line 300 in file "../framework/usb/usb_device.c"
 Parameters:    Size  Location     Type
		None
 Auto vars:     Size  Location     Type
  p               2    2[COMMON] PTR unsigned char 
		 -> UEP1(1), 
  i               1    4[COMMON] unsigned char 
  i               1    5[COMMON] unsigned char 
 Return value:  Size  Location     Type
		None               void
 Registers used:
		wreg, fsr1l, fsr1h, status,2, status,0
 Tracked objects:
		On entry : 
		On exit  : 
		Unchanged: 
 Data sizes:     COMMON   BANK0   BANK1   BANK2   BANK3   BANK4   BANK5   BANK6   BANK7   BANK8   BANK9  BANK10  BANK11  BANK12
      Params:         0       0       0       0       0       0       0       0       0       0       0       0       0       0
      Locals:         4       0       0       0       0       0       0       0       0       0       0       0       0       0
      Temps:          1       0       0       0       0       0       0       0       0       0       0       0       0       0
      Totals:         5       0       0       0       0       0       0       0       0       0       0       0       0       0
Total ram usage:        5 bytes
 Hardware stack levels used:    1
 Hardware stack levels required when called:    1
 This function calls:
		Nothing
 This function is called by:
		_main
		_USBDeviceTasks
 This function uses a non-reentrant model


 *************** function _USBCtrlEPService *****************
 Defined at:
		line 2391 in file "../framework/usb/usb_device.c"
 Parameters:    Size  Location     Type
		None
 Auto vars:     Size  Location     Type
  setup_cnt       1   21[BANK0 ] unsigned char 
 Return value:  Size  Location     Type
		None               void
 Registers used:
		wreg, fsr0l, fsr0h, fsr1l, fsr1h, status,2, status,0, pclath, cstack
 Tracked objects:
		On entry : 
		On exit  : 
		Unchanged: 
 Data sizes:     COMMON   BANK0   BANK1   BANK2   BANK3   BANK4   BANK5   BANK6   BANK7   BANK8   BANK9  BANK10  BANK11  BANK12
      Params:         0       0       0       0       0       0       0       0       0       0       0       0       0       0
      Locals:         0       1       0       0       0       0       0       0       0       0       0       0       0       0
      Temps:          0       3       0       0       0       0       0       0       0       0       0       0       0       0
      Totals:         0       4       0       0       0       0       0       0       0       0       0       0       0       0
Total ram usage:        4 bytes
 Hardware stack levels used:    1
 Hardware stack levels required when called:    8
 This function calls:
		_USBCtrlTrfInHandler
		_USBCtrlTrfOutHandler
		_USBCtrlTrfSetupHandler
 This function is called by:
		_USBDeviceTasks
 This function uses a non-reentrant model


 *************** function _USBCtrlTrfSetupHandler *****************
 Defined at:
		line 2491 in file "../framework/usb/usb_device.c"
 Parameters:    Size  Location     Type
		None
 Auto vars:     Size  Location     Type
		None
 Return value:  Size  Location     Type
		None               void
 Registers used:
		wreg, fsr0l, fsr0h, fsr1l, fsr1h, status,2, status,0, pclath, cstack
 Tracked objects:
		On entry : 
		On exit  : 
		Unchanged: 
 Data sizes:     COMMON   BANK0   BANK1   BANK2   BANK3   BANK4   BANK5   BANK6   BANK7   BANK8   BANK9  BANK10  BANK11  BANK12
      Params:         0       0       0       0       0       0       0       0       0       0       0       0       0       0
      Locals:         0       0       0       0       0       0       0       0       0       0       0       0       0       0
      Temps:          0       1       0       0       0       0       0       0       0       0       0       0       0       0
      Totals:         0       1       0       0       0       0       0       0       0       0       0       0       0       0
Total ram usage:        1 bytes
 Hardware stack levels used:    1
 Hardware stack levels required when called:    7
 This function calls:
		_USBCheckStdRequest
		_USBCtrlEPServiceComplete
		_USER_USB_CALLBACK_EVENT_HANDLER
 This function is called by:
		_USBCtrlEPService
 This function uses a non-reentrant model


 *************** function _USBCtrlEPServiceComplete *****************
 Defined at:
		line 1635 in file "../framework/usb/usb_device.c"
 Parameters:    Size  Location     Type
		None
 Auto vars:     Size  Location     Type
		None
 Return value:  Size  Location     Type
		None               void
 Registers used:
		wreg, fsr0l, fsr0h, fsr1l, fsr1h, status,2, status,0, pclath, cstack
 Tracked objects:
		On entry : 
		On exit  : 
		Unchanged: 
 Data sizes:     COMMON   BANK0   BANK1   BANK2   BANK3   BANK4   BANK5   BANK6   BANK7   BANK8   BANK9  BANK10  BANK11  BANK12
      Params:         0       0       0       0       0       0       0       0       0       0       0       0       0       0
      Locals:         0       0       0       0       0       0       0       0       0       0       0       0       0       0
      Temps:          2       0       0       0       0       0       0       0       0       0       0       0       0       0
      Totals:         2       0       0       0       0       0       0       0       0       0       0       0       0       0
Total ram usage:        2 bytes
 Hardware stack levels used:    1
 Hardware stack levels required when called:    3
 This function calls:
		_USBCtrlEPAllowDataStage
		_USBCtrlEPAllowStatusStage
 This function is called by:
		_USBCtrlTrfSetupHandler
 This function uses a non-reentrant model


 *************** function _USBCtrlEPAllowDataStage *****************
 Defined at:
		line 1507 in file "../framework/usb/usb_device.c"
 Parameters:    Size  Location     Type
[...]
 Hardware stack levels required when called:    2
 This function calls:
		_LED_Off
		_LED_On
 This function is called by:
		_store_key_level
 This function uses a non-reentrant model


 *************** function _LED_On *****************
 Defined at:
		line 59 in file "../bsp/pic16f1459/leds.c"
 Parameters:    Size  Location     Type
  led             1    wreg     enum E2
 Auto vars:     Size  Location     Type
  led             1    1[COMMON] enum E2
 Return value:  Size  Location     Type
		None               void
 Registers used:
		wreg, fsr0l, fsr0h, status,2, status,0
 Tracked objects:
		On entry : 
		On exit  : 
		Unchanged: 
 Data sizes:     COMMON   BANK0   BANK1   BANK2   BANK3   BANK4   BANK5   BANK6   BANK7   BANK8   BANK9  BANK10  BANK11  BANK12
      Params:         0       0       0       0       0       0       0       0       0       0       0       0       0       0
      Locals:         1       0       0       0       0       0       0       0       0       0       0       0       0       0
      Temps:          0       0       0       0       0       0       0       0       0       0       0       0       0       0
      Totals:         1       0       0       0       0       0       0       0       0       0       0       0       0       0
Total ram usage:        1 bytes
 Hardware stack levels used:    1
 Hardware stack levels required when called:    1
 This function calls:
		Nothing
 This function is called by:
		_APP_LEDUpdateUSBStatus
		_process_level
 This function uses a non-reentrant model


 *************** function _LED_Off *****************
 Defined at:
		line 100 in file "../bsp/pic16f1459/leds.c"
 Parameters:    Size  Location     Type
  led             1    wreg     enum E2
 Auto vars:     Size  Location     Type
  led             1    1[COMMON] enum E2
 Return value:  Size  Location     Type
		None               void
 Registers used:
		wreg, fsr0l, fsr0h, status,2, status,0
 Tracked objects:
		On entry : 
		On exit  : 
		Unchanged: 
 Data sizes:     COMMON   BANK0   BANK1   BANK2   BANK3   BANK4   BANK5   BANK6   BANK7   BANK8   BANK9  BANK10  BANK11  BANK12
      Params:         0       0       0       0       0       0       0       0       0       0       0       0       0       0
      Locals:         1       0       0       0       0       0       0       0       0       0       0       0       0       0
      Temps:          0       0       0       0       0       0       0       0       0       0       0       0       0       0
      Totals:         1       0       0       0       0       0       0       0       0       0       0       0       0       0
Total ram usage:        1 bytes
 Hardware stack levels used:    1
 Hardware stack levels required when called:    1
 This function calls:
		Nothing
 This function is called by:
		_APP_LEDUpdateUSBStatus
		_process_level
 This function uses a non-reentrant model


 *************** function _set_timer *****************
 Defined at:
		line 55 in file "../src/scan.c"
 Parameters:    Size  Location     Type
		None
 Auto vars:     Size  Location     Type
		None
 Return value:  Size  Location     Type
		None               void
 Registers used:
		status,2
 Tracked objects:
		On entry : 
		On exit  : 
		Unchanged: 
 Data sizes:     COMMON   BANK0   BANK1   BANK2   BANK3   BANK4   BANK5   BANK6   BANK7   BANK8   BANK9  BANK10  BANK11  BANK12
      Params:         0       0       0       0       0       0       0       0       0       0       0       0       0       0
      Locals:         0       0       0       0       0       0       0       0       0       0       0       0       0       0
      Temps:          0       0       0       0       0       0       0       0       0       0       0       0       0       0
      Totals:         0       0       0       0       0       0       0       0       0       0       0       0       0       0
Total ram usage:        0 bytes
 Hardware stack levels used:    1
 Hardware stack levels required when called:    1
 This function calls:
		Nothing
 This function is called by:
		_scan_task
 This function uses a non-reentrant model


 *************** function _set_clock_and_data *****************
 Defined at:
		line 68 in file "../src/scan.c"
 Parameters:    Size  Location     Type
  c               1    wreg     const unsigned char 
  d               1    1[COMMON] const unsigned char 
 Auto vars:     Size  Location     Type
  c               1    2[COMMON] const unsigned char 
 Return value:  Size  Location     Type
		None               void
 Registers used:
		wreg, status,2, status,0
 Tracked objects:
		On entry : 
		On exit  : 
		Unchanged: 
 Data sizes:     COMMON   BANK0   BANK1   BANK2   BANK3   BANK4   BANK5   BANK6   BANK7   BANK8   BANK9  BANK10  BANK11  BANK12
      Params:         1       0       0       0       0       0       0       0       0       0       0       0       0       0
      Locals:         1       0       0       0       0       0       0       0       0       0       0       0       0       0
      Temps:          0       0       0       0       0       0       0       0       0       0       0       0       0       0
      Totals:         2       0       0       0       0       0       0       0       0       0       0       0       0       0
Total ram usage:        2 bytes
 Hardware stack levels used:    1
 Hardware stack levels required when called:    1
 This function calls:
		Nothing
 This function is called by:
		_scan_task
 This function uses a non-reentrant model


 *************** function _scan_init *****************
 Defined at:
		line 32 in file "../src/scan.c"
 Parameters:    Size  Location     Type
		None
 Auto vars:     Size  Location     Type
		None
 Return value:  Size  Location     Type
		None               void
 Registers used:
		wreg, status,2, status,0
 Tracked objects:
		On entry : 
		On exit  : 
		Unchanged: 
 Data sizes:     COMMON   BANK0   BANK1   BANK2   BANK3   BANK4   BANK5   BANK6   BANK7   BANK8   BANK9  BANK10  BANK11  BANK12
      Params:         0       0       0       0       0       0       0       0       0       0       0       0       0       0
      Locals:         0       0       0       0       0       0       0       0       0       0       0       0       0       0
      Temps:          0       0       0       0       0       0       0       0       0       0       0       0       0       0
      Totals:         0       0       0       0       0       0       0       0       0       0       0       0       0       0
Total ram usage:        0 bytes
 Hardware stack levels used:    1
 Hardware stack levels required when called:    1
 This function calls:
		Nothing
 This function is called by:
		_scan_task
 This function uses a non-reentrant model


 *************** function _run_adc *****************
 Defined at:
		line 85 in file "../src/scan.c"
 Parameters:    Size  Location     Type
		None
 Auto vars:     Size  Location     Type
		None
 Return value:  Size  Location     Type
		None               void
 Registers used:
		wreg, status,2, status,0
 Tracked objects:
		On entry : 
		On exit  : 
		Unchanged: 
 Data sizes:     COMMON   BANK0   BANK1   BANK2   BANK3   BANK4   BANK5   BANK6   BANK7   BANK8   BANK9  BANK10  BANK11  BANK12
      Params:         0       0       0       0       0       0       0       0       0       0       0       0       0       0
      Locals:         0       0       0       0       0       0       0       0       0       0       0       0       0       0
      Temps:          0       0       0       0       0       0       0       0       0       0       0       0       0       0
      Totals:         0       0       0       0       0       0       0       0       0       0       0       0       0       0
Total ram usage:        0 bytes
 Hardware stack levels used:    1
 Hardware stack levels required when called:    1
 This function calls:
		Nothing
 This function is called by:
		_scan_task
 This function uses a non-reentrant model


 *************** function _is_end_of_scan *****************
 Defined at:
		line 77 in file "../src/scan.c"
 Parameters:    Size  Location     Type
		None
 Auto vars:     Size  Location     Type
  res             1    3[COMMON] unsigned char 
 Return value:  Size  Location     Type
                  1    wreg      unsigned char 
 Registers used:
		wreg, status,2, status,0
 Tracked objects:
		On entry : 
		On exit  : 
		Unchanged: 
 Data sizes:     COMMON   BANK0   BANK1   BANK2   BANK3   BANK4   BANK5   BANK6   BANK7   BANK8   BANK9  BANK10  BANK11  BANK12
      Params:         0       0       0       0       0       0       0       0       0       0       0       0       0       0
      Locals:         1       0       0       0       0       0       0       0       0       0       0       0       0       0
      Temps:          2       0       0       0       0       0       0       0       0       0       0       0       0       0
      Totals:         3       0       0       0       0       0       0       0       0       0       0       0       0       0
Total ram usage:        3 bytes
 Hardware stack levels used:    1
 Hardware stack levels required when called:    1
 This function calls:
		Nothing
 This function is called by:
		_scan_task
 This function uses a non-reentrant model


 *************** function _is_adc_ready *****************
 Defined at:
		line 90 in file "../src/scan.c"
 Parameters:    Size  Location     Type
		None
 Auto vars:     Size  Location     Type
		None
 Return value:  Size  Location     Type
                  1    wreg      unsigned char 
 Registers used:
		wreg, status,0
 Tracked objects:
		On entry : 
		On exit  : 
		Unchanged: 
 Data sizes:     COMMON   BANK0   BANK1   BANK2   BANK3   BANK4   BANK5   BANK6   BANK7   BANK8   BANK9  BANK10  BANK11  BANK12
      Params:         0       0       0       0       0       0       0       0       0       0       0       0       0       0
      Locals:         0       0       0       0       0       0       0       0       0       0       0       0       0       0
      Temps:          0       0       0       0       0       0       0       0       0       0       0       0       0       0
      Totals:         0       0       0       0       0       0       0       0       0       0       0       0       0       0
Total ram usage:        0 bytes
 Hardware stack levels used:    1
 Hardware stack levels required when called:    1
 This function calls:
		Nothing
 This function is called by:
		_scan_task
 This function uses a non-reentrant model


 *************** function _get_data *****************
 Defined at:
		line 73 in file "../src/scan.c"
 Parameters:    Size  Location     Type
		None
 Auto vars:     Size  Location     Type
		None
 Return value:  Size  Location     Type
                  1    wreg      unsigned char 
 Registers used:
		wreg, status,2, status,0
 Tracked objects:
		On entry : 
		On exit  : 
		Unchanged: 
 Data sizes:     COMMON   BANK0   BANK1   BANK2   BANK3   BANK4   BANK5   BANK6   BANK7   BANK8   BANK9  BANK10  BANK11  BANK12
      Params:         0       0       0       0       0       0       0       0       0       0       0       0       0       0
      Locals:         0       0       0       0       0       0       0       0       0       0       0       0       0       0
      Temps:          0       0       0       0       0       0       0       0       0       0       0       0       0       0
      Totals:         0       0       0       0       0       0       0       0       0       0       0       0       0       0
Total ram usage:        0 bytes
 Hardware stack levels used:    1
 Hardware stack levels required when called:    1
 This function calls:
		Nothing
 This function is called by:
		_scan_task
 This function uses a non-reentrant model


 *************** function _get_adc *****************
 Defined at:
		line 94 in file "../src/scan.c"
 Parameters:    Size  Location     Type
		None
 Auto vars:     Size  Location     Type
		None
 Return value:  Size  Location     Type
                  1    wreg      unsigned char 
 Registers used:
		wreg
 Tracked objects:
		On entry : 
		On exit  : 
		Unchanged: 
 Data sizes:     COMMON   BANK0   BANK1   BANK2   BANK3   BANK4   BANK5   BANK6   BANK7   BANK8   BANK9  BANK10  BANK11  BANK12
      Params:         0       0       0       0       0       0       0       0       0       0       0       0       0       0
      Locals:         0       0       0       0       0       0       0       0       0       0       0       0       0       0
      Temps:          0       0       0       0       0       0       0       0       0       0       0       0       0       0
      Totals:         0       0       0       0       0       0       0       0       0       0       0       0       0       0
Total ram usage:        0 bytes
 Hardware stack levels used:    1
 Hardware stack levels required when called:    1
 This function calls:
		Nothing
 This function is called by:
		_scan_task
 This function uses a non-reentrant model


 *************** function _USBTransferOnePacket *****************
 Defined at:
		line 1014 in file "../framework/usb/usb_device.c"
 Parameters:    Size  Location     Type
  ep              1    wreg     unsigned char 
  dir             1    1[COMMON] unsigned char 
  data            2    2[COMMON] PTR unsigned char 
		 -> midiData(4), ReceivedDataBuffer(64), 
  len             1    4[COMMON] unsigned char 
 Auto vars:     Size  Location     Type
  ep              1    7[COMMON] unsigned char 
  handle          1    8[COMMON] PTR volatile struct __BD
		 -> BDT(32), NULL(0), 
 Return value:  Size  Location     Type
                  1    wreg      PTR void 
 Registers used:
		wreg, fsr1l, fsr1h, status,2, status,0
 Tracked objects:
		On entry : 
		On exit  : 
		Unchanged: 
 Data sizes:     COMMON   BANK0   BANK1   BANK2   BANK3   BANK4   BANK5   BANK6   BANK7   BANK8   BANK9  BANK10  BANK11  BANK12
      Params:         4       0       0       0       0       0       0       0       0       0       0       0       0       0
      Locals:         2       0       0       0       0       0       0       0       0       0       0       0       0       0
      Temps:          2       0       0       0       0       0       0       0       0       0       0       0       0       0
      Totals:         8       0       0       0       0       0       0       0       0       0       0       0       0       0
Total ram usage:        8 bytes
 Hardware stack levels used:    1
 Hardware stack levels required when called:    1
 This function calls:
		Nothing
 This function is called by:
		_APP_DeviceAudioMIDIInitialize
		_APP_DeviceAudioMIDITasks
 This function uses a non-reentrant model


 *************** function _SYS_InterruptHigh *****************
 Defined at:
		line 112 in file "../src/pic16f1459/system.c"
 Parameters:    Size  Location     Type
		None
 Auto vars:     Size  Location     Type
		None
 Return value:  Size  Location     Type
		None               void
 Registers used:
		None
 Tracked objects:
		On entry : 
		On exit  : 
		Unchanged: 
 Data sizes:     COMMON   BANK0   BANK1   BANK2   BANK3   BANK4   BANK5   BANK6   BANK7   BANK8   BANK9  BANK10  BANK11  BANK12
      Params:         0       0       0       0       0       0       0       0       0       0       0       0       0       0
      Locals:         0       0       0       0       0       0       0       0       0       0       0       0       0       0
      Temps:          1       0       0       0       0       0       0       0       0       0       0       0       0       0
      Totals:         1       0       0       0       0       0       0       0       0       0       0       0       0       0
Total ram usage:        1 bytes
 Hardware stack levels used:    1
 This function calls:
		Nothing
 This function is called by:
		Interrupt level 1
 This function uses a non-reentrant model



MODULE INFORMATION

Module		Function		Class		Link	Load	Size
../src/app_led_usb_status.c
		_APP_LEDUpdateUSBStatus		CODE           	0C40	0000	78

../src/app_led_usb_status.c estimated size: 78

C:\Program Files (x86)\Microchip\xc8\v1.35\sources\common\memset.c
		_memset        		CODE           	0A6C	0000	27

C:\Program Files (x86)\Microchip\xc8\v1.35\sources\common\memset.c estimated size: 27

../bsp/pic16f1459/buttons.c
		_BUTTON_Enable 		CODE           	0995	0000	11

../bsp/pic16f1459/buttons.c estimated size: 11

../bsp/pic16f1459/leds.c
		_LED_Off       		CODE           	0A21	0000	26
		_LED_On        		CODE           	0A3A	0000	26
		_LED_Enable    		CODE           	0A53	0000	26

../bsp/pic16f1459/leds.c estimated size: 78

../src/app_device_audio_midi.c
		_APP_DeviceAudioMIDITasks		CODE           	032C	0000	230
		_APP_DeviceAudioMIDIInitialize		CODE           	0AFD	0000	43
		_APP_DeviceAudioMIDISOFHandler		CODE           	098E	0000	8

../src/app_device_audio_midi.c estimated size: 281

../src/scan.c
		_waiting_for_timer		CODE           	09AA	0000	12
		_scan_task     		CODE           	04F0	0000	174
		_process_level 		CODE           	0411	0000	224
		_scan_init     		CODE           	0ABD	0000	30
		_is_end_of_scan		CODE           	09C7	0000	22
		_set_clock_and_data		CODE           	09B5	0000	19
		_store_key_level		CODE           	0B56	0000	49
		_get_adc       		CODE           	0972	0000	4
		_set_timer     		CODE           	099F	0000	12
		_is_adc_ready  		CODE           	0980	0000	8
		_get_data      		CODE           	0975	0000	6
		_run_adc       		CODE           	0987	0000	8

../src/scan.c estimated size: 568

shared
		_configDescriptor1		STRCODE        	0174	0000	102
		_USB_CD_Ptr    		STRCODE        	016E	0000	3
		_sd001         		STRCODE        	01D9	0000	53
		process_level@key_on_threshold		STRCODE        	0172	0000	2
		process_level@key_off_threshold		STRCODE        	0171	0000	2
		_sd002         		STRCODE        	020D	0000	27
		__initialization		CODE           	000F	0000	41
		process_level@midi_shift		STRCODE        	0173	0000	2
		_device_dsc    		STRCODE        	0227	0000	19
		process_level@L		STRCODE        	0170	0000	2
		process_level@idx_midi_map		STRCODE        	0141	0000	40
		_USB_SD_Ptr    		STRCODE        	0168	0000	7
		_sd000         		STRCODE        	0239	0000	5

shared estimated size: 305

../src/pic16f1459/system.c
		_SYS_InterruptHigh		CODE           	0004	0000	10
		_SYSTEM_Initialize		CODE           	0AA1	0000	29

../src/pic16f1459/system.c estimated size: 39

../framework/usb/usb_device.c
		_USBCtrlTrfInHandler		CODE           	0DD3	0000	104
		_USBTransferOnePacket		CODE           	0CDA	0000	81
		_USBStdGetDscHandler		CODE           	0F81	0000	128
		_USBCtrlEPAllowDataStage		CODE           	0D2A	0000	85
		_USBStdFeatureReqHandler		CODE           	003B	0000	263
		_USBCtrlEPAllowStatusStage		CODE           	0E3A	0000	105
		_USBCtrlTrfSetupHandler		CODE           	0BFE	0000	67
		_USBCtrlTrfOutHandler		CODE           	0B27	0000	48
		_USBCtrlEPServiceComplete		CODE           	06D7	0000	135
		_USBSuspend    		CODE           	09F2	0000	24
		_USBStdSetCfgHandler		CODE           	075D	0000	128
		_USBStdGetStatusHandler		CODE           	0C8D	0000	78
		_USBWakeFromSuspend		CODE           	0A86	0000	28
		_USBCtrlTrfRxService		CODE           	0645	0000	147
		_USBCtrlTrfTxService		CODE           	0EA2	0000	112
		_USBEnableEndpoint		CODE           	0ADA	0000	36
		_USBConfigureEndpoint		CODE           	0BBF	0000	64
		_USBDeviceInit 		CODE           	059D	0000	169
		_USBIncrement1msInternalTimers		CODE           	0A09	0000	25
		_USBCtrlEPService		CODE           	0F11	0000	113
		_USBStallHandler		CODE           	07DC	0000	37
		_USBDeviceTasks		CODE           	023D	0000	240
		_USBCheckStdRequest		CODE           	0D7E	0000	86

../framework/usb/usb_device.c estimated size: 2303

../src/main.c
		_main          		CODE           	09DC	0000	23
		_USER_USB_CALLBACK_EVENT_HANDLER		CODE           	0B86	0000	58

../src/main.c estimated size: 81

