Microchip MPLAB XC8 Compiler V1.20 ()

Linker command line:

-W-2 --edf=C:\Program Files (x86)\Microchip\xc8\v1.20\dat\en_msgs.txt -cs \
  -h+dist/pic16f1459/production\MPLAB.X.production.sym \
  --cmf=dist/pic16f1459/production\MPLAB.X.production.cmf -z -Q16F1459 \
  -oC:\Users\user\AppData\Local\Temp\s620.6 \
  -Mdist/pic16f1459/production/MPLAB.X.production.map -E1 -ver=XC8 \
  -ACONST=00h-0FFhx32 -ACODE=00h-07FFhx4 -ASTRCODE=00h-01FFFh \
  -AENTRY=00h-0FFhx32 -ASTRING=00h-0FFhx32 -ACOMMON=070h-07Fh \
  -ABANK0=020h-06Fh -ABANK1=0A0h-0EFh -ABANK2=0120h-016Fh \
  -ABANK3=01A0h-01EFh -ABANK4=0220h-026Fh -ABANK5=02A0h-02EFh \
  -ABANK6=0320h-036Fh -ABANK7=03A0h-03EFh -ABANK8=0420h-046Fh \
  -ABANK9=04A0h-04EFh -ABANK10=0520h-056Fh -ABANK11=05A0h-05EFh \
  -ABANK12=0620h-064Fh -ABIGRAM=02000h-023EFh \
  -ARAM=020h-06Fh,0A0h-0EFh,0120h-016Fh,01A0h-01EFh,0220h-026Fh,02A0h-02EFh,0320h-036Fh,03A0h-03EFh,0420h-046Fh,04A0h-04EFh,0520h-056Fh,05A0h-05EFh,0620h-064Fh \
  -AABS1=020h-07Fh,0A0h-0EFh,0120h-016Fh,01A0h-01EFh,0220h-026Fh,02A0h-02EFh,0320h-036Fh,03A0h-03EFh,0420h-046Fh,04A0h-04EFh,0520h-056Fh,05A0h-05EFh,0620h-064Fh \
  -ASFR0=00h-01Fh -ASFR1=080h-09Fh -ASFR2=0100h-011Fh -ASFR3=0180h-019Fh \
  -ASFR4=0200h-021Fh -ASFR5=0280h-029Fh -ASFR6=0300h-031Fh \
  -ASFR7=0380h-039Fh -ASFR8=0400h-041Fh -ASFR9=0480h-049Fh \
  -ASFR10=0500h-051Fh -ASFR11=0580h-059Fh -ASFR12=0600h-061Fh \
  -ASFR13=0680h-06EFh -ASFR14=0700h-076Fh -ASFR15=0780h-07EFh \
  -ASFR16=0800h-086Fh -ASFR17=0880h-08EFh -ASFR18=0900h-096Fh \
  -ASFR19=0980h-09EFh -ASFR20=0A00h-0A6Fh -ASFR21=0A80h-0AEFh \
  -ASFR22=0B00h-0B6Fh -ASFR23=0B80h-0BEFh -ASFR24=0C00h-0C6Fh \
  -ASFR25=0C80h-0CEFh -ASFR26=0D00h-0D6Fh -ASFR27=0D80h-0DEFh \
  -ASFR28=0E00h-0E6Fh -ASFR29=0E80h-0EEFh -ASFR30=0F00h-0F6Fh \
  -ASFR31=0F80h-0FEFh -preset_vec=00h,intentry=04h,init,end_init \
  -ppowerup=CODE -pfunctab=CODE -ACONFIG=08007h-08008h -pconfig=CONFIG \
  -DCONFIG=2 -AIDLOC=08000h-08003h -pidloc=IDLOC -DIDLOC=2 -DCODE=2 \
  -DSTRCODE=2 -DSTRING=2 -DCONST=2 -DENTRY=2 -k \
  C:\Users\user\AppData\Local\Temp\s620.obj \
  dist/pic16f1459/production\MPLAB.X.production.obj 

Object code version is 3.11

Machine type is 16F1459



                Name                               Link     Load   Length Selector   Space Scale
C:\Users\user\AppData\Local\Temp\s620.obj
                end_init                              6        6        2        8       0
                reset_vec                             0        0        2        0       0
                config                             8007     8007        2    1000E       0
dist/pic16f1459/production\MPLAB.X.production.obj
                intentry                              4        4        2        8       0
                swtext5                             83A      83A        A     1000       0
                text54                              A7B      A7B       16     14F6       0
                text53                              AEB      AEB       19     15D6       0
                text52                              A14      A14        7     1428       0
                text51                              A02      A02        6     1404       0
                text50                              A1B      A1B        7     1436       0
                text49                              D35      D35       4E     1A6A       0
                text48                              B1E      B1E       1C     163C       0
                text47                              A30      A30        A     1460       0
                text46                              A3A      A3A        F     1474       0
                text45                              B04      B04       1A     1608       0
                text44                              9F8      9F8        5     13F0       0
                text43                              A58      A58       11     14B0       0
                text42                              A22      A22        7     1444       0
                text41                              9FD      9FD        5     13FA       0
                text40                              9F2      9F2        2     13E4       0
                swtext4                             830      830        A     1000       0
                text39                              A91      A91       16     1522       0
                swtext3                             826      826        A     1000       0
                text38                              AA7      AA7       16     154E       0
                text37                              4EF      4EF       AA      7F4       0
                text36                              7D7      7D7       29      7F4       0
                swtext2                             81A      81A        C     1000       0
                text35                              599      599       A1      7F4       0
                text34                              A08      A08        6     1410       0
                text33                                2        2        2        0       0
                text32                              9F4      9F4        4     13E8       0
                text31                              2FE      2FE        2        8       0
                text30                              2F2      2F2        C        8       0
                text29                              C7C      C7C       37     18F8       0
                text28                              118      118       FF        8       0
                text27                              6CC      6CC       87      7F4       0
                text26                              E21      E21       5C     1C42       0
                text25                              A29      A29        7     1452       0
                text24                              BEC      BEC       2E     17D8       0
                text23                              B9A      B9A       27     1734       0
                text22                              B57      B57       1F     16AE       0
                text21                              CB3      CB3       38     1966       0
                text20                              AD3      AD3       18     15A6       0
                text19                              A69      A69       12     14D2       0
                text18                              A49      A49        F     1492       0
                text17                              B76      B76       24     16EC       0
                text16                              F3C      F3C       62     1E78       0
                text15                              E7D      E7D       5E     1CFA       0
                text14                              D83      D83       4E     1B06       0
                text13                              753      753       84      7F4       0
                text12                              ABD      ABD       16     157A       0
                text11                              EDB      EDB       61     1DB6       0
                text10                              286      286       6C        8       0
                text9                               DD1      DD1       50     1BA2       0
                text8                                 8        8      110        8       0
                swtext1                             800      800       1A     1000       0
                text7                               CEB      CEB       4A     19D6       0
                text6                               C49      C49       33     1892       0
                text5                               63A      63A       92      7F4       0
                text4                               C1A      C1A       2F     1834       0
                text3                               217      217       6F        8       0
                text2                               F9E      F9E       62     1F3C       0
                text1                               3FA      3FA       F5      7F4       0
                maintext                            B3A      B3A       1D     1674       0
                cstackBANK0                          60       60       10       50       1
                cstackCOMMON                         70       70        E       70       1
                clrtext                             A0E      A0E        6     141C       0
                bssBANK4                            220      220       4E      220       1
                bssBANK3                            1A4      1A4       27      1A4       1
                bssBANK2                            120      120       3E      120       1
                bssBANK1                             E0       E0       10       E0       1
                bssBANK0                             50       50       10       50       1
                cinit                               BC1      BC1       2B     1782       0
                stringtext                          300      300       FA        6       0

TOTAL           Name                               Link     Load   Length     Space
        CLASS   CONST          
                swtext5                             83A      83A        A         0
                swtext4                             830      830        A         0
                swtext3                             826      826        A         0
                swtext2                             81A      81A        C         0
                swtext1                             800      800       1A         0

        CLASS   CODE           
                end_init                              6        6        2         0
                intentry                              4        4        2         0
                reset_vec                             0        0        2         0
                text54                              A7B      A7B       16         0
                text53                              AEB      AEB       19         0
                text52                              A14      A14        7         0
                text51                              A02      A02        6         0
                text50                              A1B      A1B        7         0
                text49                              D35      D35       4E         0
                text48                              B1E      B1E       1C         0
                text47                              A30      A30        A         0
                text46                              A3A      A3A        F         0
                text45                              B04      B04       1A         0
                text44                              9F8      9F8        5         0
                text43                              A58      A58       11         0
                text42                              A22      A22        7         0
                text41                              9FD      9FD        5         0
                text40                              9F2      9F2        2         0
                text39                              A91      A91       16         0
                text38                              AA7      AA7       16         0
                text37                              4EF      4EF       AA         0
                text36                              7D7      7D7       29         0
                text35                              599      599       A1         0
                text34                              A08      A08        6         0
                text33                                2        2        2         0
                text32                              9F4      9F4        4         0
                text31                              2FE      2FE        2         0
                text30                              2F2      2F2        C         0
                text29                              C7C      C7C       37         0
                text28                              118      118       FF         0
                text27                              6CC      6CC       87         0
                text26                              E21      E21       5C         0
                text25                              A29      A29        7         0
                text24                              BEC      BEC       2E         0
                text23                              B9A      B9A       27         0
                text22                              B57      B57       1F         0
                text21                              CB3      CB3       38         0
                text20                              AD3      AD3       18         0
                text19                              A69      A69       12         0
                text18                              A49      A49        F         0
                text17                              B76      B76       24         0
                text16                              F3C      F3C       62         0
                text15                              E7D      E7D       5E         0
                text14                              D83      D83       4E         0
                text13                              753      753       84         0
                text12                              ABD      ABD       16         0
                text11                              EDB      EDB       61         0
                text10                              286      286       6C         0
                text9                               DD1      DD1       50         0
                text8                                 8        8      110         0
                text7                               CEB      CEB       4A         0
                text6                               C49      C49       33         0
                text5                               63A      63A       92         0
                text4                               C1A      C1A       2F         0
                text3                               217      217       6F         0
                text2                               F9E      F9E       62         0
                text1                               3FA      3FA       F5         0
                maintext                            B3A      B3A       1D         0
                clrtext                             A0E      A0E        6         0
                cinit                               BC1      BC1       2B         0

        CLASS   STRCODE        
                stringtext                          300      300       FA         0

        CLASS   ENTRY          

        CLASS   STRING         

        CLASS   COMMON         
                cstackCOMMON                         70       70        E         1

        CLASS   BANK0          
                cstackBANK0                          60       60       10         1
                bssBANK0                             50       50       10         1

        CLASS   BANK1          
                bssBANK1                             E0       E0       10         1

        CLASS   BANK2          
                bssBANK2                            120      120       3E         1

        CLASS   BANK3          
                bssBANK3                            1A4      1A4       27         1

        CLASS   BANK4          
                bssBANK4                            220      220       4E         1

        CLASS   BANK5          

        CLASS   BANK6          

        CLASS   BANK7          

        CLASS   BANK8          

        CLASS   BANK9          

        CLASS   BANK10         

        CLASS   BANK11         

        CLASS   BANK12         

        CLASS   BIGRAM         

        CLASS   RAM            

        CLASS   ABS1           
                abs_s1                               20       20       30         1
                abs_s1                               7E       7E        2         1
                abs_s1                               A0       A0       40         1
                abs_s1                              1A0      1A0        4         1

        CLASS   SFR0           

        CLASS   SFR1           

        CLASS   SFR2           

        CLASS   SFR3           

        CLASS   SFR4           

        CLASS   SFR5           

        CLASS   SFR6           

        CLASS   SFR7           

        CLASS   SFR8           

        CLASS   SFR9           

        CLASS   SFR10          

        CLASS   SFR11          

        CLASS   SFR12          

        CLASS   SFR13          

        CLASS   SFR14          

        CLASS   SFR15          

        CLASS   SFR16          

        CLASS   SFR17          

        CLASS   SFR18          

        CLASS   SFR19          

        CLASS   SFR20          

        CLASS   SFR21          

        CLASS   SFR22          

        CLASS   SFR23          

        CLASS   SFR24          

        CLASS   SFR25          

        CLASS   SFR26          

        CLASS   SFR27          

        CLASS   SFR28          

        CLASS   SFR29          

        CLASS   SFR30          

        CLASS   SFR31          

        CLASS   CONFIG         
                config                             8007     8007        2         0

        CLASS   IDLOC          

        CLASS   BANK31         

        CLASS   BANK30         

        CLASS   BANK29         

        CLASS   BANK28         

        CLASS   BANK27         

        CLASS   BANK26         

        CLASS   BANK25         

        CLASS   BANK24         

        CLASS   BANK23         

        CLASS   BANK22         

        CLASS   BANK21         

        CLASS   BANK20         

        CLASS   BANK19         

        CLASS   BANK18         

        CLASS   BANK17         

        CLASS   BANK16         

        CLASS   BANK15         

        CLASS   BANK14         

        CLASS   BANK13         

        CLASS   EEDATA         



SEGMENTS        Name                           Load    Length   Top    Selector   Space  Class     Delta

                reset_vec                      000000  000004  000004         0       0  CODE        2
                intentry                       000004  0002FC  000300         8       0  CODE        2
                bssBANK0                       000050  000020  000070        50       1  BANK0       1
                cstackCOMMON                   000070  00000E  00007E        70       1  COMMON      1
                bssBANK1                       0000E0  000010  0000F0        E0       1  BANK1       1
                bssBANK2                       000120  00003E  00015E       120       1  BANK2       1
                bssBANK3                       0001A4  000027  0001CB       1A4       1  BANK3       1
                bssBANK4                       000220  00004E  00026E       220       1  BANK4       1
                stringtext                     000300  0000FA  0003FA         6       0  STRCODE     2
                text1                          0003FA  000406  000800       7F4       0  CODE        2
                swtext1                        000800  000044  000844      1000       0  CONST       2
                text40                         0009F2  000002  0009F4      13E4       0  CODE        2
                text32                         0009F4  000004  0009F8      13E8       0  CODE        2
                text44                         0009F8  000005  0009FD      13F0       0  CODE        2
                text41                         0009FD  000005  000A02      13FA       0  CODE        2
                text51                         000A02  000006  000A08      1404       0  CODE        2
                text34                         000A08  000006  000A0E      1410       0  CODE        2
                clrtext                        000A0E  000006  000A14      141C       0  CODE        2
                text52                         000A14  000007  000A1B      1428       0  CODE        2
                text50                         000A1B  000007  000A22      1436       0  CODE        2
                text42                         000A22  000007  000A29      1444       0  CODE        2
                text25                         000A29  000007  000A30      1452       0  CODE        2
                text47                         000A30  00000A  000A3A      1460       0  CODE        2
                text46                         000A3A  00000F  000A49      1474       0  CODE        2
                text18                         000A49  00000F  000A58      1492       0  CODE        2
                text43                         000A58  000011  000A69      14B0       0  CODE        2
                text19                         000A69  000012  000A7B      14D2       0  CODE        2
                text54                         000A7B  000016  000A91      14F6       0  CODE        2
                text39                         000A91  000016  000AA7      1522       0  CODE        2
                text38                         000AA7  000016  000ABD      154E       0  CODE        2
                text12                         000ABD  000016  000AD3      157A       0  CODE        2
                text20                         000AD3  000018  000AEB      15A6       0  CODE        2
                text53                         000AEB  000019  000B04      15D6       0  CODE        2
                text45                         000B04  00001A  000B1E      1608       0  CODE        2
                text48                         000B1E  00001C  000B3A      163C       0  CODE        2
                maintext                       000B3A  00001D  000B57      1674       0  CODE        2
                text22                         000B57  00001F  000B76      16AE       0  CODE        2
                text17                         000B76  000024  000B9A      16EC       0  CODE        2
                text23                         000B9A  000027  000BC1      1734       0  CODE        2
                cinit                          000BC1  00002B  000BEC      1782       0  CODE        2
                text24                         000BEC  00002E  000C1A      17D8       0  CODE        2
                text4                          000C1A  00002F  000C49      1834       0  CODE        2
                text6                          000C49  000033  000C7C      1892       0  CODE        2
                text29                         000C7C  000037  000CB3      18F8       0  CODE        2
                text21                         000CB3  000038  000CEB      1966       0  CODE        2
                text7                          000CEB  00004A  000D35      19D6       0  CODE        2
                text49                         000D35  00004E  000D83      1A6A       0  CODE        2
                text14                         000D83  00004E  000DD1      1B06       0  CODE        2
                text9                          000DD1  000050  000E21      1BA2       0  CODE        2
                text26                         000E21  00005C  000E7D      1C42       0  CODE        2
                text15                         000E7D  00005E  000EDB      1CFA       0  CODE        2
                text11                         000EDB  000061  000F3C      1DB6       0  CODE        2
                text16                         000F3C  000062  000F9E      1E78       0  CODE        2
                text2                          000F9E  000062  001000      1F3C       0  CODE        2
                config                         008007  000002  008009     1000E       0  CONFIG      2


UNUSED ADDRESS RANGES

        Name                Unused          Largest block    Delta
        BANK10           00520-0056F              50           1
        BANK11           005A0-005EF              50           1
        BANK12           00620-0064F              30           1
        BANK2            0015E-0016F              12           1
        BANK3            001CB-001EF              25           1
        BANK4            0026E-0026F               2           1
        BANK5            002A0-002EF              50           1
        BANK6            00320-0036F              50           1
        BANK7            003A0-003EF              50           1
        BANK8            00420-0046F              50           1
        BANK9            004A0-004EF              50           1
        BIGRAM           02000-023EF             3F0           1
        CODE             00844-009F1             1AE           2
                         01000-01FFF             800
        CONST            00844-009F1              BC           2
                         01000-01FFF             100
        ENTRY            00844-009F1              BC           2
                         01000-01FFF             100
        IDLOC            08000-08003               4           2
        RAM              0015E-0016F              12           1
                         001CB-001EF              25
                         0026E-0026F               2
                         002A0-002EF              50
                         00320-0036F              50
                         003A0-003EF              50
                         00420-0046F              50
                         004A0-004EF              50
                         00520-0056F              50
                         005A0-005EF              50
                         00620-0064F              30
        SFR0             00000-0001F              20           1
        SFR1             00080-0009F              20           1
        SFR10            00500-0051F              20           1
        SFR11            00580-0059F              20           1
        SFR12            00600-0061F              20           1
        SFR13            00680-006EF              70           1
        SFR14            00700-0076F              70           1
        SFR15            00780-007EF              70           1
        SFR16            00800-0086F              70           1
        SFR17            00880-008EF              70           1
        SFR18            00900-0096F              70           1
        SFR19            00980-009EF              70           1
        SFR2             00100-0011F              20           1
        SFR20            00A00-00A6F              70           1
        SFR21            00A80-00AEF              70           1
        SFR22            00B00-00B6F              70           1
        SFR23            00B80-00BEF              70           1
        SFR24            00C00-00C6F              70           1
        SFR25            00C80-00CEF              70           1
        SFR26            00D00-00D6F              70           1
        SFR27            00D80-00DEF              70           1
        SFR28            00E00-00E6F              70           1
        SFR29            00E80-00EEF              70           1
        SFR3             00180-0019F              20           1
        SFR30            00F00-00F6F              70           1
        SFR31            00F80-00FEF              70           1
        SFR4             00200-0021F              20           1
        SFR5             00280-0029F              20           1
        SFR6             00300-0031F              20           1
        SFR7             00380-0039F              20           1
        SFR8             00400-0041F              20           1
        SFR9             00480-0049F              20           1
        STRCODE          00844-009F1             1AE           2
                         01000-01FFF            1000
        STRING           00844-009F1              BC           2
                         01000-01FFF             100

                                  Symbol Table

?_SendMidiData                            cstackCOMMON 00071
?_USBConfigureEndpoint                    cstackCOMMON 00070
?_USBEnableEndpoint                       cstackCOMMON 00074
?_USBTransferOnePacket                    cstackCOMMON 00070
?_USER_USB_CALLBACK_EVENT_HANDLER         cstackBANK0  00060
?_memset                                  cstackCOMMON 00070
?_process_level                           cstackCOMMON 00071
?_scan_task                               cstackBANK0  00061
?_set_clock_and_data                      cstackCOMMON 00070
?_store_key_level                         cstackCOMMON 0007D
APP_DeviceAudioMIDITasks@bscan            cstackBANK0  0006D
APP_DeviceAudioMIDITasks@scan_pitch       cstackBANK0  0006E
APP_DeviceAudioMIDITasks@velocity         cstackBANK0  0006F
APP_LEDUpdateUSBStatus@ledCount           bssBANK1     000E0
LED_Enable@led                            cstackCOMMON 00070
LED_Off@led                               cstackCOMMON 00070
LED_On@led                                cstackCOMMON 00070
SPI_Exchange8bit@data                     cstackCOMMON 00070
SYSTEM_Initialize@state                   cstackCOMMON 00071
SendMidiData@timeout_ms                   cstackCOMMON 00073
SendMidiData@tone                         cstackCOMMON 00072
SendMidiData@velocity                     cstackCOMMON 00071
USBConfigureEndpoint@EPNum                cstackCOMMON 00072
USBConfigureEndpoint@direction            cstackCOMMON 00070
USBConfigureEndpoint@handle               cstackCOMMON 00073
USBCtrlEPService@setup_cnt                cstackBANK0  0006B
USBCtrlTrfInHandler@lastDTS               cstackCOMMON 00073
USBCtrlTrfRxService@byteToRead            cstackCOMMON 00075
USBCtrlTrfRxService@i                     cstackCOMMON 00074
USBCtrlTrfTxService@byteToSend            cstackCOMMON 00070
USBDeviceInit@i                           cstackCOMMON 00075
USBDeviceInit@i_1890                      cstackCOMMON 00074
USBDeviceInit@p                           cstackCOMMON 00072
USBDeviceTasks@i                          cstackBANK0  0006D
USBEnableEndpoint@ep                      cstackCOMMON 00079
USBEnableEndpoint@options                 cstackCOMMON 00074
USBEnableEndpoint@p                       cstackCOMMON 00077
USBStdFeatureReqHandler@current_ep_data   cstackBANK0  00067
USBStdFeatureReqHandler@p                 cstackBANK0  00068
USBStdFeatureReqHandler@pUEP              cstackBANK0  00065
USBStdGetStatusHandler@p                  cstackCOMMON 00070
USBStdSetCfgHandler@i                     cstackCOMMON 0007D
USBStdSetCfgHandler@i_2218                cstackCOMMON 0007C
USBStdSetCfgHandler@p                     cstackCOMMON 0007A
USBTransferOnePacket@data                 cstackCOMMON 00071
USBTransferOnePacket@dir                  cstackCOMMON 00070
USBTransferOnePacket@ep                   cstackCOMMON 00076
USBTransferOnePacket@handle               cstackCOMMON 00077
USBTransferOnePacket@len                  cstackCOMMON 00073
USER_USB_CALLBACK_EVENT_HANDLER@event     cstackBANK0  00060
_ACTCON                                   (abs)        0039B
_ADCON0bits                               (abs)        0009D
_ADCON1bits                               (abs)        0009E
_ADCON2bits                               (abs)        0009F
_ADRESH                                   (abs)        0009C
_ANSELA                                   (abs)        0018C
_ANSELAbits                               (abs)        0018C
_ANSELCbits                               (abs)        0018E
_APP_DeviceAudioMIDIInitialize            text22       00B57
_APP_DeviceAudioMIDISOFHandler            text25       00A29
_APP_DeviceAudioMIDITasks                 text28       00118
_APP_DeviceAudioMIDITasks$425             cstackBANK0  00067
_APP_DeviceAudioMIDITasks$459             cstackBANK0  00069
_APP_DeviceAudioMIDITasks$460             cstackBANK0  0006B
_APP_LEDUpdateUSBStatus                   text26       00E21
_BDT                                      (abs)        00020
_BLEDeviceInit                            text50       00A1B
_BothEP0OutUOWNsSet                       bssBANK2     00155
_CtrlTrfData                              (abs)        00048
_INTCONbits                               (abs)        0000B
_LATBbits                                 (abs)        0010D
_LATCbits                                 (abs)        0010E
_LED_Enable                               text54       00A7B
_LED_Off                                  text39       00A91
_LED_On                                   text38       00AA7
_OPTION_REGbits                           (abs)        00095
_OSCCON                                   (abs)        00099
_PIE1bits                                 (abs)        00091
_PIE2bits                                 (abs)        00092
_PIN_MANAGER_Initialize                   text52       00A14
_PIR2bits                                 (abs)        00012
_PORTBbits                                (abs)        0000D
_ReceivedDataBuffer                       (abs)        000A0
_RemoteWakeup                             bssBANK2     00156
_SPI_ClearReceiveOverflowStatus           text33       00002
_SPI_ClearWriteCollisionStatus            text31       002FE
_SPI_Exchange8bit                         text30       002F2
_SPI_HasReceiveOverflowOccured            text34       00A08
_SPI_HasWriteCollisionOccured             text32       009F4
_SPI_Initialize                           text51       00A02
_SSP1CON1                                 (abs)        00215
_SSP1CON1bits                             (abs)        00215
_SSP1CON3                                 (abs)        00217
_SSP1STAT                                 (abs)        00214
_SSP1STATbits                             (abs)        00214
_SSPBUF                                   (abs)        00211
_SYSTEM_Initialize                        text53       00AEB
_SYS_InterruptHigh                        intentry     00004
_SendMidiData                             text29       00C7C
_SetupPkt                                 (abs)        00040
_TMR0                                     (abs)        00015
_TRISAbits                                (abs)        0008C
_TRISBbits                                (abs)        0008D
_TRISCbits                                (abs)        0008E
_UADDR                                    (abs)        00E96
_UCFG                                     (abs)        00E91
_UCON                                     (abs)        00E8E
_UCONbits                                 (abs)        00E8E
_UEIE                                     (abs)        00E97
_UEIR                                     (abs)        00E93
_UEP0                                     (abs)        00E98
_UEP0bits                                 (abs)        00E98
_UEP1                                     (abs)        00E99
_UIE                                      (abs)        00E92
_UIEbits                                  (abs)        00E92
_UIR                                      (abs)        00E90
_UIRbits                                  (abs)        00E90
_USBActiveConfiguration                   bssBANK1     000EE
_USBAlternateInterface                    bssBANK1     000EF
_USBBusIsSuspended                        bssBANK2     00157
_USBCheckStdRequest                       text7        00CEB
_USBConfigureEndpoint                     text24       00BEC
_USBCtrlEPAllowDataStage                  text14       00D83
_USBCtrlEPAllowStatusStage                text16       00F3C
_USBCtrlEPService                         text2        00F9E
_USBCtrlEPServiceComplete                 text13       00753
_USBCtrlTrfInHandler                      text3        00217
_USBCtrlTrfOutHandler                     text4        00C1A
_USBCtrlTrfRxService                      text5        0063A
_USBCtrlTrfSetupHandler                   text6        00C49
_USBCtrlTrfTxService                      text15       00E7D
_USBDeferINDataStagePackets               bssBANK1     000E2
_USBDeferOUTDataStagePackets              bssBANK2     00158
_USBDeferStatusStagePacket                bssBANK0     00052
_USBDeviceInit                            text27       006CC
_USBDeviceState                           bssBANK0     00053
_USBDeviceTasks                           text1        003FA
_USBEnableEndpoint                        text23       00B9A
_USBIncrement1msInternalTimers            text18       00A49
_USBRxHandle                              bssBANK0     00054
_USBStallHandler                          text17       00B76
_USBStatusStageEnabledFlag1               bssBANK1     000E3
_USBStatusStageEnabledFlag2               bssBANK1     000E4
_USBStatusStageTimeoutCounter             bssBANK1     000E5
_USBStdFeatureReqHandler                  text8        00008
_USBStdGetDscHandler                      text10       00286
_USBStdGetStatusHandler                   text9        00DD1
_USBStdSetCfgHandler                      text11       00EDB
_USBSuspend                               text19       00A69
_USBTicksSinceSuspendEnd                  bssBANK2     00159
_USBTransferOnePacket                     text49       00D35
_USBTxHandle                              bssBANK1     000E6
_USBWakeFromSuspend                       text20       00AD3
_USB_CD_Ptr                               stringtext   0032E
_USB_SD_Ptr                               stringtext   00328
_USER_USB_CALLBACK_EVENT_HANDLER          text21       00CB3
_USTAT                                    (abs)        00E8F
_USTATcopy                                bssBANK0     0005F
__CFG_BOREN$ON                            (abs)        00000
__CFG_BORV$LO                             (abs)        00000
__CFG_CLKOUTEN$OFF                        (abs)        00000
__CFG_CP$OFF                              (abs)        00000
__CFG_CPUDIV$NOCLKDIV                     (abs)        00000
__CFG_FCMEN$OFF                           (abs)        00000
__CFG_FOSC$INTOSC                         (abs)        00000
__CFG_IESO$OFF                            (abs)        00000
__CFG_LPBOR$OFF                           (abs)        00000
__CFG_LVP$OFF                             (abs)        00000
__CFG_MCLRE$ON                            (abs)        00000
__CFG_PLLEN$ENABLED                       (abs)        00000
__CFG_PLLMULT$3x                          (abs)        00000
__CFG_PWRTE$OFF                           (abs)        00000
__CFG_STVREN$ON                           (abs)        00000
__CFG_USBLSCLK$48MHz                      (abs)        00000
__CFG_WDTE$ON                             (abs)        00000
__CFG_WRT$OFF                             (abs)        00000
__Habs1                                   abs1         00000
__Hbank0                                  bank0        00000
__Hbank1                                  bank1        00000
__Hbank10                                 bank10       00000
__Hbank11                                 bank11       00000
__Hbank12                                 bank12       00000
__Hbank13                                 bank13       00000
__Hbank14                                 bank14       00000
__Hbank15                                 bank15       00000
__Hbank16                                 bank16       00000
__Hbank17                                 bank17       00000
__Hbank18                                 bank18       00000
__Hbank19                                 bank19       00000
__Hbank2                                  bank2        00000
__Hbank20                                 bank20       00000
__Hbank21                                 bank21       00000
__Hbank22                                 bank22       00000
__Hbank23                                 bank23       00000
__Hbank24                                 bank24       00000
__Hbank25                                 bank25       00000
__Hbank26                                 bank26       00000
__Hbank27                                 bank27       00000
__Hbank28                                 bank28       00000
__Hbank29                                 bank29       00000
__Hbank3                                  bank3        00000
__Hbank30                                 bank30       00000
__Hbank31                                 bank31       00000
__Hbank4                                  bank4        00000
__Hbank5                                  bank5        00000
__Hbank6                                  bank6        00000
__Hbank7                                  bank7        00000
__Hbank8                                  bank8        00000
__Hbank9                                  bank9        00000
__Hbigram                                 bigram       00000
__HbssBANK0                               bssBANK0     00000
__HbssBANK1                               bssBANK1     00000
__HbssBANK2                               bssBANK2     00000
__HbssBANK3                               bssBANK3     00000
__HbssBANK4                               bssBANK4     00000
__Hcinit                                  cinit        00000
__Hclrtext                                clrtext      00000
__Hcode                                   code         00000
__Hcommon                                 common       00000
__Hconfig                                 config       08009
__HcstackBANK0                            cstackBANK0  00000
__HcstackCOMMON                           cstackCOMMON 00000
__Heeprom_data                            eeprom_data  00000
__Hend_init                               end_init     00008
__Hfunctab                                functab      00000
__Hidloc                                  idloc        00000
__Hinit                                   init         00006
__Hintentry                               intentry     00006
__Hmaintext                               maintext     00000
__Hpowerup                                powerup      00000
__Hram                                    ram          00000
__Hreset_vec                              reset_vec    00002
__Hsfr0                                   sfr0         00000
__Hsfr1                                   sfr1         00000
__Hsfr10                                  sfr10        00000
__Hsfr11                                  sfr11        00000
__Hsfr12                                  sfr12        00000
__Hsfr13                                  sfr13        00000
__Hsfr14                                  sfr14        00000
__Hsfr15                                  sfr15        00000
__Hsfr16                                  sfr16        00000
__Hsfr17                                  sfr17        00000
__Hsfr18                                  sfr18        00000
__Hsfr19                                  sfr19        00000
__Hsfr2                                   sfr2         00000
__Hsfr20                                  sfr20        00000
__Hsfr21                                  sfr21        00000
__Hsfr22                                  sfr22        00000
__Hsfr23                                  sfr23        00000
__Hsfr24                                  sfr24        00000
__Hsfr25                                  sfr25        00000
__Hsfr26                                  sfr26        00000
__Hsfr27                                  sfr27        00000
__Hsfr28                                  sfr28        00000
__Hsfr29                                  sfr29        00000
__Hsfr3                                   sfr3         00000
__Hsfr30                                  sfr30        00000
__Hsfr31                                  sfr31        00000
__Hsfr4                                   sfr4         00000
__Hsfr5                                   sfr5         00000
__Hsfr6                                   sfr6         00000
__Hsfr7                                   sfr7         00000
__Hsfr8                                   sfr8         00000
__Hsfr9                                   sfr9         00000
__Hstrings                                strings      00000
__Hstringtext                             stringtext   00000
__Htext                                   text         00000
__Labs1                                   abs1         00000
__Lbank0                                  bank0        00000
__Lbank1                                  bank1        00000
__Lbank10                                 bank10       00000
__Lbank11                                 bank11       00000
__Lbank12                                 bank12       00000
__Lbank13                                 bank13       00000
__Lbank14                                 bank14       00000
__Lbank15                                 bank15       00000
__Lbank16                                 bank16       00000
__Lbank17                                 bank17       00000
__Lbank18                                 bank18       00000
__Lbank19                                 bank19       00000
__Lbank2                                  bank2        00000
__Lbank20                                 bank20       00000
__Lbank21                                 bank21       00000
__Lbank22                                 bank22       00000
__Lbank23                                 bank23       00000
__Lbank24                                 bank24       00000
__Lbank25                                 bank25       00000
__Lbank26                                 bank26       00000
__Lbank27                                 bank27       00000
__Lbank28                                 bank28       00000
__Lbank29                                 bank29       00000
__Lbank3                                  bank3        00000
__Lbank30                                 bank30       00000
__Lbank31                                 bank31       00000
__Lbank4                                  bank4        00000
__Lbank5                                  bank5        00000
__Lbank6                                  bank6        00000
__Lbank7                                  bank7        00000
__Lbank8                                  bank8        00000
__Lbank9                                  bank9        00000
__Lbigram                                 bigram       00000
__LbssBANK0                               bssBANK0     00000
__LbssBANK1                               bssBANK1     00000
__LbssBANK2                               bssBANK2     00000
__LbssBANK3                               bssBANK3     00000
__LbssBANK4                               bssBANK4     00000
__Lcinit                                  cinit        00000
__Lclrtext                                clrtext      00000
__Lcode                                   code         00000
__Lcommon                                 common       00000
__Lconfig                                 config       08007
__LcstackBANK0                            cstackBANK0  00000
__LcstackCOMMON                           cstackCOMMON 00000
__Leeprom_data                            eeprom_data  00000
__Lend_init                               end_init     00006
__Lfunctab                                functab      00000
__Lidloc                                  idloc        00000
__Linit                                   init         00006
__Lintentry                               intentry     00004
__Lmaintext                               maintext     00000
__Lpowerup                                powerup      00000
__Lram                                    ram          00000
__Lreset_vec                              reset_vec    00000
__Lsfr0                                   sfr0         00000
__Lsfr1                                   sfr1         00000
__Lsfr10                                  sfr10        00000
__Lsfr11                                  sfr11        00000
__Lsfr12                                  sfr12        00000
__Lsfr13                                  sfr13        00000
__Lsfr14                                  sfr14        00000
__Lsfr15                                  sfr15        00000
__Lsfr16                                  sfr16        00000
__Lsfr17                                  sfr17        00000
__Lsfr18                                  sfr18        00000
__Lsfr19                                  sfr19        00000
__Lsfr2                                   sfr2         00000
__Lsfr20                                  sfr20        00000
__Lsfr21                                  sfr21        00000
__Lsfr22                                  sfr22        00000
__Lsfr23                                  sfr23        00000
__Lsfr24                                  sfr24        00000
__Lsfr25                                  sfr25        00000
__Lsfr26                                  sfr26        00000
__Lsfr27                                  sfr27        00000
__Lsfr28                                  sfr28        00000
__Lsfr29                                  sfr29        00000
__Lsfr3                                   sfr3         00000
__Lsfr30                                  sfr30        00000
__Lsfr31                                  sfr31        00000
__Lsfr4                                   sfr4         00000
__Lsfr5                                   sfr5         00000
__Lsfr6                                   sfr6         00000
__Lsfr7                                   sfr7         00000
__Lsfr8                                   sfr8         00000
__Lsfr9                                   sfr9         00000
__Lstrings                                strings      00000
__Lstringtext                             stringtext   00000
__Ltext                                   text         00000
__S0                                      (abs)        08009
__S1                                      (abs)        0026E
___latbits                                (abs)        00002
__end_of_APP_DeviceAudioMIDIInitialize    text22       00B76
__end_of_APP_DeviceAudioMIDISOFHandler    text25       00A30
__end_of_APP_DeviceAudioMIDITasks         text28       00217
__end_of_APP_LEDUpdateUSBStatus           text26       00E7D
__end_of_BLEDeviceInit                    text50       00A22
__end_of_LED_Enable                       text54       00A91
__end_of_LED_Off                          text39       00AA7
__end_of_LED_On                           text38       00ABD
__end_of_PIN_MANAGER_Initialize           text52       00A1B
__end_of_SPI_ClearReceiveOverflowStatus   text33       00004
__end_of_SPI_ClearWriteCollisionStatus    text31       00300
__end_of_SPI_Exchange8bit                 text30       002FE
__end_of_SPI_HasReceiveOverflowOccured    text34       00A0E
__end_of_SPI_HasWriteCollisionOccured     text32       009F8
__end_of_SPI_Initialize                   text51       00A08
__end_of_SYSTEM_Initialize                text53       00B04
__end_of_SYS_InterruptHigh                intentry     00006
__end_of_SendMidiData                     text29       00CB3
__end_of_USBCheckStdRequest               text7        00D35
__end_of_USBConfigureEndpoint             text24       00C1A
__end_of_USBCtrlEPAllowDataStage          text14       00DD1
__end_of_USBCtrlEPAllowStatusStage        text16       00F9E
__end_of_USBCtrlEPService                 text2        01000
__end_of_USBCtrlEPServiceComplete         text13       007D7
__end_of_USBCtrlTrfInHandler              text3        00286
__end_of_USBCtrlTrfOutHandler             text4        00C49
__end_of_USBCtrlTrfRxService              text5        006CC
__end_of_USBCtrlTrfSetupHandler           text6        00C7C
__end_of_USBCtrlTrfTxService              text15       00EDB
__end_of_USBDeviceInit                    text27       00753
__end_of_USBDeviceTasks                   text1        004EF
__end_of_USBEnableEndpoint                text23       00BC1
__end_of_USBIncrement1msInternalTimers    text18       00A58
__end_of_USBStallHandler                  text17       00B9A
__end_of_USBStdFeatureReqHandler          text8        00118
__end_of_USBStdGetDscHandler              text10       002F2
__end_of_USBStdGetStatusHandler           text9        00E21
__end_of_USBStdSetCfgHandler              text11       00F3C
__end_of_USBSuspend                       text19       00A7B
__end_of_USBTransferOnePacket             text49       00D83
__end_of_USBWakeFromSuspend               text20       00AEB
__end_of_USB_CD_Ptr                       stringtext   00330
__end_of_USB_SD_Ptr                       stringtext   0032E
__end_of_USER_USB_CALLBACK_EVENT_HANDLER  text21       00CEB
__end_of__initialization                  cinit        00BE9
__end_of__stringtab                       stringtext   00301
__end_of_configDescriptor1                stringtext   00395
__end_of_device_dsc                       stringtext   003F5
__end_of_get_adc                          text40       009F4
__end_of_get_data                         text44       009FD
__end_of_is_adc_ready                     text41       00A02
__end_of_is_end_of_scan                   text43       00A69
__end_of_main                             maintext     00B57
__end_of_memset                           text12       00AD3
__end_of_process_level                    text37       00599
__end_of_run_adc                          text42       00A29
__end_of_scan_init                        text48       00B3A
__end_of_scan_task                        text35       0063A
__end_of_sd000                            stringtext   003F9
__end_of_sd001                            stringtext   003C9
__end_of_sd002                            stringtext   003E3
__end_of_set_clock_and_data               text45       00B1E
__end_of_set_timer                        text47       00A3A
__end_of_store_key_level                  text36       00800
__end_of_waiting_for_timer                text46       00A49
__end_ofprocess_level@idx_midi_map        stringtext   00328
__end_ofprocess_level@midi_shift          stringtext   003FA
__initialization                          cinit        00BC1
__pbssBANK0                               bssBANK0     00050
__pbssBANK1                               bssBANK1     000E0
__pbssBANK2                               bssBANK2     00120
__pbssBANK3                               bssBANK3     001A4
__pbssBANK4                               bssBANK4     00220
__pcstackBANK0                            cstackBANK0  00060
__pcstackCOMMON                           cstackCOMMON 00070
__pintentry                               intentry     00004
__pmaintext                               maintext     00B3A
__pstringtext                             stringtext   00300
__pswtext1                                swtext1      00800
__pswtext2                                swtext2      0081A
__pswtext3                                swtext3      00826
__pswtext4                                swtext4      00830
__pswtext5                                swtext5      0083A
__ptext1                                  text1        003FA
__ptext10                                 text10       00286
__ptext11                                 text11       00EDB
__ptext12                                 text12       00ABD
__ptext13                                 text13       00753
__ptext14                                 text14       00D83
__ptext15                                 text15       00E7D
__ptext16                                 text16       00F3C
__ptext17                                 text17       00B76
__ptext18                                 text18       00A49
__ptext19                                 text19       00A69
__ptext2                                  text2        00F9E
__ptext20                                 text20       00AD3
__ptext21                                 text21       00CB3
__ptext22                                 text22       00B57
__ptext23                                 text23       00B9A
__ptext24                                 text24       00BEC
__ptext25                                 text25       00A29
__ptext26                                 text26       00E21
__ptext27                                 text27       006CC
__ptext28                                 text28       00118
__ptext29                                 text29       00C7C
__ptext3                                  text3        00217
__ptext30                                 text30       002F2
__ptext31                                 text31       002FE
__ptext32                                 text32       009F4
__ptext33                                 text33       00002
__ptext34                                 text34       00A08
__ptext35                                 text35       00599
__ptext36                                 text36       007D7
__ptext37                                 text37       004EF
__ptext38                                 text38       00AA7
__ptext39                                 text39       00A91
__ptext4                                  text4        00C1A
__ptext40                                 text40       009F2
__ptext41                                 text41       009FD
__ptext42                                 text42       00A22
__ptext43                                 text43       00A58
__ptext44                                 text44       009F8
__ptext45                                 text45       00B04
__ptext46                                 text46       00A3A
__ptext47                                 text47       00A30
__ptext48                                 text48       00B1E
__ptext49                                 text49       00D35
__ptext5                                  text5        0063A
__ptext50                                 text50       00A1B
__ptext51                                 text51       00A02
__ptext52                                 text52       00A14
__ptext53                                 text53       00AEB
__ptext54                                 text54       00A7B
__ptext6                                  text6        00C49
__ptext7                                  text7        00CEB
__ptext8                                  text8        00008
__ptext9                                  text9        00DD1
__size_of_APP_DeviceAudioMIDIInitialize   (abs)        00000
__size_of_APP_DeviceAudioMIDISOFHandler   (abs)        00000
__size_of_APP_DeviceAudioMIDITasks        (abs)        00000
__size_of_APP_LEDUpdateUSBStatus          (abs)        00000
__size_of_BLEDeviceInit                   (abs)        00000
__size_of_LED_Enable                      (abs)        00000
__size_of_LED_Off                         (abs)        00000
__size_of_LED_On                          (abs)        00000
__size_of_PIN_MANAGER_Initialize          (abs)        00000
__size_of_SPI_ClearReceiveOverflowStatus  (abs)        00000
__size_of_SPI_ClearWriteCollisionStatus   (abs)        00000
__size_of_SPI_Exchange8bit                (abs)        00000
__size_of_SPI_HasReceiveOverflowOccured   (abs)        00000
__size_of_SPI_HasWriteCollisionOccured    (abs)        00000
__size_of_SPI_Initialize                  (abs)        00000
__size_of_SYSTEM_Initialize               (abs)        00000
__size_of_SYS_InterruptHigh               (abs)        00000
__size_of_SendMidiData                    (abs)        00000
__size_of_USBCheckStdRequest              (abs)        00000
__size_of_USBConfigureEndpoint            (abs)        00000
__size_of_USBCtrlEPAllowDataStage         (abs)        00000
__size_of_USBCtrlEPAllowStatusStage       (abs)        00000
__size_of_USBCtrlEPService                (abs)        00000
__size_of_USBCtrlEPServiceComplete        (abs)        00000
__size_of_USBCtrlTrfInHandler             (abs)        00000
__size_of_USBCtrlTrfOutHandler            (abs)        00000
__size_of_USBCtrlTrfRxService             (abs)        00000
__size_of_USBCtrlTrfSetupHandler          (abs)        00000
__size_of_USBCtrlTrfTxService             (abs)        00000
__size_of_USBDeviceInit                   (abs)        00000
__size_of_USBDeviceTasks                  (abs)        00000
__size_of_USBEnableEndpoint               (abs)        00000
__size_of_USBIncrement1msInternalTimers   (abs)        00000
__size_of_USBStallHandler                 (abs)        00000
__size_of_USBStdFeatureReqHandler         (abs)        00000
__size_of_USBStdGetDscHandler             (abs)        00000
__size_of_USBStdGetStatusHandler          (abs)        00000
__size_of_USBStdSetCfgHandler             (abs)        00000
__size_of_USBSuspend                      (abs)        00000
__size_of_USBTransferOnePacket            (abs)        00000
__size_of_USBWakeFromSuspend              (abs)        00000
__size_of_USER_USB_CALLBACK_EVENT_HANDLER (abs)        00000
__size_of_get_adc                         (abs)        00000
__size_of_get_data                        (abs)        00000
__size_of_is_adc_ready                    (abs)        00000
__size_of_is_end_of_scan                  (abs)        00000
__size_of_main                            (abs)        00000
__size_of_memset                          (abs)        00000
__size_of_process_level                   (abs)        00000
__size_of_run_adc                         (abs)        00000
__size_of_scan_init                       (abs)        00000
__size_of_scan_task                       (abs)        00000
__size_of_set_clock_and_data              (abs)        00000
__size_of_set_timer                       (abs)        00000
__size_of_store_key_level                 (abs)        00000
__size_of_waiting_for_timer               (abs)        00000
__stringtab                               stringtext   00300
_adc_levels                               bssBANK4     00220
_ble_pitch                                bssBANK1     000E7
_ble_velocity                             bssBANK1     000E8
_configDescriptor1                        stringtext   00330
_controlTransferState                     bssBANK0     00055
_device_dsc                               stringtext   003E3
_endpoint_number                          bssBANK1     000E9
_ep_data_in                               bssBANK2     0014D
_ep_data_out                              bssBANK2     0014F
_get_adc                                  text40       009F2
_get_data                                 text44       009F8
_inPipes                                  bssBANK0     0005A
_is_adc_ready                             text41       009FD
_is_end_of_scan                           text43       00A58
_is_initialized                           bssBANK2     0015A
_main                                     maintext     00B3A
_memset                                   text12       00ABD
_midiData                                 (abs)        001A0
_msCounter                                bssBANK1     000EA
_note_event                               bssBANK2     00151
_outPipes                                 bssBANK2     00147
_pBDTEntryEP0OutCurrent                   bssBANK0     00056
_pBDTEntryEP0OutNext                      bssBANK0     00057
_pBDTEntryIn                              bssBANK0     00050
_pBDTEntryOut                             bssBANK2     00153
_pDst                                     bssBANK1     000EB
_pitch                                    bssBANK0     00058
_process_level                            text37       004EF
_process_level$855                        cstackCOMMON 00077
_process_level$856                        cstackCOMMON 00078
_run_adc                                  text42       00A22
_scan_init                                text48       00B1E
_scan_task                                text35       00599
_scan_task$866                            cstackBANK0  00062
_scan_task$867                            cstackBANK0  00064
_sd000                                    stringtext   003F5
_sd001                                    stringtext   00395
_sd002                                    stringtext   003C9
_sentNoteOff                              bssBANK2     0015B
_set_clock_and_data                       text45       00B04
_set_timer                                text47       00A30
_shortPacketStatus                        bssBANK1     000EC
_store_key_level                          text36       007D7
_wait_timer                               bssBANK2     0015C
_waiting_for_timer                        text46       00A3A
_waiting_for_timer$818                    cstackCOMMON 00070
btemp                                     (abs)        0007E
clear_ram0                                clrtext      00A0E
end_of_initialization                     cinit        00BE9
intlevel0                                 functab      00000
intlevel1                                 functab      00000
intlevel2                                 functab      00000
intlevel3                                 functab      00000
intlevel4                                 functab      00000
intlevel5                                 functab      00000
is_end_of_scan@res                        cstackCOMMON 00070
is_end_of_scan@scan_counter               bssBANK1     000ED
memset@c                                  cstackCOMMON 00070
memset@n                                  cstackCOMMON 00072
memset@p                                  cstackCOMMON 00075
memset@p1                                 cstackCOMMON 00074
process_level@current_state               cstackCOMMON 00074
process_level@filtered_state              cstackCOMMON 0007B
process_level@idx_key                     cstackCOMMON 0007C
process_level@idx_midi_map                stringtext   00301
process_level@key_off_counter             bssBANK3     001A4
process_level@key_on_counter              bssBANK4     00247
process_level@key_states                  bssBANK2     00120
process_level@new_level                   cstackCOMMON 00072
process_level@off_flag                    cstackCOMMON 00076
process_level@old_level                   cstackCOMMON 00071
process_level@on_flag                     cstackCOMMON 0007A
reset_vec                                 reset_vec    00000
scan_task@note                            cstackBANK0  00066
scan_task@state                           bssBANK2     0015D
scan_task@velocity                        cstackBANK0  00061
set_clock_and_data@c                      cstackCOMMON 00072
set_clock_and_data@d                      cstackCOMMON 00070
start                                     init         00006
start_initialization                      cinit        00BC1
store_key_level@end_of_scan               cstackCOMMON 0007D
store_key_level@idx_key                   bssBANK0     00059
store_key_level@level                     cstackBANK0  00060
wtemp0                                    (abs)        0007E


FUNCTION INFORMATION:

 *************** function _main *****************
 Defined at:
		line 35 in file "../src/main.c"
 Parameters:    Size  Location     Type
		None
 Auto vars:     Size  Location     Type
		None
 Return value:  Size  Location     Type
		None               void
 Registers used:
		wreg, fsr0l, fsr0h, fsr1l, fsr1h, fsr1l, fsr1h, status,2, status,0, btemp+1, pclath, cstack
 Tracked objects:
		On entry : 
		On exit  : 
		Unchanged: 
 Data sizes:     COMMON   BANK0   BANK1   BANK2   BANK3   BANK4   BANK5   BANK6   BANK7   BANK8   BANK9  BANK10  BANK11  BANK12
      Params:         0       0       0       0       0       0       0       0       0       0       0       0       0       0
      Locals:         0       0       0       0       0       0       0       0       0       0       0       0       0       0
      Temps:          0       0       0       0       0       0       0       0       0       0       0       0       0       0
      Totals:         0       0       0       0       0       0       0       0       0       0       0       0       0       0
Total ram usage:        0 bytes
 Hardware stack levels required when called:   10
 This function calls:
		_SYSTEM_Initialize
		_USBDeviceInit
		_BLEDeviceInit
		_APP_DeviceAudioMIDITasks
		_USBDeviceTasks
 This function is called by:
		Startup code after reset
 This function uses a non-reentrant model


 *************** function _USBDeviceTasks *****************
 Defined at:
		line 497 in file "../framework/usb/usb_device.c"
 Parameters:    Size  Location     Type
		None
 Auto vars:     Size  Location     Type
  i               1   13[BANK0 ] unsigned char 
 Return value:  Size  Location     Type
		None               void
 Registers used:
		wreg, fsr0l, fsr0h, fsr1l, fsr1h, fsr1l, fsr1h, status,2, status,0, btemp+1, pclath, cstack
 Tracked objects:
		On entry : 
		On exit  : 
		Unchanged: 
 Data sizes:     COMMON   BANK0   BANK1   BANK2   BANK3   BANK4   BANK5   BANK6   BANK7   BANK8   BANK9  BANK10  BANK11  BANK12
      Params:         0       0       0       0       0       0       0       0       0       0       0       0       0       0
      Locals:         0       1       0       0       0       0       0       0       0       0       0       0       0       0
      Temps:          0       1       0       0       0       0       0       0       0       0       0       0       0       0
      Totals:         0       2       0       0       0       0       0       0       0       0       0       0       0       0
Total ram usage:        2 bytes
 Hardware stack levels used:    1
 Hardware stack levels required when called:    9
 This function calls:
		_USBDeviceInit
		_USER_USB_CALLBACK_EVENT_HANDLER
		_USBWakeFromSuspend
		_USBSuspend
		_USBIncrement1msInternalTimers
		_USBCtrlEPAllowStatusStage
		_USBStallHandler
		_USBCtrlEPService
 This function is called by:
		_main
 This function uses a non-reentrant model


 *************** function _USBCtrlEPService *****************
 Defined at:
		line 2392 in file "../framework/usb/usb_device.c"
 Parameters:    Size  Location     Type
		None
 Auto vars:     Size  Location     Type
  setup_cnt       1   11[BANK0 ] unsigned char 
 Return value:  Size  Location     Type
		None               void
 Registers used:
		wreg, fsr0l, fsr0h, fsr1l, fsr1h, fsr1l, fsr1h, status,2, status,0, btemp+1, pclath, cstack
 Tracked objects:
		On entry : 
		On exit  : 
		Unchanged: 
 Data sizes:     COMMON   BANK0   BANK1   BANK2   BANK3   BANK4   BANK5   BANK6   BANK7   BANK8   BANK9  BANK10  BANK11  BANK12
      Params:         0       0       0       0       0       0       0       0       0       0       0       0       0       0
      Locals:         0       1       0       0       0       0       0       0       0       0       0       0       0       0
      Temps:          0       2       0       0       0       0       0       0       0       0       0       0       0       0
      Totals:         0       3       0       0       0       0       0       0       0       0       0       0       0       0
Total ram usage:        3 bytes
 Hardware stack levels used:    1
 Hardware stack levels required when called:    8
 This function calls:
		_USBCtrlTrfSetupHandler
		_USBCtrlTrfOutHandler
		_USBCtrlTrfInHandler
 This function is called by:
		_USBDeviceTasks
 This function uses a non-reentrant model


 *************** function _USBCtrlTrfInHandler *****************
 Defined at:
		line 2618 in file "../framework/usb/usb_device.c"
 Parameters:    Size  Location     Type
		None
 Auto vars:     Size  Location     Type
  lastDTS         1    3[COMMON] unsigned char 
 Return value:  Size  Location     Type
		None               void
 Registers used:
		wreg, fsr0l, fsr0h, fsr1l, fsr1h, status,2, status,0, pclath, cstack
 Tracked objects:
		On entry : 
		On exit  : 
		Unchanged: 
 Data sizes:     COMMON   BANK0   BANK1   BANK2   BANK3   BANK4   BANK5   BANK6   BANK7   BANK8   BANK9  BANK10  BANK11  BANK12
      Params:         0       0       0       0       0       0       0       0       0       0       0       0       0       0
      Locals:         1       0       0       0       0       0       0       0       0       0       0       0       0       0
      Temps:          2       0       0       0       0       0       0       0       0       0       0       0       0       0
      Totals:         3       0       0       0       0       0       0       0       0       0       0       0       0       0
Total ram usage:        3 bytes
 Hardware stack levels used:    1
 Hardware stack levels required when called:    2
 This function calls:
		_USBCtrlTrfTxService
 This function is called by:
		_USBCtrlEPService
 This function uses a non-reentrant model


 *************** function _USBCtrlTrfOutHandler *****************
 Defined at:
		line 2564 in file "../framework/usb/usb_device.c"
 Parameters:    Size  Location     Type
		None
 Auto vars:     Size  Location     Type
		None
 Return value:  Size  Location     Type
		None               void
 Registers used:
		wreg, fsr0l, fsr0h, fsr1l, fsr1h, status,2, status,0, pclath, cstack
 Tracked objects:
		On entry : 
		On exit  : 
		Unchanged: 
 Data sizes:     COMMON   BANK0   BANK1   BANK2   BANK3   BANK4   BANK5   BANK6   BANK7   BANK8   BANK9  BANK10  BANK11  BANK12
      Params:         0       0       0       0       0       0       0       0       0       0       0       0       0       0
      Locals:         0       0       0       0       0       0       0       0       0       0       0       0       0       0
      Temps:          2       0       0       0       0       0       0       0       0       0       0       0       0       0
      Totals:         2       0       0       0       0       0       0       0       0       0       0       0       0       0
Total ram usage:        2 bytes
 Hardware stack levels used:    1
 Hardware stack levels required when called:    3
 This function calls:
		_USBCtrlTrfRxService
 This function is called by:
		_USBCtrlEPService
 This function uses a non-reentrant model


 *************** function _USBCtrlTrfRxService *****************
 Defined at:
		line 1872 in file "../framework/usb/usb_device.c"
 Parameters:    Size  Location     Type
		None
 Auto vars:     Size  Location     Type
  byteToRead      1    5[COMMON] unsigned char 
  i               1    4[COMMON] unsigned char 
 Return value:  Size  Location     Type
		None               void
 Registers used:
		wreg, fsr0l, fsr0h, fsr1l, fsr1h, status,2, status,0, pclath, cstack
 Tracked objects:
		On entry : 
		On exit  : 
		Unchanged: 
 Data sizes:     COMMON   BANK0   BANK1   BANK2   BANK3   BANK4   BANK5   BANK6   BANK7   BANK8   BANK9  BANK10  BANK11  BANK12
      Params:         0       0       0       0       0       0       0       0       0       0       0       0       0       0
      Locals:         2       0       0       0       0       0       0       0       0       0       0       0       0       0
      Temps:          2       0       0       0       0       0       0       0       0       0       0       0       0       0
      Totals:         4       0       0       0       0       0       0       0       0       0       0       0       0       0
Total ram usage:        4 bytes
 Hardware stack levels used:    1
 Hardware stack levels required when called:    2
 This function calls:
		_USBCtrlEPAllowStatusStage
 This function is called by:
		_USBCtrlTrfOutHandler
 This function uses a non-reentrant model


 *************** function _USBCtrlTrfSetupHandler *****************
 Defined at:
		line 2492 in file "../framework/usb/usb_device.c"
 Parameters:    Size  Location     Type
		None
 Auto vars:     Size  Location     Type
		None
 Return value:  Size  Location     Type
		None               void
 Registers used:
		wreg, fsr0l, fsr0h, fsr1l, fsr1h, fsr1l, fsr1h, status,2, status,0, btemp+1, pclath, cstack
 Tracked objects:
		On entry : 
		On exit  : 
		Unchanged: 
 Data sizes:     COMMON   BANK0   BANK1   BANK2   BANK3   BANK4   BANK5   BANK6   BANK7   BANK8   BANK9  BANK10  BANK11  BANK12
      Params:         0       0       0       0       0       0       0       0       0       0       0       0       0       0
      Locals:         0       0       0       0       0       0       0       0       0       0       0       0       0       0
      Temps:          0       0       0       0       0       0       0       0       0       0       0       0       0       0
      Totals:         0       0       0       0       0       0       0       0       0       0       0       0       0       0
Total ram usage:        0 bytes
 Hardware stack levels used:    1
 Hardware stack levels required when called:    7
 This function calls:
		_USER_USB_CALLBACK_EVENT_HANDLER
		_USBCtrlEPServiceComplete
		_USBCheckStdRequest
 This function is called by:
		_USBCtrlEPService
 This function uses a non-reentrant model


 *************** function _USBCheckStdRequest *****************
 Defined at:
		line 2712 in file "../framework/usb/usb_device.c"
 Parameters:    Size  Location     Type
		None
 Auto vars:     Size  Location     Type
		None
 Return value:  Size  Location     Type
		None               void
 Registers used:
		wreg, fsr0l, fsr0h, fsr1l, fsr1h, fsr1l, fsr1h, status,2, status,0, btemp+1, pclath, cstack
 Tracked objects:
		On entry : 
		On exit  : 
		Unchanged: 
 Data sizes:     COMMON   BANK0   BANK1   BANK2   BANK3   BANK4   BANK5   BANK6   BANK7   BANK8   BANK9  BANK10  BANK11  BANK12
      Params:         0       0       0       0       0       0       0       0       0       0       0       0       0       0
      Locals:         0       0       0       0       0       0       0       0       0       0       0       0       0       0
      Temps:          0       0       0       0       0       0       0       0       0       0       0       0       0       0
      Totals:         0       0       0       0       0       0       0       0       0       0       0       0       0       0
Total ram usage:        0 bytes
 Hardware stack levels used:    1
 Hardware stack levels required when called:    6
 This function calls:
		_USER_USB_CALLBACK_EVENT_HANDLER
		_USBStdSetCfgHandler
		_USBStdGetDscHandler
		_USBStdGetStatusHandler
		_USBStdFeatureReqHandler
 This function is called by:
		_USBCtrlTrfSetupHandler
 This function uses a non-reentrant model


 *************** function _USBStdFeatureReqHandler *****************
 Defined at:
		line 2780 in file "../framework/usb/usb_device.c"
 Parameters:    Size  Location     Type
		None
 Auto vars:     Size  Location     Type
  pUEP            2    5[BANK0 ] PTR unsigned char 
		 -> UEP0(1), 
  p               1    8[BANK0 ] PTR struct __BDT
		 -> BDT(32), NULL(0), 
  current_ep_d    1    7[BANK0 ] struct .
 Return value:  Size  Location     Type
		None               void
 Registers used:
		wreg, fsr0l, fsr0h, fsr1l, fsr1h, fsr1l, fsr1h, status,2, status,0, btemp+1, pclath, cstack
 Tracked objects:
		On entry : 
		On exit  : 
		Unchanged: 
 Data sizes:     COMMON   BANK0   BANK1   BANK2   BANK3   BANK4   BANK5   BANK6   BANK7   BANK8   BANK9  BANK10  BANK11  BANK12
      Params:         0       0       0       0       0       0       0       0       0       0       0       0       0       0
      Locals:         0       4       0       0       0       0       0       0       0       0       0       0       0       0
      Temps:          2       0       0       0       0       0       0       0       0       0       0       0       0       0
      Totals:         2       4       0       0       0       0       0       0       0       0       0       0       0       0
Total ram usage:        6 bytes
[...]
		_scan_task
 This function uses a non-reentrant model


 *************** function _get_data *****************
 Defined at:
		line 73 in file "../src/scan.c"
 Parameters:    Size  Location     Type
		None
 Auto vars:     Size  Location     Type
		None
 Return value:  Size  Location     Type
                  1    wreg      unsigned char 
 Registers used:
		wreg, status,2, status,0
 Tracked objects:
		On entry : 
		On exit  : 
		Unchanged: 
 Data sizes:     COMMON   BANK0   BANK1   BANK2   BANK3   BANK4   BANK5   BANK6   BANK7   BANK8   BANK9  BANK10  BANK11  BANK12
      Params:         0       0       0       0       0       0       0       0       0       0       0       0       0       0
      Locals:         0       0       0       0       0       0       0       0       0       0       0       0       0       0
      Temps:          0       0       0       0       0       0       0       0       0       0       0       0       0       0
      Totals:         0       0       0       0       0       0       0       0       0       0       0       0       0       0
Total ram usage:        0 bytes
 Hardware stack levels used:    1
 Hardware stack levels required when called:    1
 This function calls:
		Nothing
 This function is called by:
		_scan_task
 This function uses a non-reentrant model


 *************** function _set_clock_and_data *****************
 Defined at:
		line 68 in file "../src/scan.c"
 Parameters:    Size  Location     Type
  c               1    wreg     const unsigned char 
  d               1    0[COMMON] const unsigned char 
 Auto vars:     Size  Location     Type
  c               1    2[COMMON] const unsigned char 
 Return value:  Size  Location     Type
		None               void
 Registers used:
		wreg, status,2, status,0
 Tracked objects:
		On entry : 
		On exit  : 
		Unchanged: 
 Data sizes:     COMMON   BANK0   BANK1   BANK2   BANK3   BANK4   BANK5   BANK6   BANK7   BANK8   BANK9  BANK10  BANK11  BANK12
      Params:         1       0       0       0       0       0       0       0       0       0       0       0       0       0
      Locals:         1       0       0       0       0       0       0       0       0       0       0       0       0       0
      Temps:          1       0       0       0       0       0       0       0       0       0       0       0       0       0
      Totals:         3       0       0       0       0       0       0       0       0       0       0       0       0       0
Total ram usage:        3 bytes
 Hardware stack levels used:    1
 Hardware stack levels required when called:    1
 This function calls:
		Nothing
 This function is called by:
		_scan_task
 This function uses a non-reentrant model


 *************** function _waiting_for_timer *****************
 Defined at:
		line 64 in file "../src/scan.c"
 Parameters:    Size  Location     Type
		None
 Auto vars:     Size  Location     Type
		None
 Return value:  Size  Location     Type
                  1    wreg      unsigned char 
 Registers used:
		wreg, status,2
 Tracked objects:
		On entry : 
		On exit  : 
		Unchanged: 
 Data sizes:     COMMON   BANK0   BANK1   BANK2   BANK3   BANK4   BANK5   BANK6   BANK7   BANK8   BANK9  BANK10  BANK11  BANK12
      Params:         0       0       0       0       0       0       0       0       0       0       0       0       0       0
      Locals:         1       0       0       0       0       0       0       0       0       0       0       0       0       0
      Temps:          0       0       0       0       0       0       0       0       0       0       0       0       0       0
      Totals:         1       0       0       0       0       0       0       0       0       0       0       0       0       0
Total ram usage:        1 bytes
 Hardware stack levels used:    1
 Hardware stack levels required when called:    1
 This function calls:
		Nothing
 This function is called by:
		_scan_task
 This function uses a non-reentrant model


 *************** function _set_timer *****************
 Defined at:
		line 55 in file "../src/scan.c"
 Parameters:    Size  Location     Type
		None
 Auto vars:     Size  Location     Type
		None
 Return value:  Size  Location     Type
		None               void
 Registers used:
		status,2
 Tracked objects:
		On entry : 
		On exit  : 
		Unchanged: 
 Data sizes:     COMMON   BANK0   BANK1   BANK2   BANK3   BANK4   BANK5   BANK6   BANK7   BANK8   BANK9  BANK10  BANK11  BANK12
      Params:         0       0       0       0       0       0       0       0       0       0       0       0       0       0
      Locals:         0       0       0       0       0       0       0       0       0       0       0       0       0       0
      Temps:          0       0       0       0       0       0       0       0       0       0       0       0       0       0
      Totals:         0       0       0       0       0       0       0       0       0       0       0       0       0       0
Total ram usage:        0 bytes
 Hardware stack levels used:    1
 Hardware stack levels required when called:    1
 This function calls:
		Nothing
 This function is called by:
		_scan_task
 This function uses a non-reentrant model


 *************** function _scan_init *****************
 Defined at:
		line 32 in file "../src/scan.c"
 Parameters:    Size  Location     Type
		None
 Auto vars:     Size  Location     Type
		None
 Return value:  Size  Location     Type
		None               void
 Registers used:
		wreg, status,2, status,0
 Tracked objects:
		On entry : 
		On exit  : 
		Unchanged: 
 Data sizes:     COMMON   BANK0   BANK1   BANK2   BANK3   BANK4   BANK5   BANK6   BANK7   BANK8   BANK9  BANK10  BANK11  BANK12
      Params:         0       0       0       0       0       0       0       0       0       0       0       0       0       0
      Locals:         0       0       0       0       0       0       0       0       0       0       0       0       0       0
      Temps:          0       0       0       0       0       0       0       0       0       0       0       0       0       0
      Totals:         0       0       0       0       0       0       0       0       0       0       0       0       0       0
Total ram usage:        0 bytes
 Hardware stack levels used:    1
 Hardware stack levels required when called:    1
 This function calls:
		Nothing
 This function is called by:
		_scan_task
 This function uses a non-reentrant model


 *************** function _USBTransferOnePacket *****************
 Defined at:
		line 1015 in file "../framework/usb/usb_device.c"
 Parameters:    Size  Location     Type
  ep              1    wreg     unsigned char 
  dir             1    0[COMMON] unsigned char 
  data            2    1[COMMON] PTR unsigned char 
		 -> midiData(4), ReceivedDataBuffer(64), 
  len             1    3[COMMON] unsigned char 
 Auto vars:     Size  Location     Type
  ep              1    6[COMMON] unsigned char 
  handle          1    7[COMMON] PTR volatile struct __BD
		 -> BDT(32), NULL(0), 
 Return value:  Size  Location     Type
                  1    wreg      PTR void 
 Registers used:
		wreg, fsr1l, fsr1h, status,2, status,0
 Tracked objects:
		On entry : 
		On exit  : 
		Unchanged: 
 Data sizes:     COMMON   BANK0   BANK1   BANK2   BANK3   BANK4   BANK5   BANK6   BANK7   BANK8   BANK9  BANK10  BANK11  BANK12
      Params:         4       0       0       0       0       0       0       0       0       0       0       0       0       0
      Locals:         2       0       0       0       0       0       0       0       0       0       0       0       0       0
      Temps:          2       0       0       0       0       0       0       0       0       0       0       0       0       0
      Totals:         8       0       0       0       0       0       0       0       0       0       0       0       0       0
Total ram usage:        8 bytes
 Hardware stack levels used:    1
 Hardware stack levels required when called:    1
 This function calls:
		Nothing
 This function is called by:
		_APP_DeviceAudioMIDIInitialize
		_APP_DeviceAudioMIDITasks
 This function uses a non-reentrant model


 *************** function _BLEDeviceInit *****************
 Defined at:
		line 70 in file "../src/app_device_ble_midi.c"
 Parameters:    Size  Location     Type
		None
 Auto vars:     Size  Location     Type
		None
 Return value:  Size  Location     Type
		None               void
 Registers used:
		wreg, status,2, status,0, pclath, cstack
 Tracked objects:
		On entry : 
		On exit  : 
		Unchanged: 
 Data sizes:     COMMON   BANK0   BANK1   BANK2   BANK3   BANK4   BANK5   BANK6   BANK7   BANK8   BANK9  BANK10  BANK11  BANK12
      Params:         0       0       0       0       0       0       0       0       0       0       0       0       0       0
      Locals:         0       0       0       0       0       0       0       0       0       0       0       0       0       0
      Temps:          0       0       0       0       0       0       0       0       0       0       0       0       0       0
      Totals:         0       0       0       0       0       0       0       0       0       0       0       0       0       0
Total ram usage:        0 bytes
 Hardware stack levels used:    1
 Hardware stack levels required when called:    2
 This function calls:
		_PIN_MANAGER_Initialize
		_SPI_Initialize
 This function is called by:
		_main
 This function uses a non-reentrant model


 *************** function _SPI_Initialize *****************
 Defined at:
		line 64 in file "../src/spi.c"
 Parameters:    Size  Location     Type
		None
 Auto vars:     Size  Location     Type
		None
 Return value:  Size  Location     Type
		None               void
 Registers used:
		wreg, status,2
 Tracked objects:
		On entry : 
		On exit  : 
		Unchanged: 
 Data sizes:     COMMON   BANK0   BANK1   BANK2   BANK3   BANK4   BANK5   BANK6   BANK7   BANK8   BANK9  BANK10  BANK11  BANK12
      Params:         0       0       0       0       0       0       0       0       0       0       0       0       0       0
      Locals:         0       0       0       0       0       0       0       0       0       0       0       0       0       0
      Temps:          0       0       0       0       0       0       0       0       0       0       0       0       0       0
      Totals:         0       0       0       0       0       0       0       0       0       0       0       0       0       0
Total ram usage:        0 bytes
 Hardware stack levels used:    1
 Hardware stack levels required when called:    1
 This function calls:
		Nothing
 This function is called by:
		_BLEDeviceInit
 This function uses a non-reentrant model


 *************** function _PIN_MANAGER_Initialize *****************
 Defined at:
		line 50 in file "../src/pin_manager.c"
 Parameters:    Size  Location     Type
		None
 Auto vars:     Size  Location     Type
		None
 Return value:  Size  Location     Type
		None               void
 Registers used:
		None
 Tracked objects:
		On entry : 
		On exit  : 
		Unchanged: 
 Data sizes:     COMMON   BANK0   BANK1   BANK2   BANK3   BANK4   BANK5   BANK6   BANK7   BANK8   BANK9  BANK10  BANK11  BANK12
      Params:         0       0       0       0       0       0       0       0       0       0       0       0       0       0
      Locals:         0       0       0       0       0       0       0       0       0       0       0       0       0       0
      Temps:          0       0       0       0       0       0       0       0       0       0       0       0       0       0
      Totals:         0       0       0       0       0       0       0       0       0       0       0       0       0       0
Total ram usage:        0 bytes
 Hardware stack levels used:    1
 Hardware stack levels required when called:    1
 This function calls:
		Nothing
 This function is called by:
		_BLEDeviceInit
 This function uses a non-reentrant model


 *************** function _SYSTEM_Initialize *****************
 Defined at:
		line 87 in file "../src/pic16f1459/system.c"
 Parameters:    Size  Location     Type
  state           1    wreg     enum E2634
 Auto vars:     Size  Location     Type
  state           1    1[COMMON] enum E2634
 Return value:  Size  Location     Type
		None               void
 Registers used:
		wreg, fsr0l, fsr0h, status,2, status,0, pclath, cstack
 Tracked objects:
		On entry : 
		On exit  : 
		Unchanged: 
 Data sizes:     COMMON   BANK0   BANK1   BANK2   BANK3   BANK4   BANK5   BANK6   BANK7   BANK8   BANK9  BANK10  BANK11  BANK12
      Params:         0       0       0       0       0       0       0       0       0       0       0       0       0       0
      Locals:         1       0       0       0       0       0       0       0       0       0       0       0       0       0
      Temps:          0       0       0       0       0       0       0       0       0       0       0       0       0       0
      Totals:         1       0       0       0       0       0       0       0       0       0       0       0       0       0
Total ram usage:        1 bytes
 Hardware stack levels used:    1
 Hardware stack levels required when called:    2
 This function calls:
		_LED_Enable
 This function is called by:
		_main
 This function uses a non-reentrant model


 *************** function _LED_Enable *****************
 Defined at:
		line 221 in file "../bsp/pic16f1459/leds.c"
 Parameters:    Size  Location     Type
  led             1    wreg     enum E2
 Auto vars:     Size  Location     Type
  led             1    0[COMMON] enum E2
 Return value:  Size  Location     Type
		None               void
 Registers used:
		wreg, fsr0l, fsr0h, status,2, status,0
 Tracked objects:
		On entry : 
		On exit  : 
		Unchanged: 
 Data sizes:     COMMON   BANK0   BANK1   BANK2   BANK3   BANK4   BANK5   BANK6   BANK7   BANK8   BANK9  BANK10  BANK11  BANK12
      Params:         0       0       0       0       0       0       0       0       0       0       0       0       0       0
      Locals:         1       0       0       0       0       0       0       0       0       0       0       0       0       0
      Temps:          0       0       0       0       0       0       0       0       0       0       0       0       0       0
      Totals:         1       0       0       0       0       0       0       0       0       0       0       0       0       0
Total ram usage:        1 bytes
 Hardware stack levels used:    1
 Hardware stack levels required when called:    1
 This function calls:
		Nothing
 This function is called by:
		_SYSTEM_Initialize
 This function uses a non-reentrant model


 *************** function _SYS_InterruptHigh *****************
 Defined at:
		line 113 in file "../src/pic16f1459/system.c"
 Parameters:    Size  Location     Type
		None
 Auto vars:     Size  Location     Type
		None
 Return value:  Size  Location     Type
		None               void
 Registers used:
		None
 Tracked objects:
		On entry : 
		On exit  : 
		Unchanged: 
 Data sizes:     COMMON   BANK0   BANK1   BANK2   BANK3   BANK4   BANK5   BANK6   BANK7   BANK8   BANK9  BANK10  BANK11  BANK12
      Params:         0       0       0       0       0       0       0       0       0       0       0       0       0       0
      Locals:         0       0       0       0       0       0       0       0       0       0       0       0       0       0
      Temps:          0       0       0       0       0       0       0       0       0       0       0       0       0       0
      Totals:         0       0       0       0       0       0       0       0       0       0       0       0       0       0
Total ram usage:        0 bytes
 Hardware stack levels used:    1
 This function calls:
		Nothing
 This function is called by:
		Interrupt level 1
 This function uses a non-reentrant model



MODULE INFORMATION

Module		Function		Class		Link	Load	Size
../src/pic16f1459/system.c
		_SYS_InterruptH		CODE           	0004	0000	2
		_SYSTEM_Initial		CODE           	0AEB	0000	25

../src/pic16f1459/system.c estimated size: 27

../bsp/pic16f1459/leds.c
		_LED_Off       		CODE           	0A91	0000	22
		_LED_On        		CODE           	0AA7	0000	22
		_LED_Enable    		CODE           	0A7B	0000	22

../bsp/pic16f1459/leds.c estimated size: 66

shared
		_configDescript		STRCODE        	0330	0000	101
		_USB_CD_Ptr    		STRCODE        	032E	0000	2
		_sd001         		STRCODE        	0395	0000	52
		__stringtab    		STRCODE        	0300	0000	1
		_sd002         		STRCODE        	03C9	0000	26
		__initializatio		CODE           	0BC1	0000	40
		process_level@m		STRCODE        	0000	0000	1018
		_device_dsc    		STRCODE        	03E3	0000	18
		process_level@i		STRCODE        	0301	0000	39
		_USB_SD_Ptr    		STRCODE        	0328	0000	6
		_sd000         		STRCODE        	03F5	0000	4

shared estimated size: 1307

../src/scan.c
		_waiting_for_ti		CODE           	0A3A	0000	15
		_scan_task     		CODE           	0599	0000	161
		_process_level 		CODE           	04EF	0000	170
		_scan_init     		CODE           	0B1E	0000	28
		_is_end_of_scan		CODE           	0A58	0000	17
		_set_clock_and_		CODE           	0B04	0000	26
		_store_key_leve		CODE           	07D7	0000	41
		_get_adc       		CODE           	09F2	0000	2
		_set_timer     		CODE           	0A30	0000	10
		_is_adc_ready  		CODE           	09FD	0000	5
		_get_data      		CODE           	09F8	0000	5
		_run_adc       		CODE           	0A22	0000	7

../src/scan.c estimated size: 487

../src/app_device_ble_midi.c
		_BLEDeviceInit 		CODE           	0A1B	0000	7
		_SendMidiData  		CODE           	0C7C	0000	55

../src/app_device_ble_midi.c estimated size: 62

../framework/usb/usb_device.c
		_USBCtrlTrfInHa		CODE           	0217	0000	111
		_USBTransferOne		CODE           	0D35	0000	78
		_USBStdGetDscHa		CODE           	0286	0000	108
		_USBCtrlEPAllow		CODE           	0D83	0000	78
		_USBStdFeatureR		CODE           	0008	0000	272
		_USBCtrlEPAllow		CODE           	0F3C	0000	98
		_USBCtrlTrfSetu		CODE           	0C49	0000	51
		_USBCtrlTrfOutH		CODE           	0C1A	0000	47
		_USBCtrlEPServi		CODE           	0753	0000	132
		_USBSuspend    		CODE           	0A69	0000	18
		_USBStdSetCfgHa		CODE           	0EDB	0000	97
		_USBStdGetStatu		CODE           	0DD1	0000	80
		_USBWakeFromSus		CODE           	0AD3	0000	24
		_USBCtrlTrfRxSe		CODE           	063A	0000	146
		_USBCtrlTrfTxSe		CODE           	0E7D	0000	94
		_USBEnableEndpo		CODE           	0B9A	0000	39
		_USBConfigureEn		CODE           	0BEC	0000	46
		_USBDeviceInit 		CODE           	06CC	0000	135
		_USBIncrement1m		CODE           	0A49	0000	15
		_USBCtrlEPServi		CODE           	0F9E	0000	98
		_USBStallHandle		CODE           	0B76	0000	36
		_USBDeviceTasks		CODE           	03FA	0000	245
		_USBCheckStdReq		CODE           	0CEB	0000	74

../framework/usb/usb_device.c estimated size: 2122

../src/app_device_audio_midi.c
		_APP_DeviceAudi		CODE           	0118	0000	255
		_APP_DeviceAudi		CODE           	0B57	0000	31
		_APP_DeviceAudi		CODE           	0A29	0000	7

../src/app_device_audio_midi.c estimated size: 293

../src/pin_manager.c
		_PIN_MANAGER_In		CODE           	0A14	0000	7

../src/pin_manager.c estimated size: 7

C:\Program Files (x86)\Microchip\xc8\v1.20\sources\common\memset.c
		_memset        		CODE           	0ABD	0000	22

C:\Program Files (x86)\Microchip\xc8\v1.20\sources\common\memset.c estimated size: 22

../src/app_led_usb_status.c
		_APP_LEDUpdateU		CODE           	0E21	0000	92

../src/app_led_usb_status.c estimated size: 92

../src/spi.c
		_SPI_ClearWrite		CODE           	02FE	0000	2
		_SPI_ClearRecei		CODE           	0002	0000	2
		_SPI_Exchange8b		CODE           	02F2	0000	12
		_SPI_HasReceive		CODE           	0A08	0000	6
		_SPI_Initialize		CODE           	0A02	0000	6
		_SPI_HasWriteCo		CODE           	09F4	0000	4

../src/spi.c estimated size: 32

../src/main.c
		_main          		CODE           	0B3A	0000	29
		_USER_USB_CALLB		CODE           	0CB3	0000	56

../src/main.c estimated size: 85

