Microchip MPLAB XC8 Compiler V1.20 ()

Linker command line:

-W-3 --edf=C:\Program Files\Microchip\xc8\v1.20\dat\en_msgs.txt -cs \
  -h+dist/pic16f1459/production\MPLAB.X.production.sym \
  --cmf=dist/pic16f1459/production\MPLAB.X.production.cmf -z -Q16F1459 \
  -oC:\DOCUME~1\Pervakov\LOCALS~1\Temp\s7ts.6 \
  -Mdist/pic16f1459/production/MPLAB.X.production.map -E1 -ver=XC8 \
  -ACONST=00h-0FFhx32 -ACODE=00h-07FFhx4 -ASTRCODE=00h-01FFFh \
  -AENTRY=00h-0FFhx32 -ASTRING=00h-0FFhx32 -ACOMMON=070h-07Fh \
  -ABANK0=020h-06Fh -ABANK1=0A0h-0EFh -ABANK2=0120h-016Fh \
  -ABANK3=01A0h-01EFh -ABANK4=0220h-026Fh -ABANK5=02A0h-02EFh \
  -ABANK6=0320h-036Fh -ABANK7=03A0h-03EFh -ABANK8=0420h-046Fh \
  -ABANK9=04A0h-04EFh -ABANK10=0520h-056Fh -ABANK11=05A0h-05EFh \
  -ABANK12=0620h-064Fh -ABIGRAM=02000h-023EFh \
  -ARAM=020h-06Fh,0A0h-0EFh,0120h-016Fh,01A0h-01EFh,0220h-026Fh,02A0h-02EFh,0320h-036Fh,03A0h-03EFh,0420h-046Fh,04A0h-04EFh,0520h-056Fh,05A0h-05EFh,0620h-064Fh \
  -AABS1=020h-07Fh,0A0h-0EFh,0120h-016Fh,01A0h-01EFh,0220h-026Fh,02A0h-02EFh,0320h-036Fh,03A0h-03EFh,0420h-046Fh,04A0h-04EFh,0520h-056Fh,05A0h-05EFh,0620h-064Fh \
  -ASFR0=00h-01Fh -ASFR1=080h-09Fh -ASFR2=0100h-011Fh -ASFR3=0180h-019Fh \
  -ASFR4=0200h-021Fh -ASFR5=0280h-029Fh -ASFR6=0300h-031Fh \
  -ASFR7=0380h-039Fh -ASFR8=0400h-041Fh -ASFR9=0480h-049Fh \
  -ASFR10=0500h-051Fh -ASFR11=0580h-059Fh -ASFR12=0600h-061Fh \
  -ASFR13=0680h-06EFh -ASFR14=0700h-076Fh -ASFR15=0780h-07EFh \
  -ASFR16=0800h-086Fh -ASFR17=0880h-08EFh -ASFR18=0900h-096Fh \
  -ASFR19=0980h-09EFh -ASFR20=0A00h-0A6Fh -ASFR21=0A80h-0AEFh \
  -ASFR22=0B00h-0B6Fh -ASFR23=0B80h-0BEFh -ASFR24=0C00h-0C6Fh \
  -ASFR25=0C80h-0CEFh -ASFR26=0D00h-0D6Fh -ASFR27=0D80h-0DEFh \
  -ASFR28=0E00h-0E6Fh -ASFR29=0E80h-0EEFh -ASFR30=0F00h-0F6Fh \
  -ASFR31=0F80h-0FEFh -preset_vec=00h,intentry=04h,init,end_init \
  -ppowerup=CODE -pfunctab=CODE -ACONFIG=08007h-08008h -pconfig=CONFIG \
  -DCONFIG=2 -AIDLOC=08000h-08003h -pidloc=IDLOC -DIDLOC=2 -DCODE=2 \
  -DSTRCODE=2 -DSTRING=2 -DCONST=2 -DENTRY=2 -k \
  C:\DOCUME~1\Pervakov\LOCALS~1\Temp\s7ts.obj \
  dist/pic16f1459/production\MPLAB.X.production.obj 

Object code version is 3.11

Machine type is 16F1459



                Name                               Link     Load   Length Selector   Space Scale
C:\DOCUME~1\Pervakov\LOCALS~1\Temp\s7ts.obj
                end_init                              B        B        2        8       0
                reset_vec                             0        0        2        0       0
                config                             8007     8007        2    1000E       0
dist/pic16f1459/production\MPLAB.X.production.obj
                intentry                              4        4        7        8       0
                swtext5                             83A      83A        A     1000       0
                text47                              98E      98E       19     131C       0
                text46                              902      902        A     1204       0
                text45                              9F3      9F3       1C     13E6       0
                text44                              5BB      5BB       AC      7EC       0
                swtext4                             830      830        A     1000       0
                text43                              9A7      9A7       19     134E       0
                swtext3                             826      826        A     1000       0
                text42                              9C0      9C0       19     1380       0
                text41                              BFD      BFD       4F     17FA       0
                text40                              8F4      8F4        7     11E8       0
                text39                              B7C      B7C       3F     16F8       0
                text38                              A6D      A6D       25     14DA       0
                text37                              7AF      7AF       50      7EC       0
                text36                              ABA      ABA       2B     1574       0
                text35                              B43      B43       39     1686       0
                text34                              2E4      2E4       1C        8       0
                text33                              95E      95E       18     12BC       0
                text32                              976      976       18     12EC       0
                text31                              A49      A49       24     1492       0
                text30                              D48      D48       69     1A90       0
                text29                              E20      E20       70     1C40       0
                text28                              CF1      CF1       57     19E2       0
                text27                              25E      25E       86        8       0
                text26                              A0F      A0F       1D     141E       0
                text25                              F7F      F7F       81     1EFE       0
                text24                              F00      F00       7F     1E00       0
                text23                              C4C      C4C       4F     1898       0
                text22                              157      157      107        8       0
                swtext2                             800      800       1A     1000       0
                text21                              C9B      C9B       56     1936       0
                text20                              BBB      BBB       42     1776       0
                text19                              712      712       9D      7EC       0
                text18                              AE5      AE5       2F     15CA       0
                text17                              DB1      DB1       6F     1B62       0
                text16                              E90      E90       70     1D20       0
                text15                              3F6      3F6       EE      7EC       0
                text14                              A2C      A2C       1D     1458       0
                text13                              90C      90C        B     1218       0
                text12                              917      917        B     122E       0
                text11                              9D9      9D9       1A     13B2       0
                text10                              8E4      8E4        5     11C8       0
                text9                               922      922       13     1244       0
                text8                               8FB      8FB        7     11F6       0
                text7                               8E9      8E9        5     11D2       0
                text6                               8E1      8E1        3     11C2       0
                text5                               4E4      4E4       D7      7EC       0
                text4                               B14      B14       2F     1628       0
                swtext1                             81A      81A        C     1000       0
                text3                               667      667       AB      7EC       0
                text2                               935      935       13     126A       0
                text1                                 D        D      14A        8       0
                maintext                            948      948       16     1290       0
                cstackBANK0                          50       50       1B       50       1
                cstackCOMMON                         70       70        C       70       1
                clrtext                             8EE      8EE        6     11DC       0
                bssBANK4                            220      220       20      220       1
                bssBANK3                            1A4      1A4       40      1A4       1
                bssBANK2                            120      120       43      120       1
                bssBANK1                             E0       E0       10       E0       1
                bssBANK0                             6B       6B        5       50       1
                bssCOMMON                            7C       7C        1       70       1
                cinit                               A92      A92       28     1524       0
                stringtext                          300      300       F6        6       0

TOTAL           Name                               Link     Load   Length     Space
        CLASS   CONST          
                swtext5                             83A      83A        A         0
                swtext4                             830      830        A         0
                swtext3                             826      826        A         0
                swtext2                             800      800       1A         0
                swtext1                             81A      81A        C         0

        CLASS   CODE           
                end_init                              B        B        2         0
                intentry                              4        4        7         0
                reset_vec                             0        0        2         0
                text47                              98E      98E       19         0
                text46                              902      902        A         0
                text45                              9F3      9F3       1C         0
                text44                              5BB      5BB       AC         0
                text43                              9A7      9A7       19         0
                text42                              9C0      9C0       19         0
                text41                              BFD      BFD       4F         0
                text40                              8F4      8F4        7         0
                text39                              B7C      B7C       3F         0
                text38                              A6D      A6D       25         0
                text37                              7AF      7AF       50         0
                text36                              ABA      ABA       2B         0
                text35                              B43      B43       39         0
                text34                              2E4      2E4       1C         0
                text33                              95E      95E       18         0
                text32                              976      976       18         0
                text31                              A49      A49       24         0
                text30                              D48      D48       69         0
                text29                              E20      E20       70         0
                text28                              CF1      CF1       57         0
                text27                              25E      25E       86         0
                text26                              A0F      A0F       1D         0
                text25                              F7F      F7F       81         0
                text24                              F00      F00       7F         0
                text23                              C4C      C4C       4F         0
                text22                              157      157      107         0
                text21                              C9B      C9B       56         0
                text20                              BBB      BBB       42         0
                text19                              712      712       9D         0
                text18                              AE5      AE5       2F         0
                text17                              DB1      DB1       6F         0
                text16                              E90      E90       70         0
                text15                              3F6      3F6       EE         0
                text14                              A2C      A2C       1D         0
                text13                              90C      90C        B         0
                text12                              917      917        B         0
                text11                              9D9      9D9       1A         0
                text10                              8E4      8E4        5         0
                text9                               922      922       13         0
                text8                               8FB      8FB        7         0
                text7                               8E9      8E9        5         0
                text6                               8E1      8E1        3         0
                text5                               4E4      4E4       D7         0
                text4                               B14      B14       2F         0
                text3                               667      667       AB         0
                text2                               935      935       13         0
                text1                                 D        D      14A         0
                maintext                            948      948       16         0
                clrtext                             8EE      8EE        6         0
                cinit                               A92      A92       28         0

        CLASS   STRCODE        
                stringtext                          300      300       F6         0

        CLASS   ENTRY          

        CLASS   STRING         

        CLASS   COMMON         
                cstackCOMMON                         70       70        C         1
                bssCOMMON                            7C       7C        1         1

        CLASS   BANK0          
                cstackBANK0                          50       50       1B         1
                bssBANK0                             6B       6B        5         1

        CLASS   BANK1          
                bssBANK1                             E0       E0       10         1

        CLASS   BANK2          
                bssBANK2                            120      120       43         1

        CLASS   BANK3          
                bssBANK3                            1A4      1A4       40         1

        CLASS   BANK4          
                bssBANK4                            220      220       20         1

        CLASS   BANK5          

        CLASS   BANK6          

        CLASS   BANK7          

        CLASS   BANK8          

        CLASS   BANK9          

        CLASS   BANK10         

        CLASS   BANK11         

        CLASS   BANK12         

        CLASS   BIGRAM         

        CLASS   RAM            

        CLASS   ABS1           
                abs_s1                               20       20       30         1
                abs_s1                               7E       7E        2         1
                abs_s1                               A0       A0       40         1
                abs_s1                              1A0      1A0        4         1

        CLASS   SFR0           

        CLASS   SFR1           

        CLASS   SFR2           

        CLASS   SFR3           

        CLASS   SFR4           

        CLASS   SFR5           

        CLASS   SFR6           

        CLASS   SFR7           

        CLASS   SFR8           

        CLASS   SFR9           

        CLASS   SFR10          

        CLASS   SFR11          

        CLASS   SFR12          

        CLASS   SFR13          

        CLASS   SFR14          

        CLASS   SFR15          

        CLASS   SFR16          

        CLASS   SFR17          

        CLASS   SFR18          

        CLASS   SFR19          

        CLASS   SFR20          

        CLASS   SFR21          

        CLASS   SFR22          

        CLASS   SFR23          

        CLASS   SFR24          

        CLASS   SFR25          

        CLASS   SFR26          

        CLASS   SFR27          

        CLASS   SFR28          

        CLASS   SFR29          

        CLASS   SFR30          

        CLASS   SFR31          

        CLASS   CONFIG         
                config                             8007     8007        2         0

        CLASS   IDLOC          

        CLASS   BANK31         

        CLASS   BANK30         

        CLASS   BANK29         

        CLASS   BANK28         

        CLASS   BANK27         

        CLASS   BANK26         

        CLASS   BANK25         

        CLASS   BANK24         

        CLASS   BANK23         

        CLASS   BANK22         

        CLASS   BANK21         

        CLASS   BANK20         

        CLASS   BANK19         

        CLASS   BANK18         

        CLASS   BANK17         

        CLASS   BANK16         

        CLASS   BANK15         

        CLASS   BANK14         

        CLASS   BANK13         

        CLASS   EEDATA         



SEGMENTS        Name                           Load    Length   Top    Selector   Space  Class     Delta

                reset_vec                      000000  000002  000002         0       0  CODE        2
                intentry                       000004  0002FC  000300         8       0  CODE        2
                cstackBANK0                    000050  000020  000070        50       1  BANK0       1
                cstackCOMMON                   000070  00000D  00007D        70       1  COMMON      1
                bssBANK1                       0000E0  000010  0000F0        E0       1  BANK1       1
                bssBANK2                       000120  000043  000163       120       1  BANK2       1
                bssBANK3                       0001A4  000040  0001E4       1A4       1  BANK3       1
                bssBANK4                       000220  000020  000240       220       1  BANK4       1
                stringtext                     000300  0000F6  0003F6         6       0  STRCODE     2
                text15                         0003F6  000409  0007FF       7EC       0  CODE        2
                swtext2                        000800  000044  000844      1000       0  CONST       2
                text6                          0008E1  000003  0008E4      11C2       0  CODE        2
                text10                         0008E4  000005  0008E9      11C8       0  CODE        2
                text7                          0008E9  000005  0008EE      11D2       0  CODE        2
                clrtext                        0008EE  000006  0008F4      11DC       0  CODE        2
                text40                         0008F4  000007  0008FB      11E8       0  CODE        2
                text8                          0008FB  000007  000902      11F6       0  CODE        2
                text46                         000902  00000A  00090C      1204       0  CODE        2
                text13                         00090C  00000B  000917      1218       0  CODE        2
                text12                         000917  00000B  000922      122E       0  CODE        2
                text9                          000922  000013  000935      1244       0  CODE        2
                text2                          000935  000013  000948      126A       0  CODE        2
                maintext                       000948  000016  00095E      1290       0  CODE        2
                text33                         00095E  000018  000976      12BC       0  CODE        2
                text32                         000976  000018  00098E      12EC       0  CODE        2
                text47                         00098E  000019  0009A7      131C       0  CODE        2
                text43                         0009A7  000019  0009C0      134E       0  CODE        2
                text42                         0009C0  000019  0009D9      1380       0  CODE        2
                text11                         0009D9  00001A  0009F3      13B2       0  CODE        2
                text45                         0009F3  00001C  000A0F      13E6       0  CODE        2
                text26                         000A0F  00001D  000A2C      141E       0  CODE        2
                text14                         000A2C  00001D  000A49      1458       0  CODE        2
                text31                         000A49  000024  000A6D      1492       0  CODE        2
                text38                         000A6D  000025  000A92      14DA       0  CODE        2
                cinit                          000A92  000028  000ABA      1524       0  CODE        2
                text36                         000ABA  00002B  000AE5      1574       0  CODE        2
                text18                         000AE5  00002F  000B14      15CA       0  CODE        2
                text4                          000B14  00002F  000B43      1628       0  CODE        2
                text35                         000B43  000039  000B7C      1686       0  CODE        2
                text39                         000B7C  00003F  000BBB      16F8       0  CODE        2
                text20                         000BBB  000042  000BFD      1776       0  CODE        2
                text41                         000BFD  00004F  000C4C      17FA       0  CODE        2
                text23                         000C4C  00004F  000C9B      1898       0  CODE        2
                text21                         000C9B  000056  000CF1      1936       0  CODE        2
                text28                         000CF1  000057  000D48      19E2       0  CODE        2
                text30                         000D48  000069  000DB1      1A90       0  CODE        2
                text17                         000DB1  00006F  000E20      1B62       0  CODE        2
                text29                         000E20  000070  000E90      1C40       0  CODE        2
                text16                         000E90  000070  000F00      1D20       0  CODE        2
                text24                         000F00  00007F  000F7F      1E00       0  CODE        2
                text25                         000F7F  000081  001000      1EFE       0  CODE        2
                config                         008007  000002  008009     1000E       0  CONFIG      2


UNUSED ADDRESS RANGES

        Name                Unused          Largest block    Delta
        BANK10           00520-0056F              50           1
        BANK11           005A0-005EF              50           1
        BANK12           00620-0064F              30           1
        BANK2            00163-0016F               D           1
        BANK3            001E4-001EF               C           1
        BANK4            00240-0026F              30           1
        BANK5            002A0-002EF              50           1
        BANK6            00320-0036F              50           1
        BANK7            003A0-003EF              50           1
        BANK8            00420-0046F              50           1
        BANK9            004A0-004EF              50           1
        BIGRAM           02000-023EF             3F0           1
        CODE             00002-00003               2           2
                         007FF-007FF               1
                         00844-008E0              9D
                         01000-01FFF             800
        COMMON           0007D-0007D               1           1
        CONST            00002-00003               2           2
                         007FF-007FF               1
                         00844-008E0              9D
                         01000-01FFF             100
        ENTRY            00002-00003               2           2
                         007FF-007FF               1
                         00844-008E0              9D
                         01000-01FFF             100
        IDLOC            08000-08003               4           2
        RAM              00163-0016F               D           1
                         001E4-001EF               C
                         00240-0026F              30
                         002A0-002EF              50
                         00320-0036F              50
                         003A0-003EF              50
                         00420-0046F              50
                         004A0-004EF              50
                         00520-0056F              50
                         005A0-005EF              50
                         00620-0064F              30
        SFR0             00000-0001F              20           1
        SFR1             00080-0009F              20           1
        SFR10            00500-0051F              20           1
        SFR11            00580-0059F              20           1
        SFR12            00600-0061F              20           1
        SFR13            00680-006EF              70           1
        SFR14            00700-0076F              70           1
        SFR15            00780-007EF              70           1
        SFR16            00800-0086F              70           1
        SFR17            00880-008EF              70           1
        SFR18            00900-0096F              70           1
        SFR19            00980-009EF              70           1
        SFR2             00100-0011F              20           1
        SFR20            00A00-00A6F              70           1
        SFR21            00A80-00AEF              70           1
        SFR22            00B00-00B6F              70           1
        SFR23            00B80-00BEF              70           1
        SFR24            00C00-00C6F              70           1
        SFR25            00C80-00CEF              70           1
        SFR26            00D00-00D6F              70           1
        SFR27            00D80-00DEF              70           1
        SFR28            00E00-00E6F              70           1
        SFR29            00E80-00EEF              70           1
        SFR3             00180-0019F              20           1
        SFR30            00F00-00F6F              70           1
        SFR31            00F80-00FEF              70           1
        SFR4             00200-0021F              20           1
        SFR5             00280-0029F              20           1
        SFR6             00300-0031F              20           1
        SFR7             00380-0039F              20           1
        SFR8             00400-0041F              20           1
        SFR9             00480-0049F              20           1
        STRCODE          00002-00003               2           2
                         007FF-007FF               1
                         00844-008E0              9D
                         01000-01FFF            1000
        STRING           00002-00003               2           2
                         007FF-007FF               1
                         00844-008E0              9D
                         01000-01FFF             100

                                  Symbol Table

?_USBConfigureEndpoint                    cstackCOMMON 00071
?_USBEnableEndpoint                       cstackCOMMON 00078
?_USBTransferOnePacket                    cstackCOMMON 00071
?_USER_USB_CALLBACK_EVENT_HANDLER         cstackBANK0  00055
?_memset                                  cstackCOMMON 00071
?_process_level                           cstackCOMMON 00072
?_scan_task                               cstackBANK0  0005B
?_set_clock_and_data                      cstackCOMMON 00071
?_store_key_level                         cstackCOMMON 00077
APP_DeviceAudioMIDITasks@scan_pitch       cstackBANK0  00069
APP_DeviceAudioMIDITasks@velocity         cstackBANK0  0006A
APP_LEDUpdateUSBStatus@ledCount           bssBANK1     000E0
BUTTON_Enable@button                      cstackCOMMON 00071
BUTTON_IsPressed@button                   cstackCOMMON 00071
LED_Enable@led                            cstackCOMMON 00071
LED_Off@led                               cstackCOMMON 00071
LED_On@led                                cstackCOMMON 00071
SYSTEM_Initialize@state                   cstackCOMMON 00072
USBConfigureEndpoint@EPNum                cstackCOMMON 00076
USBConfigureEndpoint@direction            cstackCOMMON 00071
USBConfigureEndpoint@handle               cstackCOMMON 00077
USBCtrlEPService@setup_cnt                cstackBANK0  00065
USBCtrlTrfInHandler@lastDTS               cstackCOMMON 00076
USBCtrlTrfRxService@byteToRead            cstackCOMMON 00076
USBCtrlTrfRxService@i                     cstackCOMMON 00075
USBCtrlTrfTxService@byteToSend            cstackCOMMON 00073
USBDeviceInit@i                           cstackCOMMON 00076
USBDeviceInit@i_1706                      cstackCOMMON 00075
USBDeviceInit@p                           cstackCOMMON 00073
USBDeviceTasks@i                          cstackBANK0  00068
USBEnableEndpoint@ep                      cstackBANK0  00052
USBEnableEndpoint@options                 cstackCOMMON 00078
USBEnableEndpoint@p                       cstackBANK0  00050
USBStdFeatureReqHandler@current_ep_data   cstackBANK0  0005E
USBStdFeatureReqHandler@p                 cstackBANK0  0005F
USBStdFeatureReqHandler@pUEP              cstackBANK0  0005C
USBStdGetStatusHandler@p                  cstackCOMMON 00072
USBStdSetCfgHandler@i                     cstackBANK0  0005D
USBStdSetCfgHandler@i_2034                cstackBANK0  0005C
USBStdSetCfgHandler@p                     cstackBANK0  0005A
USBTransferOnePacket@data                 cstackCOMMON 00072
USBTransferOnePacket@dir                  cstackCOMMON 00071
USBTransferOnePacket@ep                   cstackCOMMON 00077
USBTransferOnePacket@handle               cstackCOMMON 00078
USBTransferOnePacket@len                  cstackCOMMON 00074
USER_USB_CALLBACK_EVENT_HANDLER@event     cstackBANK0  00055
_ACTCON                                   (abs)        0039B
_ADCON0                                   (abs)        0009D
_ADCON0bits                               (abs)        0009D
_ADCON1                                   (abs)        0009E
_ADCON1bits                               (abs)        0009E
_ADCON2                                   (abs)        0009F
_ADCON2bits                               (abs)        0009F
_ADRESH                                   (abs)        0009C
_ADRESL                                   (abs)        0009B
_ANSELA                                   (abs)        0018C
_ANSELAbits                               (abs)        0018C
_ANSELBbits                               (abs)        0018D
_ANSELCbits                               (abs)        0018E
_APP_DeviceAudioMIDIInitialize            text36       00ABA
_APP_DeviceAudioMIDISOFHandler            text40       008F4
_APP_DeviceAudioMIDITasks                 text1        0000D
_APP_DeviceAudioMIDITasks$396             cstackBANK0  00063
_APP_DeviceAudioMIDITasks$437             cstackBANK0  00065
_APP_DeviceAudioMIDITasks$438             cstackBANK0  00067
_APP_LEDUpdateUSBStatus                   text41       00BFD
_BAUDCON                                  (abs)        0019F
_BDT                                      (abs)        00020
_BUTTON_Enable                            text46       00902
_BUTTON_IsPressed                         text2        00935
_BothEP0OutUOWNsSet                       bssBANK2     00152
_CtrlTrfData                              (abs)        00048
_INTCONbits                               (abs)        0000B
_LATCbits                                 (abs)        0010E
_LED_Enable                               text47       0098E
_LED_Off                                  text43       009A7
_LED_On                                   text42       009C0
_OPTION_REGbits                           (abs)        00095
_OSCCON                                   (abs)        00099
_PIE1bits                                 (abs)        00091
_PIE2bits                                 (abs)        00092
_PIR2bits                                 (abs)        00012
_PORTAbits                                (abs)        0000C
_RCREG                                    (abs)        00199
_RCSTA                                    (abs)        0019D
_RCSTAbits                                (abs)        0019D
_ReceivedDataBuffer                       (abs)        000A0
_RemoteWakeup                             bssBANK2     00153
_SYSTEM_Initialize                        text45       009F3
_SYS_InterruptHigh                        intentry     00004
_SetupPkt                                 (abs)        00040
_TMR0                                     (abs)        00015
_TRISAbits                                (abs)        0008C
_TRISBbits                                (abs)        0008D
_TRISCbits                                (abs)        0008E
_TXREG                                    (abs)        0019A
_TXSTA                                    (abs)        0019E
_UADDR                                    (abs)        00E96
_UCFG                                     (abs)        00E91
_UCON                                     (abs)        00E8E
_UCONbits                                 (abs)        00E8E
_UEIE                                     (abs)        00E97
_UEIR                                     (abs)        00E93
_UEP0                                     (abs)        00E98
_UEP0bits                                 (abs)        00E98
_UEP1                                     (abs)        00E99
_UIE                                      (abs)        00E92
_UIEbits                                  (abs)        00E92
_UIR                                      (abs)        00E90
_UIRbits                                  (abs)        00E90
_USB1msTickCount                          bssBANK2     00146
_USBActiveConfiguration                   bssBANK1     000EE
_USBAlternateInterface                    bssBANK1     000EF
_USBBusIsSuspended                        bssBANK2     00154
_USBCheckStdRequest                       text21       00C9B
_USBConfigureEndpoint                     text39       00B7C
_USBCtrlEPAllowDataStage                  text28       00CF1
_USBCtrlEPAllowStatusStage                text30       00D48
_USBCtrlEPService                         text16       00E90
_USBCtrlEPServiceComplete                 text27       0025E
_USBCtrlTrfInHandler                      text17       00DB1
_USBCtrlTrfOutHandler                     text18       00AE5
_USBCtrlTrfRxService                      text19       00712
_USBCtrlTrfSetupHandler                   text20       00BBB
_USBCtrlTrfTxService                      text29       00E20
_USBDeferINDataStagePackets               bssBANK2     00155
_USBDeferOUTDataStagePackets              bssBANK2     00156
_USBDeferStatusStagePacket                bssBANK1     000E2
_USBDeviceInit                            text44       005BB
_USBDeviceState                           bssBANK0     0006D
_USBDeviceTasks                           text15       003F6
_USBEnableEndpoint                        text38       00A6D
_USBIncrement1msInternalTimers            text32       00976
_USBRxHandle                              bssBANK2     00157
_USBStallHandler                          text31       00A49
_USBStatusStageEnabledFlag1               bssBANK2     00158
_USBStatusStageEnabledFlag2               bssBANK2     00159
_USBStatusStageTimeoutCounter             bssBANK2     0015A
_USBStdFeatureReqHandler                  text22       00157
_USBStdGetDscHandler                      text24       00F00
_USBStdGetStatusHandler                   text23       00C4C
_USBStdSetCfgHandler                      text25       00F7F
_USBSuspend                               text33       0095E
_USBTicksSinceSuspendEnd                  bssBANK2     0015B
_USBTransferOnePacket                     text37       007AF
_USBTxHandle                              bssBANK1     000E3
_USBWakeFromSuspend                       text34       002E4
_USB_CD_Ptr                               stringtext   00327
_USB_SD_Ptr                               stringtext   00321
_USER_USB_CALLBACK_EVENT_HANDLER          text35       00B43
_USTAT                                    (abs)        00E8F
_USTATcopy                                bssBANK0     0006F
__CFG_BOREN$ON                            (abs)        00000
__CFG_BORV$LO                             (abs)        00000
__CFG_CLKOUTEN$OFF                        (abs)        00000
__CFG_CP$OFF                              (abs)        00000
__CFG_CPUDIV$NOCLKDIV                     (abs)        00000
__CFG_FCMEN$OFF                           (abs)        00000
__CFG_FOSC$INTOSC                         (abs)        00000
__CFG_IESO$OFF                            (abs)        00000
__CFG_LPBOR$OFF                           (abs)        00000
__CFG_LVP$OFF                             (abs)        00000
__CFG_MCLRE$ON                            (abs)        00000
__CFG_PLLEN$ENABLED                       (abs)        00000
__CFG_PLLMULT$3x                          (abs)        00000
__CFG_PWRTE$OFF                           (abs)        00000
__CFG_STVREN$ON                           (abs)        00000
__CFG_USBLSCLK$48MHz                      (abs)        00000
__CFG_WDTE$OFF                            (abs)        00000
__CFG_WRT$OFF                             (abs)        00000
__Habs1                                   abs1         00000
__Hbank0                                  bank0        00000
__Hbank1                                  bank1        00000
__Hbank10                                 bank10       00000
__Hbank11                                 bank11       00000
__Hbank12                                 bank12       00000
__Hbank13                                 bank13       00000
__Hbank14                                 bank14       00000
__Hbank15                                 bank15       00000
__Hbank16                                 bank16       00000
__Hbank17                                 bank17       00000
__Hbank18                                 bank18       00000
__Hbank19                                 bank19       00000
__Hbank2                                  bank2        00000
__Hbank20                                 bank20       00000
__Hbank21                                 bank21       00000
__Hbank22                                 bank22       00000
__Hbank23                                 bank23       00000
__Hbank24                                 bank24       00000
__Hbank25                                 bank25       00000
__Hbank26                                 bank26       00000
__Hbank27                                 bank27       00000
__Hbank28                                 bank28       00000
__Hbank29                                 bank29       00000
__Hbank3                                  bank3        00000
__Hbank30                                 bank30       00000
__Hbank31                                 bank31       00000
__Hbank4                                  bank4        00000
__Hbank5                                  bank5        00000
__Hbank6                                  bank6        00000
__Hbank7                                  bank7        00000
__Hbank8                                  bank8        00000
__Hbank9                                  bank9        00000
__Hbigram                                 bigram       00000
__HbssBANK0                               bssBANK0     00000
__HbssBANK1                               bssBANK1     00000
__HbssBANK2                               bssBANK2     00000
__HbssBANK3                               bssBANK3     00000
__HbssBANK4                               bssBANK4     00000
__HbssCOMMON                              bssCOMMON    00000
__Hcinit                                  cinit        00000
__Hclrtext                                clrtext      00000
__Hcode                                   code         00000
__Hcommon                                 common       00000
__Hconfig                                 config       08009
__HcstackBANK0                            cstackBANK0  00000
__HcstackCOMMON                           cstackCOMMON 00000
__Heeprom_data                            eeprom_data  00000
__Hend_init                               end_init     0000D
__Hfunctab                                functab      00000
__Hidloc                                  idloc        00000
__Hinit                                   init         0000B
__Hintentry                               intentry     0000B
__Hmaintext                               maintext     00000
__Hpowerup                                powerup      00000
__Hram                                    ram          00000
__Hreset_vec                              reset_vec    00002
__Hsfr0                                   sfr0         00000
__Hsfr1                                   sfr1         00000
__Hsfr10                                  sfr10        00000
__Hsfr11                                  sfr11        00000
__Hsfr12                                  sfr12        00000
__Hsfr13                                  sfr13        00000
__Hsfr14                                  sfr14        00000
__Hsfr15                                  sfr15        00000
__Hsfr16                                  sfr16        00000
__Hsfr17                                  sfr17        00000
__Hsfr18                                  sfr18        00000
__Hsfr19                                  sfr19        00000
__Hsfr2                                   sfr2         00000
__Hsfr20                                  sfr20        00000
__Hsfr21                                  sfr21        00000
__Hsfr22                                  sfr22        00000
__Hsfr23                                  sfr23        00000
__Hsfr24                                  sfr24        00000
__Hsfr25                                  sfr25        00000
__Hsfr26                                  sfr26        00000
__Hsfr27                                  sfr27        00000
__Hsfr28                                  sfr28        00000
__Hsfr29                                  sfr29        00000
__Hsfr3                                   sfr3         00000
__Hsfr30                                  sfr30        00000
__Hsfr31                                  sfr31        00000
__Hsfr4                                   sfr4         00000
__Hsfr5                                   sfr5         00000
__Hsfr6                                   sfr6         00000
__Hsfr7                                   sfr7         00000
__Hsfr8                                   sfr8         00000
__Hsfr9                                   sfr9         00000
__Hstrings                                strings      00000
__Hstringtext                             stringtext   00000
__Htext                                   text         00000
__Labs1                                   abs1         00000
__Lbank0                                  bank0        00000
__Lbank1                                  bank1        00000
__Lbank10                                 bank10       00000
__Lbank11                                 bank11       00000
__Lbank12                                 bank12       00000
__Lbank13                                 bank13       00000
__Lbank14                                 bank14       00000
__Lbank15                                 bank15       00000
__Lbank16                                 bank16       00000
__Lbank17                                 bank17       00000
__Lbank18                                 bank18       00000
__Lbank19                                 bank19       00000
__Lbank2                                  bank2        00000
__Lbank20                                 bank20       00000
__Lbank21                                 bank21       00000
__Lbank22                                 bank22       00000
__Lbank23                                 bank23       00000
__Lbank24                                 bank24       00000
__Lbank25                                 bank25       00000
__Lbank26                                 bank26       00000
__Lbank27                                 bank27       00000
__Lbank28                                 bank28       00000
__Lbank29                                 bank29       00000
__Lbank3                                  bank3        00000
__Lbank30                                 bank30       00000
__Lbank31                                 bank31       00000
__Lbank4                                  bank4        00000
__Lbank5                                  bank5        00000
__Lbank6                                  bank6        00000
__Lbank7                                  bank7        00000
__Lbank8                                  bank8        00000
__Lbank9                                  bank9        00000
__Lbigram                                 bigram       00000
__LbssBANK0                               bssBANK0     00000
__LbssBANK1                               bssBANK1     00000
__LbssBANK2                               bssBANK2     00000
__LbssBANK3                               bssBANK3     00000
__LbssBANK4                               bssBANK4     00000
__LbssCOMMON                              bssCOMMON    00000
__Lcinit                                  cinit        00000
__Lclrtext                                clrtext      00000
__Lcode                                   code         00000
__Lcommon                                 common       00000
__Lconfig                                 config       08007
__LcstackBANK0                            cstackBANK0  00000
__LcstackCOMMON                           cstackCOMMON 00000
__Leeprom_data                            eeprom_data  00000
__Lend_init                               end_init     0000B
__Lfunctab                                functab      00000
__Lidloc                                  idloc        00000
__Linit                                   init         0000B
__Lintentry                               intentry     00004
__Lmaintext                               maintext     00000
__Lpowerup                                powerup      00000
__Lram                                    ram          00000
__Lreset_vec                              reset_vec    00000
__Lsfr0                                   sfr0         00000
__Lsfr1                                   sfr1         00000
__Lsfr10                                  sfr10        00000
__Lsfr11                                  sfr11        00000
__Lsfr12                                  sfr12        00000
__Lsfr13                                  sfr13        00000
__Lsfr14                                  sfr14        00000
__Lsfr15                                  sfr15        00000
__Lsfr16                                  sfr16        00000
__Lsfr17                                  sfr17        00000
__Lsfr18                                  sfr18        00000
__Lsfr19                                  sfr19        00000
__Lsfr2                                   sfr2         00000
__Lsfr20                                  sfr20        00000
__Lsfr21                                  sfr21        00000
__Lsfr22                                  sfr22        00000
__Lsfr23                                  sfr23        00000
__Lsfr24                                  sfr24        00000
__Lsfr25                                  sfr25        00000
__Lsfr26                                  sfr26        00000
__Lsfr27                                  sfr27        00000
__Lsfr28                                  sfr28        00000
__Lsfr29                                  sfr29        00000
__Lsfr3                                   sfr3         00000
__Lsfr30                                  sfr30        00000
__Lsfr31                                  sfr31        00000
__Lsfr4                                   sfr4         00000
__Lsfr5                                   sfr5         00000
__Lsfr6                                   sfr6         00000
__Lsfr7                                   sfr7         00000
__Lsfr8                                   sfr8         00000
__Lsfr9                                   sfr9         00000
__Lstrings                                strings      00000
__Lstringtext                             stringtext   00000
__Ltext                                   text         00000
__S0                                      (abs)        08009
__S1                                      (abs)        00240
___latbits                                (abs)        00002
__end_of_APP_DeviceAudioMIDIInitialize    text36       00AE5
__end_of_APP_DeviceAudioMIDISOFHandler    text40       008FB
__end_of_APP_DeviceAudioMIDITasks         text1        00157
__end_of_APP_LEDUpdateUSBStatus           text41       00C4C
__end_of_BUTTON_Enable                    text46       0090C
__end_of_BUTTON_IsPressed                 text2        00948
__end_of_LED_Enable                       text47       009A7
__end_of_LED_Off                          text43       009C0
__end_of_LED_On                           text42       009D9
__end_of_SYSTEM_Initialize                text45       00A0F
__end_of_SYS_InterruptHigh                intentry     0000B
__end_of_USBCheckStdRequest               text21       00CF1
__end_of_USBConfigureEndpoint             text39       00BBB
__end_of_USBCtrlEPAllowDataStage          text28       00D48
__end_of_USBCtrlEPAllowStatusStage        text30       00DB1
__end_of_USBCtrlEPService                 text16       00F00
__end_of_USBCtrlEPServiceComplete         text27       002E4
__end_of_USBCtrlTrfInHandler              text17       00E20
__end_of_USBCtrlTrfOutHandler             text18       00B14
__end_of_USBCtrlTrfRxService              text19       007AF
__end_of_USBCtrlTrfSetupHandler           text20       00BFD
__end_of_USBCtrlTrfTxService              text29       00E90
__end_of_USBDeviceInit                    text44       00667
__end_of_USBDeviceTasks                   text15       004E4
__end_of_USBEnableEndpoint                text38       00A92
__end_of_USBIncrement1msInternalTimers    text32       0098E
__end_of_USBStallHandler                  text31       00A6D
__end_of_USBStdFeatureReqHandler          text22       0025E
__end_of_USBStdGetDscHandler              text24       00F7F
__end_of_USBStdGetStatusHandler           text23       00C9B
__end_of_USBStdSetCfgHandler              text25       01000
__end_of_USBSuspend                       text33       00976
__end_of_USBTransferOnePacket             text37       007FF
__end_of_USBWakeFromSuspend               text34       00300
__end_of_USB_CD_Ptr                       stringtext   00329
__end_of_USB_SD_Ptr                       stringtext   00327
__end_of_USER_USB_CALLBACK_EVENT_HANDLER  text35       00B7C
__end_of__initialization                  cinit        00AB7
__end_of__stringtab                       stringtext   00301
__end_of_configDescriptor1                stringtext   00392
__end_of_device_dsc                       stringtext   003F2
__end_of_get_adc                          text6        008E4
__end_of_get_data                         text10       008E9
__end_of_is_adc_ready                     text7        008EE
__end_of_is_end_of_scan                   text9        00935
__end_of_main                             maintext     0095E
__end_of_memset                           text26       00A2C
__end_of_process_level                    text5        005BB
__end_of_run_adc                          text8        00902
__end_of_scan_init                        text14       00A49
__end_of_scan_task                        text3        00712
__end_of_sd000                            stringtext   003F6
__end_of_sd001                            stringtext   003C6
__end_of_sd002                            stringtext   003E0
__end_of_set_clock_and_data               text11       009F3
__end_of_set_timer                        text13       00917
__end_of_store_key_level                  text4        00B43
__end_of_waiting_for_timer                text12       00922
__end_ofprocess_level@L                   stringtext   0032A
__end_ofprocess_level@idx_midi_map        stringtext   00321
__end_ofprocess_level@key_off_threshold   stringtext   0032B
__end_ofprocess_level@key_on_threshold    stringtext   0032C
__end_ofprocess_level@midi_shift          stringtext   0032D
__initialization                          cinit        00A92
__pbssBANK0                               bssBANK0     0006B
__pbssBANK1                               bssBANK1     000E0
__pbssBANK2                               bssBANK2     00120
__pbssBANK3                               bssBANK3     001A4
__pbssBANK4                               bssBANK4     00220
__pbssCOMMON                              bssCOMMON    0007C
__pcstackBANK0                            cstackBANK0  00050
__pcstackCOMMON                           cstackCOMMON 00070
__pintentry                               intentry     00004
__pmaintext                               maintext     00948
__pstringtext                             stringtext   00300
__pswtext1                                swtext1      0081A
__pswtext2                                swtext2      00800
__pswtext3                                swtext3      00826
__pswtext4                                swtext4      00830
__pswtext5                                swtext5      0083A
__ptext1                                  text1        0000D
__ptext10                                 text10       008E4
__ptext11                                 text11       009D9
__ptext12                                 text12       00917
__ptext13                                 text13       0090C
__ptext14                                 text14       00A2C
__ptext15                                 text15       003F6
__ptext16                                 text16       00E90
__ptext17                                 text17       00DB1
__ptext18                                 text18       00AE5
__ptext19                                 text19       00712
__ptext2                                  text2        00935
__ptext20                                 text20       00BBB
__ptext21                                 text21       00C9B
__ptext22                                 text22       00157
__ptext23                                 text23       00C4C
__ptext24                                 text24       00F00
__ptext25                                 text25       00F7F
__ptext26                                 text26       00A0F
__ptext27                                 text27       0025E
__ptext28                                 text28       00CF1
__ptext29                                 text29       00E20
__ptext3                                  text3        00667
__ptext30                                 text30       00D48
__ptext31                                 text31       00A49
__ptext32                                 text32       00976
__ptext33                                 text33       0095E
__ptext34                                 text34       002E4
__ptext35                                 text35       00B43
__ptext36                                 text36       00ABA
__ptext37                                 text37       007AF
__ptext38                                 text38       00A6D
__ptext39                                 text39       00B7C
__ptext4                                  text4        00B14
__ptext40                                 text40       008F4
__ptext41                                 text41       00BFD
__ptext42                                 text42       009C0
__ptext43                                 text43       009A7
__ptext44                                 text44       005BB
__ptext45                                 text45       009F3
__ptext46                                 text46       00902
__ptext47                                 text47       0098E
__ptext5                                  text5        004E4
__ptext6                                  text6        008E1
__ptext7                                  text7        008E9
__ptext8                                  text8        008FB
__ptext9                                  text9        00922
__size_of_APP_DeviceAudioMIDIInitialize   (abs)        00000
__size_of_APP_DeviceAudioMIDISOFHandler   (abs)        00000
__size_of_APP_DeviceAudioMIDITasks        (abs)        00000
__size_of_APP_LEDUpdateUSBStatus          (abs)        00000
__size_of_BUTTON_Enable                   (abs)        00000
__size_of_BUTTON_IsPressed                (abs)        00000
__size_of_LED_Enable                      (abs)        00000
__size_of_LED_Off                         (abs)        00000
__size_of_LED_On                          (abs)        00000
__size_of_SYSTEM_Initialize               (abs)        00000
__size_of_SYS_InterruptHigh               (abs)        00000
__size_of_USBCheckStdRequest              (abs)        00000
__size_of_USBConfigureEndpoint            (abs)        00000
__size_of_USBCtrlEPAllowDataStage         (abs)        00000
__size_of_USBCtrlEPAllowStatusStage       (abs)        00000
__size_of_USBCtrlEPService                (abs)        00000
__size_of_USBCtrlEPServiceComplete        (abs)        00000
__size_of_USBCtrlTrfInHandler             (abs)        00000
__size_of_USBCtrlTrfOutHandler            (abs)        00000
__size_of_USBCtrlTrfRxService             (abs)        00000
__size_of_USBCtrlTrfSetupHandler          (abs)        00000
__size_of_USBCtrlTrfTxService             (abs)        00000
__size_of_USBDeviceInit                   (abs)        00000
__size_of_USBDeviceTasks                  (abs)        00000
__size_of_USBEnableEndpoint               (abs)        00000
__size_of_USBIncrement1msInternalTimers   (abs)        00000
__size_of_USBStallHandler                 (abs)        00000
__size_of_USBStdFeatureReqHandler         (abs)        00000
__size_of_USBStdGetDscHandler             (abs)        00000
__size_of_USBStdGetStatusHandler          (abs)        00000
__size_of_USBStdSetCfgHandler             (abs)        00000
__size_of_USBSuspend                      (abs)        00000
__size_of_USBTransferOnePacket            (abs)        00000
__size_of_USBWakeFromSuspend              (abs)        00000
__size_of_USER_USB_CALLBACK_EVENT_HANDLER (abs)        00000
__size_of_get_adc                         (abs)        00000
__size_of_get_data                        (abs)        00000
__size_of_is_adc_ready                    (abs)        00000
__size_of_is_end_of_scan                  (abs)        00000
__size_of_main                            (abs)        00000
__size_of_memset                          (abs)        00000
__size_of_process_level                   (abs)        00000
__size_of_run_adc                         (abs)        00000
__size_of_scan_init                       (abs)        00000
__size_of_scan_task                       (abs)        00000
__size_of_set_clock_and_data              (abs)        00000
__size_of_set_timer                       (abs)        00000
__size_of_store_key_level                 (abs)        00000
__size_of_waiting_for_timer               (abs)        00000
__stringtab                               stringtext   00300
_adc_levels                               bssBANK4     00220
_configDescriptor1                        stringtext   0032D
_controlTransferState                     bssBANK1     000E4
_device_dsc                               stringtext   003E0
_endpoint_number                          bssBANK2     0015C
_ep_data_in                               bssBANK2     0014A
_ep_data_out                              bssBANK2     0014C
_get_adc                                  text6        008E1
_get_data                                 text10       008E4
_inPipes                                  bssBANK1     000E9
_is_adc_ready                             text7        008E9
_is_end_of_scan                           text9        00922
_is_initialized                           bssBANK2     0015D
_main                                     maintext     00948
_memset                                   text26       00A0F
_midiData                                 (abs)        001A0
_msCounter                                bssBANK1     000E5
_note_event                               bssBANK2     0014E
_outPipes                                 bssBANK2     00140
_pBDTEntryEP0OutCurrent                   bssBANK0     0006E
_pBDTEntryEP0OutNext                      bssCOMMON    0007C
_pBDTEntryIn                              bssBANK0     0006B
_pBDTEntryOut                             bssBANK2     00150
_pDst                                     bssBANK2     0015E
_pitch                                    bssBANK1     000E6
_process_level                            text5        004E4
_process_level$833                        cstackBANK0  00057
_process_level$834                        cstackBANK0  00054
_run_adc                                  text8        008FB
_scan_init                                text14       00A2C
_scan_task                                text3        00667
_scan_task$844                            cstackBANK0  0005C
_scan_task$845                            cstackBANK0  0005E
_sd000                                    stringtext   003F2
_sd001                                    stringtext   00392
_sd002                                    stringtext   003C6
_sentNoteOff                              bssBANK2     0015F
_set_clock_and_data                       text11       009D9
_set_timer                                text13       0090C
_shortPacketStatus                        bssBANK1     000E7
_store_key_level                          text4        00B14
_wait_timer                               bssBANK2     00160
_waiting_for_timer                        text12       00917
_waiting_for_timer$796                    cstackCOMMON 00071
btemp                                     (abs)        0007E
clear_ram0                                clrtext      008EE
end_of_initialization                     cinit        00AB7
intlevel0                                 functab      00000
intlevel1                                 functab      00000
intlevel2                                 functab      00000
intlevel3                                 functab      00000
intlevel4                                 functab      00000
intlevel5                                 functab      00000
is_end_of_scan@res                        cstackCOMMON 00073
is_end_of_scan@scan_counter               bssBANK2     00161
memset@c                                  cstackCOMMON 00071
memset@n                                  cstackCOMMON 00073
memset@p                                  cstackCOMMON 00077
memset@p1                                 cstackCOMMON 00076
process_level@L                           stringtext   00329
process_level@current_state               cstackBANK0  00052
process_level@filtered_state              cstackBANK0  00059
process_level@idx_key                     cstackBANK0  0005A
process_level@idx_midi_map                stringtext   00301
process_level@key_off_counter             bssBANK3     001A4
process_level@key_off_threshold           stringtext   0032A
process_level@key_on_counter              bssBANK3     001C4
process_level@key_on_threshold            stringtext   0032B
process_level@key_states                  bssBANK2     00120
process_level@midi_shift                  stringtext   0032C
process_level@new_level                   cstackCOMMON 00073
process_level@off_flag                    cstackBANK0  00056
process_level@old_level                   cstackCOMMON 00072
process_level@old_state                   cstackBANK0  00050
process_level@on_flag                     cstackBANK0  00058
reset_vec                                 reset_vec    00000
scan_task@note                            cstackBANK0  00060
scan_task@state                           bssBANK2     00162
scan_task@velocity                        cstackBANK0  0005B
set_clock_and_data@c                      cstackCOMMON 00073
set_clock_and_data@d                      cstackCOMMON 00071
start                                     init         0000B
start_initialization                      cinit        00A92
store_key_level@end_of_scan               cstackCOMMON 00077
store_key_level@idx_key                   bssBANK1     000E8
store_key_level@level                     cstackCOMMON 0007A
wtemp0                                    (abs)        0007E


FUNCTION INFORMATION:

 *************** function _main *****************
 Defined at:
		line 35 in file "../src/main.c"
 Parameters:    Size  Location     Type
		None
 Auto vars:     Size  Location     Type
		None
 Return value:  Size  Location     Type
		None               void
 Registers used:
		wreg, fsr0l, fsr0h, fsr1l, fsr1h, fsr1l, fsr1h, status,2, status,0, btemp+1, pclath, cstack
 Tracked objects:
		On entry : 
		On exit  : 
		Unchanged: 
 Data sizes:     COMMON   BANK0   BANK1   BANK2   BANK3   BANK4   BANK5   BANK6   BANK7   BANK8   BANK9  BANK10  BANK11  BANK12
      Params:         0       0       0       0       0       0       0       0       0       0       0       0       0       0
      Locals:         0       0       0       0       0       0       0       0       0       0       0       0       0       0
      Temps:          0       0       0       0       0       0       0       0       0       0       0       0       0       0
      Totals:         0       0       0       0       0       0       0       0       0       0       0       0       0       0
Total ram usage:        0 bytes
 Hardware stack levels required when called:   10
 This function calls:
		_SYSTEM_Initialize
		_USBDeviceInit
		_USBDeviceTasks
		_APP_DeviceAudioMIDITasks
 This function is called by:
		Startup code after reset
 This function uses a non-reentrant model


 *************** function _APP_DeviceAudioMIDITasks *****************
 Defined at:
		line 58 in file "../src/app_device_audio_midi.c"
 Parameters:    Size  Location     Type
		None
 Auto vars:     Size  Location     Type
  velocity        1   26[BANK0 ] unsigned char 
  scan_pitch      1   25[BANK0 ] unsigned char 
 Return value:  Size  Location     Type
		None               void
 Registers used:
		wreg, fsr0l, fsr0h, fsr1l, fsr1h, fsr1l, fsr1h, status,2, status,0, btemp+1, pclath, cstack
 Tracked objects:
		On entry : 
		On exit  : 
		Unchanged: 
 Data sizes:     COMMON   BANK0   BANK1   BANK2   BANK3   BANK4   BANK5   BANK6   BANK7   BANK8   BANK9  BANK10  BANK11  BANK12
      Params:         0       0       0       0       0       0       0       0       0       0       0       0       0       0
      Locals:         0       8       0       0       0       0       0       0       0       0       0       0       0       0
      Temps:          0       2       0       0       0       0       0       0       0       0       0       0       0       0
      Totals:         0      10       0       0       0       0       0       0       0       0       0       0       0       0
Total ram usage:       10 bytes
 Hardware stack levels used:    1
 Hardware stack levels required when called:    5
 This function calls:
		_USBTransferOnePacket
		_scan_task
		_BUTTON_IsPressed
 This function is called by:
		_main
 This function uses a non-reentrant model


 *************** function _BUTTON_IsPressed *****************
 Defined at:
		line 56 in file "../bsp/pic16f1459/buttons.c"
 Parameters:    Size  Location     Type
  button          1    wreg     enum E2603
 Auto vars:     Size  Location     Type
  button          1    1[COMMON] enum E2603
 Return value:  Size  Location     Type
                  1    wreg      unsigned char 
 Registers used:
		wreg, fsr0l, fsr0h, status,2, status,0
 Tracked objects:
		On entry : 
		On exit  : 
		Unchanged: 
 Data sizes:     COMMON   BANK0   BANK1   BANK2   BANK3   BANK4   BANK5   BANK6   BANK7   BANK8   BANK9  BANK10  BANK11  BANK12
      Params:         0       0       0       0       0       0       0       0       0       0       0       0       0       0
      Locals:         1       0       0       0       0       0       0       0       0       0       0       0       0       0
      Temps:          0       0       0       0       0       0       0       0       0       0       0       0       0       0
      Totals:         1       0       0       0       0       0       0       0       0       0       0       0       0       0
Total ram usage:        1 bytes
 Hardware stack levels used:    1
 Hardware stack levels required when called:    1
 This function calls:
		Nothing
 This function is called by:
		_APP_DeviceAudioMIDITasks
 This function uses a non-reentrant model


 *************** function _scan_task *****************
 Defined at:
		line 210 in file "../src/scan.c"
 Parameters:    Size  Location     Type
  note            1    wreg     PTR unsigned char 
		 -> APP_DeviceAudioMIDITasks@scan_pitch(1), 
  velocity        1   11[BANK0 ] PTR unsigned char 
		 -> APP_DeviceAudioMIDITasks@velocity(1), 
 Auto vars:     Size  Location     Type
  note            1   16[BANK0 ] PTR unsigned char 
		 -> APP_DeviceAudioMIDITasks@scan_pitch(1), 
 Return value:  Size  Location     Type
                  1    wreg      unsigned char 
 Registers used:
		wreg, fsr0l, fsr0h, fsr1l, fsr1h, status,2, status,0, pclath, cstack
 Tracked objects:
		On entry : 
		On exit  : 
		Unchanged: 
 Data sizes:     COMMON   BANK0   BANK1   BANK2   BANK3   BANK4   BANK5   BANK6   BANK7   BANK8   BANK9  BANK10  BANK11  BANK12
      Params:         0       1       0       0       0       0       0       0       0       0       0       0       0       0
      Locals:         0       5       0       0       0       0       0       0       0       0       0       0       0       0
      Temps:          1       0       0       0       0       0       0       0       0       0       0       0       0       0
      Totals:         1       6       0       0       0       0       0       0       0       0       0       0       0       0
Total ram usage:        7 bytes
 Hardware stack levels used:    1
 Hardware stack levels required when called:    4
 This function calls:
		_scan_init
		_set_timer
		_waiting_for_timer
		_set_clock_and_data
		_get_data
		_is_end_of_scan
		_run_adc
		_is_adc_ready
		_get_adc
		_store_key_level
 This function is called by:
		_APP_DeviceAudioMIDITasks
 This function uses a non-reentrant model


 *************** function _store_key_level *****************
 Defined at:
		line 192 in file "../src/scan.c"
 Parameters:    Size  Location     Type
  level           1    wreg     unsigned char 
  end_of_scan     1    7[COMMON] unsigned char 
 Auto vars:     Size  Location     Type
  level           1   10[COMMON] unsigned char 
 Return value:  Size  Location     Type
                  1    wreg      unsigned char 
 Registers used:
		wreg, fsr0l, fsr0h, fsr1l, fsr1h, status,2, status,0, pclath, cstack
 Tracked objects:
		On entry : 
		On exit  : 
		Unchanged: 
 Data sizes:     COMMON   BANK0   BANK1   BANK2   BANK3   BANK4   BANK5   BANK6   BANK7   BANK8   BANK9  BANK10  BANK11  BANK12
      Params:         1       0       0       0       0       0       0       0       0       0       0       0       0       0
      Locals:         1       0       0       0       0       0       0       0       0       0       0       0       0       0
      Temps:          2       0       0       0       0       0       0       0       0       0       0       0       0       0
      Totals:         4       0       0       0       0       0       0       0       0       0       0       0       0       0
Total ram usage:        4 bytes
 Hardware stack levels used:    1
 Hardware stack levels required when called:    3
 This function calls:
		_process_level
 This function is called by:
		_scan_task
 This function uses a non-reentrant model


 *************** function _process_level *****************
 Defined at:
		line 145 in file "../src/scan.c"
 Parameters:    Size  Location     Type
  idx_key         1    wreg     unsigned char 
  old_level       1    2[COMMON] const unsigned char 
  new_level       1    3[COMMON] const unsigned char 
 Auto vars:     Size  Location     Type
  idx_key         1   10[BANK0 ] unsigned char 
  filtered_sta    1    9[BANK0 ] unsigned char 
  on_flag         1    8[BANK0 ] unsigned char 
  off_flag        1    6[BANK0 ] unsigned char 
  current_stat    2    2[BANK0 ] int 
  old_state       2    0[BANK0 ] int 
 Return value:  Size  Location     Type
		None               void
 Registers used:
		wreg, fsr0l, fsr0h, fsr1l, fsr1h, status,2, status,0, pclath, cstack
 Tracked objects:
		On entry : 
		On exit  : 
		Unchanged: 
 Data sizes:     COMMON   BANK0   BANK1   BANK2   BANK3   BANK4   BANK5   BANK6   BANK7   BANK8   BANK9  BANK10  BANK11  BANK12
      Params:         2       0       0       0       0       0       0       0       0       0       0       0       0       0
      Locals:         0      11       0       0       0       0       0       0       0       0       0       0       0       0
      Temps:          3       0       0       0       0       0       0       0       0       0       0       0       0       0
      Totals:         5      11       0       0       0       0       0       0       0       0       0       0       0       0
Total ram usage:       16 bytes
 Hardware stack levels used:    1
 Hardware stack levels required when called:    2
 This function calls:
		_LED_Off
		_LED_On
 This function is called by:
		_store_key_level
 This function uses a non-reentrant model


 *************** function _get_adc *****************
 Defined at:
		line 94 in file "../src/scan.c"
 Parameters:    Size  Location     Type
		None
 Auto vars:     Size  Location     Type
		None
 Return value:  Size  Location     Type
                  1    wreg      unsigned char 
 Registers used:
		wreg
 Tracked objects:
		On entry : 
		On exit  : 
		Unchanged: 
 Data sizes:     COMMON   BANK0   BANK1   BANK2   BANK3   BANK4   BANK5   BANK6   BANK7   BANK8   BANK9  BANK10  BANK11  BANK12
      Params:         0       0       0       0       0       0       0       0       0       0       0       0       0       0
      Locals:         0       0       0       0       0       0       0       0       0       0       0       0       0       0
      Temps:          0       0       0       0       0       0       0       0       0       0       0       0       0       0
      Totals:         0       0       0       0       0       0       0       0       0       0       0       0       0       0
Total ram usage:        0 bytes
 Hardware stack levels used:    1
 Hardware stack levels required when called:    1
 This function calls:
		Nothing
 This function is called by:
		_scan_task
 This function uses a non-reentrant model


 *************** function _is_adc_ready *****************
 Defined at:
		line 90 in file "../src/scan.c"
 Parameters:    Size  Location     Type
		None
 Auto vars:     Size  Location     Type
		None
 Return value:  Size  Location     Type
                  1    wreg      unsigned char 
 Registers used:
		wreg
 Tracked objects:
		On entry : 
		On exit  : 
		Unchanged: 
 Data sizes:     COMMON   BANK0   BANK1   BANK2   BANK3   BANK4   BANK5   BANK6   BANK7   BANK8   BANK9  BANK10  BANK11  BANK12
      Params:         0       0       0       0       0       0       0       0       0       0       0       0       0       0
      Locals:         0       0       0       0       0       0       0       0       0       0       0       0       0       0
      Temps:          0       0       0       0       0       0       0       0       0       0       0       0       0       0
      Totals:         0       0       0       0       0       0       0       0       0       0       0       0       0       0
Total ram usage:        0 bytes
 Hardware stack levels used:    1
 Hardware stack levels required when called:    1
 This function calls:
		Nothing
 This function is called by:
		_scan_task
 This function uses a non-reentrant model


 *************** function _run_adc *****************
 Defined at:
		line 85 in file "../src/scan.c"
 Parameters:    Size  Location     Type
		None
 Auto vars:     Size  Location     Type
		None
 Return value:  Size  Location     Type
		None               void
 Registers used:
		wreg, status,2, status,0
 Tracked objects:
		On entry : 
		On exit  : 
		Unchanged: 
 Data sizes:     COMMON   BANK0   BANK1   BANK2   BANK3   BANK4   BANK5   BANK6   BANK7   BANK8   BANK9  BANK10  BANK11  BANK12
      Params:         0       0       0       0       0       0       0       0       0       0       0       0       0       0
      Locals:         0       0       0       0       0       0       0       0       0       0       0       0       0       0
      Temps:          0       0       0       0       0       0       0       0       0       0       0       0       0       0
      Totals:         0       0       0       0       0       0       0       0       0       0       0       0       0       0
Total ram usage:        0 bytes
 Hardware stack levels used:    1
 Hardware stack levels required when called:    1
 This function calls:
		Nothing
 This function is called by:
		_scan_task
 This function uses a non-reentrant model


 *************** function _is_end_of_scan *****************
 Defined at:
		line 77 in file "../src/scan.c"
 Parameters:    Size  Location     Type
		None
 Auto vars:     Size  Location     Type
  res             1    3[COMMON] unsigned char 
 Return value:  Size  Location     Type
                  1    wreg      unsigned char 
 Registers used:
		wreg, status,2, status,0
 Tracked objects:
		On entry : 
		On exit  : 
		Unchanged: 
 Data sizes:     COMMON   BANK0   BANK1   BANK2   BANK3   BANK4   BANK5   BANK6   BANK7   BANK8   BANK9  BANK10  BANK11  BANK12
      Params:         0       0       0       0       0       0       0       0       0       0       0       0       0       0
      Locals:         1       0       0       0       0       0       0       0       0       0       0       0       0       0
      Temps:          2       0       0       0       0       0       0       0       0       0       0       0       0       0
      Totals:         3       0       0       0       0       0       0       0       0       0       0       0       0       0
Total ram usage:        3 bytes
 Hardware stack levels used:    1
 Hardware stack levels required when called:    1
 This function calls:
		Nothing
 This function is called by:
		_scan_task
 This function uses a non-reentrant model


 *************** function _get_data *****************
 Defined at:
		line 73 in file "../src/scan.c"
 Parameters:    Size  Location     Type
		None
 Auto vars:     Size  Location     Type
		None
 Return value:  Size  Location     Type
                  1    wreg      unsigned char 
 Registers used:
		wreg, status,2, status,0
 Tracked objects:
		On entry : 
		On exit  : 
		Unchanged: 
[...]
 Registers used:
		wreg, fsr1l, fsr1h, status,2, status,0
 Tracked objects:
		On entry : 
		On exit  : 
		Unchanged: 
 Data sizes:     COMMON   BANK0   BANK1   BANK2   BANK3   BANK4   BANK5   BANK6   BANK7   BANK8   BANK9  BANK10  BANK11  BANK12
      Params:         4       0       0       0       0       0       0       0       0       0       0       0       0       0
      Locals:         2       0       0       0       0       0       0       0       0       0       0       0       0       0
      Temps:          2       0       0       0       0       0       0       0       0       0       0       0       0       0
      Totals:         8       0       0       0       0       0       0       0       0       0       0       0       0       0
Total ram usage:        8 bytes
 Hardware stack levels used:    1
 Hardware stack levels required when called:    1
 This function calls:
		Nothing
 This function is called by:
		_APP_DeviceAudioMIDIInitialize
		_APP_DeviceAudioMIDITasks
 This function uses a non-reentrant model


 *************** function _USBEnableEndpoint *****************
 Defined at:
		line 898 in file "../framework/usb/usb_device.c"
 Parameters:    Size  Location     Type
  ep              1    wreg     unsigned char 
  options         1    8[COMMON] unsigned char 
 Auto vars:     Size  Location     Type
  ep              1    2[BANK0 ] unsigned char 
  p               2    0[BANK0 ] PTR unsigned char 
		 -> UEP0(1), 
 Return value:  Size  Location     Type
		None               void
 Registers used:
		wreg, fsr1l, fsr1h, status,2, status,0, pclath, cstack
 Tracked objects:
		On entry : 
		On exit  : 
		Unchanged: 
 Data sizes:     COMMON   BANK0   BANK1   BANK2   BANK3   BANK4   BANK5   BANK6   BANK7   BANK8   BANK9  BANK10  BANK11  BANK12
      Params:         1       0       0       0       0       0       0       0       0       0       0       0       0       0
      Locals:         0       3       0       0       0       0       0       0       0       0       0       0       0       0
      Temps:          2       0       0       0       0       0       0       0       0       0       0       0       0       0
      Totals:         3       3       0       0       0       0       0       0       0       0       0       0       0       0
Total ram usage:        6 bytes
 Hardware stack levels used:    1
 Hardware stack levels required when called:    2
 This function calls:
		_USBConfigureEndpoint
 This function is called by:
		_APP_DeviceAudioMIDIInitialize
 This function uses a non-reentrant model


 *************** function _USBConfigureEndpoint *****************
 Defined at:
		line 1563 in file "../framework/usb/usb_device.c"
 Parameters:    Size  Location     Type
  EPNum           1    wreg     unsigned char 
  direction       1    1[COMMON] unsigned char 
 Auto vars:     Size  Location     Type
  EPNum           1    6[COMMON] unsigned char 
  handle          1    7[COMMON] PTR volatile struct __BD
		 -> BDT(32), 
 Return value:  Size  Location     Type
		None               void
 Registers used:
		wreg, fsr1l, fsr1h, status,2, status,0
 Tracked objects:
		On entry : 
		On exit  : 
		Unchanged: 
 Data sizes:     COMMON   BANK0   BANK1   BANK2   BANK3   BANK4   BANK5   BANK6   BANK7   BANK8   BANK9  BANK10  BANK11  BANK12
      Params:         1       0       0       0       0       0       0       0       0       0       0       0       0       0
      Locals:         2       0       0       0       0       0       0       0       0       0       0       0       0       0
      Temps:          4       0       0       0       0       0       0       0       0       0       0       0       0       0
      Totals:         7       0       0       0       0       0       0       0       0       0       0       0       0       0
Total ram usage:        7 bytes
 Hardware stack levels used:    1
 Hardware stack levels required when called:    1
 This function calls:
		Nothing
 This function is called by:
		_USBEnableEndpoint
 This function uses a non-reentrant model


 *************** function _APP_DeviceAudioMIDISOFHandler *****************
 Defined at:
		line 53 in file "../src/app_device_audio_midi.c"
 Parameters:    Size  Location     Type
		None
 Auto vars:     Size  Location     Type
		None
 Return value:  Size  Location     Type
		None               void
 Registers used:
		wreg, status,2, status,0
 Tracked objects:
		On entry : 
		On exit  : 
		Unchanged: 
 Data sizes:     COMMON   BANK0   BANK1   BANK2   BANK3   BANK4   BANK5   BANK6   BANK7   BANK8   BANK9  BANK10  BANK11  BANK12
      Params:         0       0       0       0       0       0       0       0       0       0       0       0       0       0
      Locals:         0       0       0       0       0       0       0       0       0       0       0       0       0       0
      Temps:          0       0       0       0       0       0       0       0       0       0       0       0       0       0
      Totals:         0       0       0       0       0       0       0       0       0       0       0       0       0       0
Total ram usage:        0 bytes
 Hardware stack levels used:    1
 Hardware stack levels required when called:    1
 This function calls:
		Nothing
 This function is called by:
		_USER_USB_CALLBACK_EVENT_HANDLER
 This function uses a non-reentrant model


 *************** function _APP_LEDUpdateUSBStatus *****************
 Defined at:
		line 24 in file "../src/app_led_usb_status.c"
 Parameters:    Size  Location     Type
		None
 Auto vars:     Size  Location     Type
		None
 Return value:  Size  Location     Type
		None               void
 Registers used:
		wreg, fsr0l, fsr0h, status,2, status,0, pclath, cstack
 Tracked objects:
		On entry : 
		On exit  : 
		Unchanged: 
 Data sizes:     COMMON   BANK0   BANK1   BANK2   BANK3   BANK4   BANK5   BANK6   BANK7   BANK8   BANK9  BANK10  BANK11  BANK12
      Params:         0       0       0       0       0       0       0       0       0       0       0       0       0       0
      Locals:         0       0       0       0       0       0       0       0       0       0       0       0       0       0
      Temps:          0       0       0       0       0       0       0       0       0       0       0       0       0       0
      Totals:         0       0       0       0       0       0       0       0       0       0       0       0       0       0
Total ram usage:        0 bytes
 Hardware stack levels used:    1
 Hardware stack levels required when called:    2
 This function calls:
		_LED_Off
		_LED_On
 This function is called by:
		_USER_USB_CALLBACK_EVENT_HANDLER
 This function uses a non-reentrant model


 *************** function _LED_On *****************
 Defined at:
		line 60 in file "../bsp/pic16f1459/leds.c"
 Parameters:    Size  Location     Type
  led             1    wreg     enum E2
 Auto vars:     Size  Location     Type
  led             1    1[COMMON] enum E2
 Return value:  Size  Location     Type
		None               void
 Registers used:
		wreg, fsr0l, fsr0h, status,2, status,0
 Tracked objects:
		On entry : 
		On exit  : 
		Unchanged: 
 Data sizes:     COMMON   BANK0   BANK1   BANK2   BANK3   BANK4   BANK5   BANK6   BANK7   BANK8   BANK9  BANK10  BANK11  BANK12
      Params:         0       0       0       0       0       0       0       0       0       0       0       0       0       0
      Locals:         1       0       0       0       0       0       0       0       0       0       0       0       0       0
      Temps:          0       0       0       0       0       0       0       0       0       0       0       0       0       0
      Totals:         1       0       0       0       0       0       0       0       0       0       0       0       0       0
Total ram usage:        1 bytes
 Hardware stack levels used:    1
 Hardware stack levels required when called:    1
 This function calls:
		Nothing
 This function is called by:
		_APP_LEDUpdateUSBStatus
		_process_level
 This function uses a non-reentrant model


 *************** function _LED_Off *****************
 Defined at:
		line 101 in file "../bsp/pic16f1459/leds.c"
 Parameters:    Size  Location     Type
  led             1    wreg     enum E2
 Auto vars:     Size  Location     Type
  led             1    1[COMMON] enum E2
 Return value:  Size  Location     Type
		None               void
 Registers used:
		wreg, fsr0l, fsr0h, status,2, status,0
 Tracked objects:
		On entry : 
		On exit  : 
		Unchanged: 
 Data sizes:     COMMON   BANK0   BANK1   BANK2   BANK3   BANK4   BANK5   BANK6   BANK7   BANK8   BANK9  BANK10  BANK11  BANK12
      Params:         0       0       0       0       0       0       0       0       0       0       0       0       0       0
      Locals:         1       0       0       0       0       0       0       0       0       0       0       0       0       0
      Temps:          0       0       0       0       0       0       0       0       0       0       0       0       0       0
      Totals:         1       0       0       0       0       0       0       0       0       0       0       0       0       0
Total ram usage:        1 bytes
 Hardware stack levels used:    1
 Hardware stack levels required when called:    1
 This function calls:
		Nothing
 This function is called by:
		_APP_LEDUpdateUSBStatus
		_process_level
 This function uses a non-reentrant model


 *************** function _USBDeviceInit *****************
 Defined at:
		line 301 in file "../framework/usb/usb_device.c"
 Parameters:    Size  Location     Type
		None
 Auto vars:     Size  Location     Type
  p               2    3[COMMON] PTR unsigned char 
		 -> UEP1(1), 
  i               1    5[COMMON] unsigned char 
  i               1    6[COMMON] unsigned char 
 Return value:  Size  Location     Type
		None               void
 Registers used:
		wreg, fsr1l, fsr1h, status,2, status,0
 Tracked objects:
		On entry : 
		On exit  : 
		Unchanged: 
 Data sizes:     COMMON   BANK0   BANK1   BANK2   BANK3   BANK4   BANK5   BANK6   BANK7   BANK8   BANK9  BANK10  BANK11  BANK12
      Params:         0       0       0       0       0       0       0       0       0       0       0       0       0       0
      Locals:         4       0       0       0       0       0       0       0       0       0       0       0       0       0
      Temps:          2       0       0       0       0       0       0       0       0       0       0       0       0       0
      Totals:         6       0       0       0       0       0       0       0       0       0       0       0       0       0
Total ram usage:        6 bytes
 Hardware stack levels used:    1
 Hardware stack levels required when called:    1
 This function calls:
		Nothing
 This function is called by:
		_main
		_USBDeviceTasks
 This function uses a non-reentrant model


 *************** function _SYSTEM_Initialize *****************
 Defined at:
		line 87 in file "../src/pic16f1459/system.c"
 Parameters:    Size  Location     Type
  state           1    wreg     enum E2634
 Auto vars:     Size  Location     Type
  state           1    2[COMMON] enum E2634
 Return value:  Size  Location     Type
		None               void
 Registers used:
		wreg, fsr0l, fsr0h, status,2, status,0, pclath, cstack
 Tracked objects:
		On entry : 
		On exit  : 
		Unchanged: 
 Data sizes:     COMMON   BANK0   BANK1   BANK2   BANK3   BANK4   BANK5   BANK6   BANK7   BANK8   BANK9  BANK10  BANK11  BANK12
      Params:         0       0       0       0       0       0       0       0       0       0       0       0       0       0
      Locals:         1       0       0       0       0       0       0       0       0       0       0       0       0       0
      Temps:          0       0       0       0       0       0       0       0       0       0       0       0       0       0
      Totals:         1       0       0       0       0       0       0       0       0       0       0       0       0       0
Total ram usage:        1 bytes
 Hardware stack levels used:    1
 Hardware stack levels required when called:    2
 This function calls:
		_LED_Enable
		_BUTTON_Enable
 This function is called by:
		_main
 This function uses a non-reentrant model


 *************** function _BUTTON_Enable *****************
 Defined at:
		line 86 in file "../bsp/pic16f1459/buttons.c"
 Parameters:    Size  Location     Type
  button          1    wreg     enum E2603
 Auto vars:     Size  Location     Type
  button          1    1[COMMON] enum E2603
 Return value:  Size  Location     Type
		None               void
 Registers used:
		wreg, fsr0l, fsr0h, status,2, status,0
 Tracked objects:
		On entry : 
		On exit  : 
		Unchanged: 
 Data sizes:     COMMON   BANK0   BANK1   BANK2   BANK3   BANK4   BANK5   BANK6   BANK7   BANK8   BANK9  BANK10  BANK11  BANK12
      Params:         0       0       0       0       0       0       0       0       0       0       0       0       0       0
      Locals:         1       0       0       0       0       0       0       0       0       0       0       0       0       0
      Temps:          0       0       0       0       0       0       0       0       0       0       0       0       0       0
      Totals:         1       0       0       0       0       0       0       0       0       0       0       0       0       0
Total ram usage:        1 bytes
 Hardware stack levels used:    1
 Hardware stack levels required when called:    1
 This function calls:
		Nothing
 This function is called by:
		_SYSTEM_Initialize
 This function uses a non-reentrant model


 *************** function _LED_Enable *****************
 Defined at:
		line 221 in file "../bsp/pic16f1459/leds.c"
 Parameters:    Size  Location     Type
  led             1    wreg     enum E2
 Auto vars:     Size  Location     Type
  led             1    1[COMMON] enum E2
 Return value:  Size  Location     Type
		None               void
 Registers used:
		wreg, fsr0l, fsr0h, status,2, status,0
 Tracked objects:
		On entry : 
		On exit  : 
		Unchanged: 
 Data sizes:     COMMON   BANK0   BANK1   BANK2   BANK3   BANK4   BANK5   BANK6   BANK7   BANK8   BANK9  BANK10  BANK11  BANK12
      Params:         0       0       0       0       0       0       0       0       0       0       0       0       0       0
      Locals:         1       0       0       0       0       0       0       0       0       0       0       0       0       0
      Temps:          0       0       0       0       0       0       0       0       0       0       0       0       0       0
      Totals:         1       0       0       0       0       0       0       0       0       0       0       0       0       0
Total ram usage:        1 bytes
 Hardware stack levels used:    1
 Hardware stack levels required when called:    1
 This function calls:
		Nothing
 This function is called by:
		_SYSTEM_Initialize
 This function uses a non-reentrant model


 *************** function _SYS_InterruptHigh *****************
 Defined at:
		line 113 in file "../src/pic16f1459/system.c"
 Parameters:    Size  Location     Type
		None
 Auto vars:     Size  Location     Type
		None
 Return value:  Size  Location     Type
		None               void
 Registers used:
		None
 Tracked objects:
		On entry : 
		On exit  : 
		Unchanged: 
 Data sizes:     COMMON   BANK0   BANK1   BANK2   BANK3   BANK4   BANK5   BANK6   BANK7   BANK8   BANK9  BANK10  BANK11  BANK12
      Params:         0       0       0       0       0       0       0       0       0       0       0       0       0       0
      Locals:         0       0       0       0       0       0       0       0       0       0       0       0       0       0
      Temps:          1       0       0       0       0       0       0       0       0       0       0       0       0       0
      Totals:         1       0       0       0       0       0       0       0       0       0       0       0       0       0
Total ram usage:        1 bytes
 Hardware stack levels used:    1
 This function calls:
		Nothing
 This function is called by:
		Interrupt level 1
 This function uses a non-reentrant model



MODULE INFORMATION

Module		Function		Class		Link	Load	Size
../src/pic16f1459/system.c
		_SYS_InterruptH		CODE           	0004	0000	7
		_SYSTEM_Initial		CODE           	09F3	0000	28

../src/pic16f1459/system.c estimated size: 35

../bsp/pic16f1459/leds.c
		_LED_Off       		CODE           	09A7	0000	25
		_LED_On        		CODE           	09C0	0000	25
		_LED_Enable    		CODE           	098E	0000	25

../bsp/pic16f1459/leds.c estimated size: 75

shared
		_configDescript		STRCODE        	032D	0000	101
		_USB_CD_Ptr    		STRCODE        	0327	0000	2
		_sd001         		STRCODE        	0392	0000	52
		__stringtab    		STRCODE        	0300	0000	1
		process_level@k		STRCODE        	032B	0000	1
		process_level@k		STRCODE        	032A	0000	1
		_sd002         		STRCODE        	03C6	0000	26
		__initializatio		CODE           	0A92	0000	37
		process_level@m		STRCODE        	032C	0000	1
		_device_dsc    		STRCODE        	03E0	0000	18
		process_level@L		STRCODE        	0329	0000	1
		process_level@i		STRCODE        	0301	0000	32
		_USB_SD_Ptr    		STRCODE        	0321	0000	6
		_sd000         		STRCODE        	03F2	0000	4

shared estimated size: 283

../bsp/pic16f1459/buttons.c
		_BUTTON_IsPress		CODE           	0935	0000	19
		_BUTTON_Enable 		CODE           	0902	0000	10

../bsp/pic16f1459/buttons.c estimated size: 29

../src/scan.c
		_waiting_for_ti		CODE           	0917	0000	11
		_scan_task     		CODE           	0667	0000	171
		_process_level 		CODE           	04E4	0000	215
		_scan_init     		CODE           	0A2C	0000	29
		_is_end_of_scan		CODE           	0922	0000	19
		_set_clock_and_		CODE           	09D9	0000	26
		_store_key_leve		CODE           	0B14	0000	47
		_get_adc       		CODE           	08E1	0000	3
		_set_timer     		CODE           	090C	0000	11
		_is_adc_ready  		CODE           	08E9	0000	5
		_get_data      		CODE           	08E4	0000	5
		_run_adc       		CODE           	08FB	0000	7

../src/scan.c estimated size: 549

../framework/usb/usb_device.c
		_USBCtrlTrfInHa		CODE           	0DB1	0000	111
		_USBTransferOne		CODE           	07AF	0000	80
		_USBStdGetDscHa		CODE           	0F00	0000	127
		_USBCtrlEPAllow		CODE           	0CF1	0000	87
		_USBStdFeatureR		CODE           	0157	0000	263
		_USBCtrlEPAllow		CODE           	0D48	0000	105
		_USBCtrlTrfSetu		CODE           	0BBB	0000	66
		_USBCtrlTrfOutH		CODE           	0AE5	0000	47
		_USBCtrlEPServi		CODE           	025E	0000	134
		_USBSuspend    		CODE           	095E	0000	24
		_USBStdSetCfgHa		CODE           	0F7F	0000	129
		_USBStdGetStatu		CODE           	0C4C	0000	79
		_USBWakeFromSus		CODE           	02E4	0000	28
		_USBCtrlTrfRxSe		CODE           	0712	0000	157
		_USBCtrlTrfTxSe		CODE           	0E20	0000	112
		_USBEnableEndpo		CODE           	0A6D	0000	37
		_USBConfigureEn		CODE           	0B7C	0000	63
		_USBDeviceInit 		CODE           	05BB	0000	172
		_USBIncrement1m		CODE           	0976	0000	24
		_USBCtrlEPServi		CODE           	0E90	0000	112
		_USBStallHandle		CODE           	0A49	0000	36
		_USBDeviceTasks		CODE           	03F6	0000	238
		_USBCheckStdReq		CODE           	0C9B	0000	86

../framework/usb/usb_device.c estimated size: 2317

../src/app_device_audio_midi.c
		_APP_DeviceAudi		CODE           	000D	0000	330
		_APP_DeviceAudi		CODE           	0ABA	0000	43
		_APP_DeviceAudi		CODE           	08F4	0000	7

../src/app_device_audio_midi.c estimated size: 380

C:\Program Files\Microchip\xc8\v1.20\sources\common\memset.c
		_memset        		CODE           	0A0F	0000	29

C:\Program Files\Microchip\xc8\v1.20\sources\common\memset.c estimated size: 29

../src/app_led_usb_status.c
		_APP_LEDUpdateU		CODE           	0BFD	0000	79

../src/app_led_usb_status.c estimated size: 79

../src/main.c
		_main          		CODE           	0948	0000	22
		_USER_USB_CALLB		CODE           	0B43	0000	57

../src/main.c estimated size: 79

