Microchip MPLAB XC8 Compiler V1.20 ()

Linker command line:

-W-2 --edf=C:\Program Files\Microchip\xc8\v1.20\dat\en_msgs.txt -cs \
  -h+dist/pic16f1459/production\MPLAB.X.production.sym \
  --cmf=dist/pic16f1459/production\MPLAB.X.production.cmf -z -Q16F1459 \
  -oC:\DOCUME~1\Pervakov\LOCALS~1\Temp\s5jk.6 \
  -Mdist/pic16f1459/production/MPLAB.X.production.map -E1 -ver=XC8 \
  -ACONST=00h-0FFhx32 -ACODE=00h-07FFhx4 -ASTRCODE=00h-01FFFh \
  -AENTRY=00h-0FFhx32 -ASTRING=00h-0FFhx32 -ACOMMON=070h-07Fh \
  -ABANK0=020h-06Fh -ABANK1=0A0h-0EFh -ABANK2=0120h-016Fh \
  -ABANK3=01A0h-01EFh -ABANK4=0220h-026Fh -ABANK5=02A0h-02EFh \
  -ABANK6=0320h-036Fh -ABANK7=03A0h-03EFh -ABANK8=0420h-046Fh \
  -ABANK9=04A0h-04EFh -ABANK10=0520h-056Fh -ABANK11=05A0h-05EFh \
  -ABANK12=0620h-064Fh -ABIGRAM=02000h-023EFh \
  -ARAM=020h-06Fh,0A0h-0EFh,0120h-016Fh,01A0h-01EFh,0220h-026Fh,02A0h-02EFh,0320h-036Fh,03A0h-03EFh,0420h-046Fh,04A0h-04EFh,0520h-056Fh,05A0h-05EFh,0620h-064Fh \
  -AABS1=020h-07Fh,0A0h-0EFh,0120h-016Fh,01A0h-01EFh,0220h-026Fh,02A0h-02EFh,0320h-036Fh,03A0h-03EFh,0420h-046Fh,04A0h-04EFh,0520h-056Fh,05A0h-05EFh,0620h-064Fh \
  -ASFR0=00h-01Fh -ASFR1=080h-09Fh -ASFR2=0100h-011Fh -ASFR3=0180h-019Fh \
  -ASFR4=0200h-021Fh -ASFR5=0280h-029Fh -ASFR6=0300h-031Fh \
  -ASFR7=0380h-039Fh -ASFR8=0400h-041Fh -ASFR9=0480h-049Fh \
  -ASFR10=0500h-051Fh -ASFR11=0580h-059Fh -ASFR12=0600h-061Fh \
  -ASFR13=0680h-06EFh -ASFR14=0700h-076Fh -ASFR15=0780h-07EFh \
  -ASFR16=0800h-086Fh -ASFR17=0880h-08EFh -ASFR18=0900h-096Fh \
  -ASFR19=0980h-09EFh -ASFR20=0A00h-0A6Fh -ASFR21=0A80h-0AEFh \
  -ASFR22=0B00h-0B6Fh -ASFR23=0B80h-0BEFh -ASFR24=0C00h-0C6Fh \
  -ASFR25=0C80h-0CEFh -ASFR26=0D00h-0D6Fh -ASFR27=0D80h-0DEFh \
  -ASFR28=0E00h-0E6Fh -ASFR29=0E80h-0EEFh -ASFR30=0F00h-0F6Fh \
  -ASFR31=0F80h-0FEFh -preset_vec=00h,intentry=04h,init,end_init \
  -ppowerup=CODE -pfunctab=CODE -ACONFIG=08007h-08008h -pconfig=CONFIG \
  -DCONFIG=2 -AIDLOC=08000h-08003h -pidloc=IDLOC -DIDLOC=2 -DCODE=2 \
  -DSTRCODE=2 -DSTRING=2 -DCONST=2 -DENTRY=2 -k \
  C:\DOCUME~1\Pervakov\LOCALS~1\Temp\s5jk.obj \
  dist/pic16f1459/production\MPLAB.X.production.obj 

Object code version is 3.11

Machine type is 16F1459



                Name                               Link     Load   Length Selector   Space Scale
C:\DOCUME~1\Pervakov\LOCALS~1\Temp\s5jk.obj
                end_init                              6        6        2        8       0
                reset_vec                             0        0        2        0       0
                config                             8007     8007        2    1000E       0
dist/pic16f1459/production\MPLAB.X.production.obj
                intentry                              4        4        2        8       0
                swtext5                             82E      82E        A     1000       0
                text48                              AC8      AC8       16     1590       0
                text47                              B38      B38       19     1670       0
                text46                              A70      A70        7     14E0       0
                text45                              A64      A64        6     14C8       0
                text44                              A77      A77        7     14EE       0
                text43                              D86      D86       4E     1B0C       0
                text42                              B6B      B6B       1C     16D6       0
                text41                              A8C      A8C        A     1518       0
                text40                              A96      A96        F     152C       0
                text39                              B51      B51       1A     16A2       0
                text38                              A5A      A5A        5     14B4       0
                text37                              AA5      AA5       11     154A       0
                text36                              A7E      A7E        7     14FC       0
                text35                              A5F      A5F        5     14BE       0
                text34                                2        2        2        0       0
                swtext4                             824      824        A     1000       0
                text33                              ADE      ADE       16     15BC       0
                swtext3                             81A      81A        A     1000       0
                text32                              AF4      AF4       16     15E8       0
                text31                              4D2      4D2       AA      5F4       0
                text30                              C0C      C0C       29     1818       0
                swtext2                             1F3      1F3        C      3E6       0
                text29                              57C      57C       A1      5F4       0
                text28                              3EF      3EF       E3      5F4       0
                text27                              6AF      6AF       86      5F4       0
                text26                              E24      E24       5C     1C48       0
                text25                              A85      A85        7     150A       0
                text24                              C60      C60       2E     18C0       0
                text23                              BE5      BE5       27     17CA       0
                text22                              BA3      BA3       1E     1746       0
                text21                              7B9      7B9       38      5F4       0
                text20                              B20      B20       18     1640       0
                text19                              AB6      AB6       12     156C       0
                text18                              7F1      7F1        F      5F4       0
                text17                              BC1      BC1       24     1782       0
                text16                              F3C      F3C       62     1E78       0
                text15                              E80      E80       5E     1D00       0
                text14                              D3A      D3A       4C     1A74       0
                text13                              735      735       84      5F4       0
                text12                              B0A      B0A       16     1614       0
                text11                              EDE      EDE       5E     1DBC       0
                text10                              187      187       6C        8       0
                text9                               DD4      DD4       50     1BA8       0
                text8                                 8        8      110        8       0
                swtext1                             800      800       1A     1000       0
                text7                               CF0      CF0       4A     19E0       0
                text6                               CBD      CBD       33     197A       0
                text5                               61D      61D       92      5F4       0
                text4                               C8E      C8E       2F     191C       0
                text3                               118      118       6F        8       0
                text2                               F9E      F9E       62     1F3C       0
                text1                               2FA      2FA       F5      5F4       0
                maintext                            B87      B87       1C     170E       0
                cstackBANK0                          60       60       10       50       1
                cstackCOMMON                         70       70        E       70       1
                clrtext                             A6A      A6A        6     14D4       0
                bssBANK4                            220      220       4E      220       1
                bssBANK3                            1A4      1A4       27      1A4       1
                bssBANK2                            120      120       3C      120       1
                bssBANK1                             E0       E0       10       E0       1
                bssBANK0                             50       50       10       50       1
                cinit                               C35      C35       2B     186A       0
                stringtext                          200      200       FA        4       0

TOTAL           Name                               Link     Load   Length     Space
        CLASS   CONST          
                swtext5                             82E      82E        A         0
                swtext4                             824      824        A         0
                swtext3                             81A      81A        A         0
                swtext2                             1F3      1F3        C         0
                swtext1                             800      800       1A         0

        CLASS   CODE           
                end_init                              6        6        2         0
                intentry                              4        4        2         0
                reset_vec                             0        0        2         0
                text48                              AC8      AC8       16         0
                text47                              B38      B38       19         0
                text46                              A70      A70        7         0
                text45                              A64      A64        6         0
                text44                              A77      A77        7         0
                text43                              D86      D86       4E         0
                text42                              B6B      B6B       1C         0
                text41                              A8C      A8C        A         0
                text40                              A96      A96        F         0
                text39                              B51      B51       1A         0
                text38                              A5A      A5A        5         0
                text37                              AA5      AA5       11         0
                text36                              A7E      A7E        7         0
                text35                              A5F      A5F        5         0
                text34                                2        2        2         0
                text33                              ADE      ADE       16         0
                text32                              AF4      AF4       16         0
                text31                              4D2      4D2       AA         0
                text30                              C0C      C0C       29         0
                text29                              57C      57C       A1         0
                text28                              3EF      3EF       E3         0
                text27                              6AF      6AF       86         0
                text26                              E24      E24       5C         0
                text25                              A85      A85        7         0
                text24                              C60      C60       2E         0
                text23                              BE5      BE5       27         0
                text22                              BA3      BA3       1E         0
                text21                              7B9      7B9       38         0
                text20                              B20      B20       18         0
                text19                              AB6      AB6       12         0
                text18                              7F1      7F1        F         0
                text17                              BC1      BC1       24         0
                text16                              F3C      F3C       62         0
                text15                              E80      E80       5E         0
                text14                              D3A      D3A       4C         0
                text13                              735      735       84         0
                text12                              B0A      B0A       16         0
                text11                              EDE      EDE       5E         0
                text10                              187      187       6C         0
                text9                               DD4      DD4       50         0
                text8                                 8        8      110         0
                text7                               CF0      CF0       4A         0
                text6                               CBD      CBD       33         0
                text5                               61D      61D       92         0
                text4                               C8E      C8E       2F         0
                text3                               118      118       6F         0
                text2                               F9E      F9E       62         0
                text1                               2FA      2FA       F5         0
                maintext                            B87      B87       1C         0
                clrtext                             A6A      A6A        6         0
                cinit                               C35      C35       2B         0

        CLASS   STRCODE        
                stringtext                          200      200       FA         0

        CLASS   ENTRY          

        CLASS   STRING         

        CLASS   COMMON         
                cstackCOMMON                         70       70        E         1

        CLASS   BANK0          
                cstackBANK0                          60       60       10         1
                bssBANK0                             50       50       10         1

        CLASS   BANK1          
                bssBANK1                             E0       E0       10         1

        CLASS   BANK2          
                bssBANK2                            120      120       3C         1

        CLASS   BANK3          
                bssBANK3                            1A4      1A4       27         1

        CLASS   BANK4          
                bssBANK4                            220      220       4E         1

        CLASS   BANK5          

        CLASS   BANK6          

        CLASS   BANK7          

        CLASS   BANK8          

        CLASS   BANK9          

        CLASS   BANK10         

        CLASS   BANK11         

        CLASS   BANK12         

        CLASS   BIGRAM         

        CLASS   RAM            

        CLASS   ABS1           
                abs_s1                               20       20       30         1
                abs_s1                               7E       7E        2         1
                abs_s1                               A0       A0       40         1
                abs_s1                              1A0      1A0        4         1

        CLASS   SFR0           

        CLASS   SFR1           

        CLASS   SFR2           

        CLASS   SFR3           

        CLASS   SFR4           

        CLASS   SFR5           

        CLASS   SFR6           

        CLASS   SFR7           

        CLASS   SFR8           

        CLASS   SFR9           

        CLASS   SFR10          

        CLASS   SFR11          

        CLASS   SFR12          

        CLASS   SFR13          

        CLASS   SFR14          

        CLASS   SFR15          

        CLASS   SFR16          

        CLASS   SFR17          

        CLASS   SFR18          

        CLASS   SFR19          

        CLASS   SFR20          

        CLASS   SFR21          

        CLASS   SFR22          

        CLASS   SFR23          

        CLASS   SFR24          

        CLASS   SFR25          

        CLASS   SFR26          

        CLASS   SFR27          

        CLASS   SFR28          

        CLASS   SFR29          

        CLASS   SFR30          

        CLASS   SFR31          

        CLASS   CONFIG         
                config                             8007     8007        2         0

        CLASS   IDLOC          

        CLASS   BANK31         

        CLASS   BANK30         

        CLASS   BANK29         

        CLASS   BANK28         

        CLASS   BANK27         

        CLASS   BANK26         

        CLASS   BANK25         

        CLASS   BANK24         

        CLASS   BANK23         

        CLASS   BANK22         

        CLASS   BANK21         

        CLASS   BANK20         

        CLASS   BANK19         

        CLASS   BANK18         

        CLASS   BANK17         

        CLASS   BANK16         

        CLASS   BANK15         

        CLASS   BANK14         

        CLASS   BANK13         

        CLASS   EEDATA         



SEGMENTS        Name                           Load    Length   Top    Selector   Space  Class     Delta

                reset_vec                      000000  000004  000004         0       0  CODE        2
                intentry                       000004  0001EF  0001F3         8       0  CODE        2
                bssBANK0                       000050  000020  000070        50       1  BANK0       1
                cstackCOMMON                   000070  00000E  00007E        70       1  COMMON      1
                bssBANK1                       0000E0  000010  0000F0        E0       1  BANK1       1
                bssBANK2                       000120  00003C  00015C       120       1  BANK2       1
                bssBANK3                       0001A4  000027  0001CB       1A4       1  BANK3       1
                bssBANK4                       000220  00004E  00026E       220       1  BANK4       1
                swtext2                        0001F3  00000C  0001FF       3E6       0  CONST       2
                stringtext                     000200  0000FA  0002FA         4       0  STRCODE     2
                text1                          0002FA  000506  000800       5F4       0  CODE        2
                swtext1                        000800  000038  000838      1000       0  CONST       2
                text38                         000A5A  000005  000A5F      14B4       0  CODE        2
                text35                         000A5F  000005  000A64      14BE       0  CODE        2
                text45                         000A64  000006  000A6A      14C8       0  CODE        2
                clrtext                        000A6A  000006  000A70      14D4       0  CODE        2
                text46                         000A70  000007  000A77      14E0       0  CODE        2
                text44                         000A77  000007  000A7E      14EE       0  CODE        2
                text36                         000A7E  000007  000A85      14FC       0  CODE        2
                text25                         000A85  000007  000A8C      150A       0  CODE        2
                text41                         000A8C  00000A  000A96      1518       0  CODE        2
                text40                         000A96  00000F  000AA5      152C       0  CODE        2
                text37                         000AA5  000011  000AB6      154A       0  CODE        2
                text19                         000AB6  000012  000AC8      156C       0  CODE        2
                text48                         000AC8  000016  000ADE      1590       0  CODE        2
                text33                         000ADE  000016  000AF4      15BC       0  CODE        2
                text32                         000AF4  000016  000B0A      15E8       0  CODE        2
                text12                         000B0A  000016  000B20      1614       0  CODE        2
                text20                         000B20  000018  000B38      1640       0  CODE        2
                text47                         000B38  000019  000B51      1670       0  CODE        2
                text39                         000B51  00001A  000B6B      16A2       0  CODE        2
                text42                         000B6B  00001C  000B87      16D6       0  CODE        2
                maintext                       000B87  00001C  000BA3      170E       0  CODE        2
                text22                         000BA3  00001E  000BC1      1746       0  CODE        2
                text17                         000BC1  000024  000BE5      1782       0  CODE        2
                text23                         000BE5  000027  000C0C      17CA       0  CODE        2
                text30                         000C0C  000029  000C35      1818       0  CODE        2
                cinit                          000C35  00002B  000C60      186A       0  CODE        2
                text24                         000C60  00002E  000C8E      18C0       0  CODE        2
                text4                          000C8E  00002F  000CBD      191C       0  CODE        2
                text6                          000CBD  000033  000CF0      197A       0  CODE        2
                text7                          000CF0  00004A  000D3A      19E0       0  CODE        2
                text14                         000D3A  00004C  000D86      1A74       0  CODE        2
                text43                         000D86  00004E  000DD4      1B0C       0  CODE        2
                text9                          000DD4  000050  000E24      1BA8       0  CODE        2
                text26                         000E24  00005C  000E80      1C48       0  CODE        2
                text15                         000E80  00005E  000EDE      1D00       0  CODE        2
                text11                         000EDE  00005E  000F3C      1DBC       0  CODE        2
                text16                         000F3C  000062  000F9E      1E78       0  CODE        2
                text2                          000F9E  000062  001000      1F3C       0  CODE        2
                config                         008007  000002  008009     1000E       0  CONFIG      2


UNUSED ADDRESS RANGES

        Name                Unused          Largest block    Delta
        BANK10           00520-0056F              50           1
        BANK11           005A0-005EF              50           1
        BANK12           00620-0064F              30           1
        BANK2            0015C-0016F              14           1
        BANK3            001CB-001EF              25           1
        BANK4            0026E-0026F               2           1
        BANK5            002A0-002EF              50           1
        BANK6            00320-0036F              50           1
        BANK7            003A0-003EF              50           1
        BANK8            00420-0046F              50           1
        BANK9            004A0-004EF              50           1
        BIGRAM           02000-023EF             3F0           1
        CODE             001FF-001FF               1           2
                         00838-00A59             222
                         01000-01FFF             800
        CONST            001FF-001FF               1           2
                         00838-00A59             100
                         01000-01FFF             100
        ENTRY            001FF-001FF               1           2
                         00838-00A59             100
                         01000-01FFF             100
        IDLOC            08000-08003               4           2
        RAM              0015C-0016F              14           1
                         001CB-001EF              25
                         0026E-0026F               2
                         002A0-002EF              50
                         00320-0036F              50
                         003A0-003EF              50
                         00420-0046F              50
                         004A0-004EF              50
                         00520-0056F              50
                         005A0-005EF              50
                         00620-0064F              30
        SFR0             00000-0001F              20           1
        SFR1             00080-0009F              20           1
        SFR10            00500-0051F              20           1
        SFR11            00580-0059F              20           1
        SFR12            00600-0061F              20           1
        SFR13            00680-006EF              70           1
        SFR14            00700-0076F              70           1
        SFR15            00780-007EF              70           1
        SFR16            00800-0086F              70           1
        SFR17            00880-008EF              70           1
        SFR18            00900-0096F              70           1
        SFR19            00980-009EF              70           1
        SFR2             00100-0011F              20           1
        SFR20            00A00-00A6F              70           1
        SFR21            00A80-00AEF              70           1
        SFR22            00B00-00B6F              70           1
        SFR23            00B80-00BEF              70           1
        SFR24            00C00-00C6F              70           1
        SFR25            00C80-00CEF              70           1
        SFR26            00D00-00D6F              70           1
        SFR27            00D80-00DEF              70           1
        SFR28            00E00-00E6F              70           1
        SFR29            00E80-00EEF              70           1
        SFR3             00180-0019F              20           1
        SFR30            00F00-00F6F              70           1
        SFR31            00F80-00FEF              70           1
        SFR4             00200-0021F              20           1
        SFR5             00280-0029F              20           1
        SFR6             00300-0031F              20           1
        SFR7             00380-0039F              20           1
        SFR8             00400-0041F              20           1
        SFR9             00480-0049F              20           1
        STRCODE          001FF-001FF               1           2
                         00838-00A59             222
                         01000-01FFF            1000
        STRING           001FF-001FF               1           2
                         00838-00A59             100
                         01000-01FFF             100

                                  Symbol Table

?_USBConfigureEndpoint                    cstackCOMMON 00070
?_USBEnableEndpoint                       cstackCOMMON 00074
?_USBTransferOnePacket                    cstackCOMMON 00070
?_USER_USB_CALLBACK_EVENT_HANDLER         cstackBANK0  00060
?_memset                                  cstackCOMMON 00070
?_process_level                           cstackCOMMON 00071
?_scan_task                               cstackBANK0  00061
?_set_clock_and_data                      cstackCOMMON 00070
?_store_key_level                         cstackCOMMON 0007D
APP_DeviceAudioMIDITasks@bscan            cstackBANK0  0006D
APP_DeviceAudioMIDITasks@scan_pitch       cstackBANK0  0006E
APP_DeviceAudioMIDITasks@velocity         cstackBANK0  0006F
APP_LEDUpdateUSBStatus@ledCount           bssBANK1     000E0
LED_Enable@led                            cstackCOMMON 00070
LED_Off@led                               cstackCOMMON 00070
LED_On@led                                cstackCOMMON 00070
SYSTEM_Initialize@state                   cstackCOMMON 00071
USBConfigureEndpoint@EPNum                cstackCOMMON 00072
USBConfigureEndpoint@direction            cstackCOMMON 00070
USBConfigureEndpoint@handle               cstackCOMMON 00073
USBCtrlEPService@setup_cnt                cstackBANK0  0006B
USBCtrlTrfInHandler@lastDTS               cstackCOMMON 00073
USBCtrlTrfRxService@byteToRead            cstackCOMMON 00075
USBCtrlTrfRxService@i                     cstackCOMMON 00074
USBCtrlTrfTxService@byteToSend            cstackCOMMON 00070
USBDeviceInit@i                           cstackCOMMON 00075
USBDeviceInit@i_1882                      cstackCOMMON 00074
USBDeviceInit@p                           cstackCOMMON 00072
USBDeviceTasks@i                          cstackBANK0  0006D
USBEnableEndpoint@ep                      cstackCOMMON 00079
USBEnableEndpoint@options                 cstackCOMMON 00074
USBEnableEndpoint@p                       cstackCOMMON 00077
USBStdFeatureReqHandler@current_ep_data   cstackBANK0  00067
USBStdFeatureReqHandler@p                 cstackBANK0  00068
USBStdFeatureReqHandler@pUEP              cstackBANK0  00065
USBStdGetStatusHandler@p                  cstackCOMMON 00070
USBStdSetCfgHandler@i                     cstackCOMMON 0007D
USBStdSetCfgHandler@i_2210                cstackCOMMON 0007C
USBStdSetCfgHandler@p                     cstackCOMMON 0007A
USBTransferOnePacket@data                 cstackCOMMON 00071
USBTransferOnePacket@dir                  cstackCOMMON 00070
USBTransferOnePacket@ep                   cstackCOMMON 00076
USBTransferOnePacket@handle               cstackCOMMON 00077
USBTransferOnePacket@len                  cstackCOMMON 00073
USER_USB_CALLBACK_EVENT_HANDLER@event     cstackBANK0  00060
_ACTCON                                   (abs)        0039B
_ADCON0bits                               (abs)        0009D
_ADCON1bits                               (abs)        0009E
_ADCON2bits                               (abs)        0009F
_ADRESH                                   (abs)        0009C
_ANSELA                                   (abs)        0018C
_ANSELAbits                               (abs)        0018C
_ANSELCbits                               (abs)        0018E
_APP_DeviceAudioMIDIInitialize            text22       00BA3
_APP_DeviceAudioMIDISOFHandler            text25       00A85
_APP_DeviceAudioMIDITasks                 text28       003EF
_APP_DeviceAudioMIDITasks$417             cstackBANK0  00067
_APP_DeviceAudioMIDITasks$451             cstackBANK0  00069
_APP_DeviceAudioMIDITasks$452             cstackBANK0  0006B
_APP_LEDUpdateUSBStatus                   text26       00E24
_BDT                                      (abs)        00020
_BLEDeviceInit                            text44       00A77
_BothEP0OutUOWNsSet                       bssBANK2     00155
_CtrlTrfData                              (abs)        00048
_INTCONbits                               (abs)        0000B
_LATCbits                                 (abs)        0010E
_LED_Enable                               text48       00AC8
_LED_Off                                  text33       00ADE
_LED_On                                   text32       00AF4
_OPTION_REGbits                           (abs)        00095
_OSCCON                                   (abs)        00099
_PIE1bits                                 (abs)        00091
_PIE2bits                                 (abs)        00092
_PIN_MANAGER_Initialize                   text46       00A70
_PIR2bits                                 (abs)        00012
_ReceivedDataBuffer                       (abs)        000A0
_RemoteWakeup                             bssBANK2     00156
_SPI_Initialize                           text45       00A64
_SSP1CON1                                 (abs)        00215
_SSP1CON3                                 (abs)        00217
_SSP1STAT                                 (abs)        00214
_SYSTEM_Initialize                        text47       00B38
_SYS_InterruptHigh                        intentry     00004
_SetupPkt                                 (abs)        00040
_TMR0                                     (abs)        00015
_TRISAbits                                (abs)        0008C
_TRISBbits                                (abs)        0008D
_TRISCbits                                (abs)        0008E
_UADDR                                    (abs)        00E96
_UCFG                                     (abs)        00E91
_UCON                                     (abs)        00E8E
_UCONbits                                 (abs)        00E8E
_UEIE                                     (abs)        00E97
_UEIR                                     (abs)        00E93
_UEP0                                     (abs)        00E98
_UEP0bits                                 (abs)        00E98
_UEP1                                     (abs)        00E99
_UIE                                      (abs)        00E92
_UIEbits                                  (abs)        00E92
_UIR                                      (abs)        00E90
_UIRbits                                  (abs)        00E90
_USBActiveConfiguration                   bssBANK0     0005E
_USBAlternateInterface                    bssBANK1     000EF
_USBBusIsSuspended                        bssBANK2     00157
_USBCheckStdRequest                       text7        00CF0
_USBConfigureEndpoint                     text24       00C60
_USBCtrlEPAllowDataStage                  text14       00D3A
_USBCtrlEPAllowStatusStage                text16       00F3C
_USBCtrlEPService                         text2        00F9E
_USBCtrlEPServiceComplete                 text13       00735
_USBCtrlTrfInHandler                      text3        00118
_USBCtrlTrfOutHandler                     text4        00C8E
_USBCtrlTrfRxService                      text5        0061D
_USBCtrlTrfSetupHandler                   text6        00CBD
_USBCtrlTrfTxService                      text15       00E80
_USBDeferINDataStagePackets               bssBANK1     000E2
_USBDeferOUTDataStagePackets              bssBANK1     000E3
_USBDeferStatusStagePacket                bssBANK0     00052
_USBDeviceInit                            text27       006AF
_USBDeviceState                           bssBANK0     00053
_USBDeviceTasks                           text1        002FA
_USBEnableEndpoint                        text23       00BE5
_USBIncrement1msInternalTimers            text18       007F1
_USBRxHandle                              bssBANK0     00054
_USBStallHandler                          text17       00BC1
_USBStatusStageEnabledFlag1               bssBANK1     000E4
_USBStatusStageEnabledFlag2               bssBANK1     000E5
_USBStatusStageTimeoutCounter             bssBANK1     000E6
_USBStdFeatureReqHandler                  text8        00008
_USBStdGetDscHandler                      text10       00187
_USBStdGetStatusHandler                   text9        00DD4
_USBStdSetCfgHandler                      text11       00EDE
_USBSuspend                               text19       00AB6
_USBTicksSinceSuspendEnd                  bssBANK2     00158
_USBTransferOnePacket                     text43       00D86
_USBTxHandle                              bssBANK1     000E7
_USBWakeFromSuspend                       text20       00B20
_USB_CD_Ptr                               stringtext   0022E
_USB_SD_Ptr                               stringtext   00228
_USER_USB_CALLBACK_EVENT_HANDLER          text21       007B9
_USTAT                                    (abs)        00E8F
_USTATcopy                                bssBANK0     0005F
__CFG_BOREN$ON                            (abs)        00000
__CFG_BORV$LO                             (abs)        00000
__CFG_CLKOUTEN$OFF                        (abs)        00000
__CFG_CP$OFF                              (abs)        00000
__CFG_CPUDIV$NOCLKDIV                     (abs)        00000
__CFG_FCMEN$OFF                           (abs)        00000
__CFG_FOSC$INTOSC                         (abs)        00000
__CFG_IESO$OFF                            (abs)        00000
__CFG_LPBOR$OFF                           (abs)        00000
__CFG_LVP$OFF                             (abs)        00000
__CFG_MCLRE$ON                            (abs)        00000
__CFG_PLLEN$ENABLED                       (abs)        00000
__CFG_PLLMULT$3x                          (abs)        00000
__CFG_PWRTE$OFF                           (abs)        00000
__CFG_STVREN$ON                           (abs)        00000
__CFG_USBLSCLK$48MHz                      (abs)        00000
__CFG_WDTE$OFF                            (abs)        00000
__CFG_WRT$OFF                             (abs)        00000
__Habs1                                   abs1         00000
__Hbank0                                  bank0        00000
__Hbank1                                  bank1        00000
__Hbank10                                 bank10       00000
__Hbank11                                 bank11       00000
__Hbank12                                 bank12       00000
__Hbank13                                 bank13       00000
__Hbank14                                 bank14       00000
__Hbank15                                 bank15       00000
__Hbank16                                 bank16       00000
__Hbank17                                 bank17       00000
__Hbank18                                 bank18       00000
__Hbank19                                 bank19       00000
__Hbank2                                  bank2        00000
__Hbank20                                 bank20       00000
__Hbank21                                 bank21       00000
__Hbank22                                 bank22       00000
__Hbank23                                 bank23       00000
__Hbank24                                 bank24       00000
__Hbank25                                 bank25       00000
__Hbank26                                 bank26       00000
__Hbank27                                 bank27       00000
__Hbank28                                 bank28       00000
__Hbank29                                 bank29       00000
__Hbank3                                  bank3        00000
__Hbank30                                 bank30       00000
__Hbank31                                 bank31       00000
__Hbank4                                  bank4        00000
__Hbank5                                  bank5        00000
__Hbank6                                  bank6        00000
__Hbank7                                  bank7        00000
__Hbank8                                  bank8        00000
__Hbank9                                  bank9        00000
__Hbigram                                 bigram       00000
__HbssBANK0                               bssBANK0     00000
__HbssBANK1                               bssBANK1     00000
__HbssBANK2                               bssBANK2     00000
__HbssBANK3                               bssBANK3     00000
__HbssBANK4                               bssBANK4     00000
__Hcinit                                  cinit        00000
__Hclrtext                                clrtext      00000
__Hcode                                   code         00000
__Hcommon                                 common       00000
__Hconfig                                 config       08009
__HcstackBANK0                            cstackBANK0  00000
__HcstackCOMMON                           cstackCOMMON 00000
__Heeprom_data                            eeprom_data  00000
__Hend_init                               end_init     00008
__Hfunctab                                functab      00000
__Hidloc                                  idloc        00000
__Hinit                                   init         00006
__Hintentry                               intentry     00006
__Hmaintext                               maintext     00000
__Hpowerup                                powerup      00000
__Hram                                    ram          00000
__Hreset_vec                              reset_vec    00002
__Hsfr0                                   sfr0         00000
__Hsfr1                                   sfr1         00000
__Hsfr10                                  sfr10        00000
__Hsfr11                                  sfr11        00000
__Hsfr12                                  sfr12        00000
__Hsfr13                                  sfr13        00000
__Hsfr14                                  sfr14        00000
__Hsfr15                                  sfr15        00000
__Hsfr16                                  sfr16        00000
__Hsfr17                                  sfr17        00000
__Hsfr18                                  sfr18        00000
__Hsfr19                                  sfr19        00000
__Hsfr2                                   sfr2         00000
__Hsfr20                                  sfr20        00000
__Hsfr21                                  sfr21        00000
__Hsfr22                                  sfr22        00000
__Hsfr23                                  sfr23        00000
__Hsfr24                                  sfr24        00000
__Hsfr25                                  sfr25        00000
__Hsfr26                                  sfr26        00000
__Hsfr27                                  sfr27        00000
__Hsfr28                                  sfr28        00000
__Hsfr29                                  sfr29        00000
__Hsfr3                                   sfr3         00000
__Hsfr30                                  sfr30        00000
__Hsfr31                                  sfr31        00000
__Hsfr4                                   sfr4         00000
__Hsfr5                                   sfr5         00000
__Hsfr6                                   sfr6         00000
__Hsfr7                                   sfr7         00000
__Hsfr8                                   sfr8         00000
__Hsfr9                                   sfr9         00000
__Hstrings                                strings      00000
__Hstringtext                             stringtext   00000
__Htext                                   text         00000
__Labs1                                   abs1         00000
__Lbank0                                  bank0        00000
__Lbank1                                  bank1        00000
__Lbank10                                 bank10       00000
__Lbank11                                 bank11       00000
__Lbank12                                 bank12       00000
__Lbank13                                 bank13       00000
__Lbank14                                 bank14       00000
__Lbank15                                 bank15       00000
__Lbank16                                 bank16       00000
__Lbank17                                 bank17       00000
__Lbank18                                 bank18       00000
__Lbank19                                 bank19       00000
__Lbank2                                  bank2        00000
__Lbank20                                 bank20       00000
__Lbank21                                 bank21       00000
__Lbank22                                 bank22       00000
__Lbank23                                 bank23       00000
__Lbank24                                 bank24       00000
__Lbank25                                 bank25       00000
__Lbank26                                 bank26       00000
__Lbank27                                 bank27       00000
__Lbank28                                 bank28       00000
__Lbank29                                 bank29       00000
__Lbank3                                  bank3        00000
__Lbank30                                 bank30       00000
__Lbank31                                 bank31       00000
__Lbank4                                  bank4        00000
__Lbank5                                  bank5        00000
__Lbank6                                  bank6        00000
__Lbank7                                  bank7        00000
__Lbank8                                  bank8        00000
__Lbank9                                  bank9        00000
__Lbigram                                 bigram       00000
__LbssBANK0                               bssBANK0     00000
__LbssBANK1                               bssBANK1     00000
__LbssBANK2                               bssBANK2     00000
__LbssBANK3                               bssBANK3     00000
__LbssBANK4                               bssBANK4     00000
__Lcinit                                  cinit        00000
__Lclrtext                                clrtext      00000
__Lcode                                   code         00000
__Lcommon                                 common       00000
__Lconfig                                 config       08007
__LcstackBANK0                            cstackBANK0  00000
__LcstackCOMMON                           cstackCOMMON 00000
__Leeprom_data                            eeprom_data  00000
__Lend_init                               end_init     00006
__Lfunctab                                functab      00000
__Lidloc                                  idloc        00000
__Linit                                   init         00006
__Lintentry                               intentry     00004
__Lmaintext                               maintext     00000
__Lpowerup                                powerup      00000
__Lram                                    ram          00000
__Lreset_vec                              reset_vec    00000
__Lsfr0                                   sfr0         00000
__Lsfr1                                   sfr1         00000
__Lsfr10                                  sfr10        00000
__Lsfr11                                  sfr11        00000
__Lsfr12                                  sfr12        00000
__Lsfr13                                  sfr13        00000
__Lsfr14                                  sfr14        00000
__Lsfr15                                  sfr15        00000
__Lsfr16                                  sfr16        00000
__Lsfr17                                  sfr17        00000
__Lsfr18                                  sfr18        00000
__Lsfr19                                  sfr19        00000
__Lsfr2                                   sfr2         00000
__Lsfr20                                  sfr20        00000
__Lsfr21                                  sfr21        00000
__Lsfr22                                  sfr22        00000
__Lsfr23                                  sfr23        00000
__Lsfr24                                  sfr24        00000
__Lsfr25                                  sfr25        00000
__Lsfr26                                  sfr26        00000
__Lsfr27                                  sfr27        00000
__Lsfr28                                  sfr28        00000
__Lsfr29                                  sfr29        00000
__Lsfr3                                   sfr3         00000
__Lsfr30                                  sfr30        00000
__Lsfr31                                  sfr31        00000
__Lsfr4                                   sfr4         00000
__Lsfr5                                   sfr5         00000
__Lsfr6                                   sfr6         00000
__Lsfr7                                   sfr7         00000
__Lsfr8                                   sfr8         00000
__Lsfr9                                   sfr9         00000
__Lstrings                                strings      00000
__Lstringtext                             stringtext   00000
__Ltext                                   text         00000
__S0                                      (abs)        08009
__S1                                      (abs)        0026E
___latbits                                (abs)        00002
__end_of_APP_DeviceAudioMIDIInitialize    text22       00BC1
__end_of_APP_DeviceAudioMIDISOFHandler    text25       00A8C
__end_of_APP_DeviceAudioMIDITasks         text28       004D2
__end_of_APP_LEDUpdateUSBStatus           text26       00E80
__end_of_BLEDeviceInit                    text44       00A7E
__end_of_LED_Enable                       text48       00ADE
__end_of_LED_Off                          text33       00AF4
__end_of_LED_On                           text32       00B0A
__end_of_PIN_MANAGER_Initialize           text46       00A77
__end_of_SPI_Initialize                   text45       00A6A
__end_of_SYSTEM_Initialize                text47       00B51
__end_of_SYS_InterruptHigh                intentry     00006
__end_of_USBCheckStdRequest               text7        00D3A
__end_of_USBConfigureEndpoint             text24       00C8E
__end_of_USBCtrlEPAllowDataStage          text14       00D86
__end_of_USBCtrlEPAllowStatusStage        text16       00F9E
__end_of_USBCtrlEPService                 text2        01000
__end_of_USBCtrlEPServiceComplete         text13       007B9
__end_of_USBCtrlTrfInHandler              text3        00187
__end_of_USBCtrlTrfOutHandler             text4        00CBD
__end_of_USBCtrlTrfRxService              text5        006AF
__end_of_USBCtrlTrfSetupHandler           text6        00CF0
__end_of_USBCtrlTrfTxService              text15       00EDE
__end_of_USBDeviceInit                    text27       00735
__end_of_USBDeviceTasks                   text1        003EF
__end_of_USBEnableEndpoint                text23       00C0C
__end_of_USBIncrement1msInternalTimers    text18       00800
__end_of_USBStallHandler                  text17       00BE5
__end_of_USBStdFeatureReqHandler          text8        00118
__end_of_USBStdGetDscHandler              text10       001F3
__end_of_USBStdGetStatusHandler           text9        00E24
__end_of_USBStdSetCfgHandler              text11       00F3C
__end_of_USBSuspend                       text19       00AC8
__end_of_USBTransferOnePacket             text43       00DD4
__end_of_USBWakeFromSuspend               text20       00B38
__end_of_USB_CD_Ptr                       stringtext   00230
__end_of_USB_SD_Ptr                       stringtext   0022E
__end_of_USER_USB_CALLBACK_EVENT_HANDLER  text21       007F1
__end_of__initialization                  cinit        00C5D
__end_of__stringtab                       stringtext   00201
__end_of_configDescriptor1                stringtext   00295
__end_of_device_dsc                       stringtext   002F5
__end_of_get_adc                          text34       00004
__end_of_get_data                         text38       00A5F
__end_of_is_adc_ready                     text35       00A64
__end_of_is_end_of_scan                   text37       00AB6
__end_of_main                             maintext     00BA3
__end_of_memset                           text12       00B20
__end_of_process_level                    text31       0057C
__end_of_run_adc                          text36       00A85
__end_of_scan_init                        text42       00B87
__end_of_scan_task                        text29       0061D
__end_of_sd000                            stringtext   002F9
__end_of_sd001                            stringtext   002C9
__end_of_sd002                            stringtext   002E3
__end_of_set_clock_and_data               text39       00B6B
__end_of_set_timer                        text41       00A96
__end_of_store_key_level                  text30       00C35
__end_of_waiting_for_timer                text40       00AA5
__end_ofprocess_level@idx_midi_map        stringtext   00228
__end_ofprocess_level@midi_shift          stringtext   002FA
__initialization                          cinit        00C35
__pbssBANK0                               bssBANK0     00050
__pbssBANK1                               bssBANK1     000E0
__pbssBANK2                               bssBANK2     00120
__pbssBANK3                               bssBANK3     001A4
__pbssBANK4                               bssBANK4     00220
__pcstackBANK0                            cstackBANK0  00060
__pcstackCOMMON                           cstackCOMMON 00070
__pintentry                               intentry     00004
__pmaintext                               maintext     00B87
__pstringtext                             stringtext   00200
__pswtext1                                swtext1      00800
__pswtext2                                swtext2      001F3
__pswtext3                                swtext3      0081A
__pswtext4                                swtext4      00824
__pswtext5                                swtext5      0082E
__ptext1                                  text1        002FA
__ptext10                                 text10       00187
__ptext11                                 text11       00EDE
__ptext12                                 text12       00B0A
__ptext13                                 text13       00735
__ptext14                                 text14       00D3A
__ptext15                                 text15       00E80
__ptext16                                 text16       00F3C
__ptext17                                 text17       00BC1
__ptext18                                 text18       007F1
__ptext19                                 text19       00AB6
__ptext2                                  text2        00F9E
__ptext20                                 text20       00B20
__ptext21                                 text21       007B9
__ptext22                                 text22       00BA3
__ptext23                                 text23       00BE5
__ptext24                                 text24       00C60
__ptext25                                 text25       00A85
__ptext26                                 text26       00E24
__ptext27                                 text27       006AF
__ptext28                                 text28       003EF
__ptext29                                 text29       0057C
__ptext3                                  text3        00118
__ptext30                                 text30       00C0C
__ptext31                                 text31       004D2
__ptext32                                 text32       00AF4
__ptext33                                 text33       00ADE
__ptext34                                 text34       00002
__ptext35                                 text35       00A5F
__ptext36                                 text36       00A7E
__ptext37                                 text37       00AA5
__ptext38                                 text38       00A5A
__ptext39                                 text39       00B51
__ptext4                                  text4        00C8E
__ptext40                                 text40       00A96
__ptext41                                 text41       00A8C
__ptext42                                 text42       00B6B
__ptext43                                 text43       00D86
__ptext44                                 text44       00A77
__ptext45                                 text45       00A64
__ptext46                                 text46       00A70
__ptext47                                 text47       00B38
__ptext48                                 text48       00AC8
__ptext5                                  text5        0061D
__ptext6                                  text6        00CBD
__ptext7                                  text7        00CF0
__ptext8                                  text8        00008
__ptext9                                  text9        00DD4
__size_of_APP_DeviceAudioMIDIInitialize   (abs)        00000
__size_of_APP_DeviceAudioMIDISOFHandler   (abs)        00000
__size_of_APP_DeviceAudioMIDITasks        (abs)        00000
__size_of_APP_LEDUpdateUSBStatus          (abs)        00000
__size_of_BLEDeviceInit                   (abs)        00000
__size_of_LED_Enable                      (abs)        00000
__size_of_LED_Off                         (abs)        00000
__size_of_LED_On                          (abs)        00000
__size_of_PIN_MANAGER_Initialize          (abs)        00000
__size_of_SPI_Initialize                  (abs)        00000
__size_of_SYSTEM_Initialize               (abs)        00000
__size_of_SYS_InterruptHigh               (abs)        00000
__size_of_USBCheckStdRequest              (abs)        00000
__size_of_USBConfigureEndpoint            (abs)        00000
__size_of_USBCtrlEPAllowDataStage         (abs)        00000
__size_of_USBCtrlEPAllowStatusStage       (abs)        00000
__size_of_USBCtrlEPService                (abs)        00000
__size_of_USBCtrlEPServiceComplete        (abs)        00000
__size_of_USBCtrlTrfInHandler             (abs)        00000
__size_of_USBCtrlTrfOutHandler            (abs)        00000
__size_of_USBCtrlTrfRxService             (abs)        00000
__size_of_USBCtrlTrfSetupHandler          (abs)        00000
__size_of_USBCtrlTrfTxService             (abs)        00000
__size_of_USBDeviceInit                   (abs)        00000
__size_of_USBDeviceTasks                  (abs)        00000
__size_of_USBEnableEndpoint               (abs)        00000
__size_of_USBIncrement1msInternalTimers   (abs)        00000
__size_of_USBStallHandler                 (abs)        00000
__size_of_USBStdFeatureReqHandler         (abs)        00000
__size_of_USBStdGetDscHandler             (abs)        00000
__size_of_USBStdGetStatusHandler          (abs)        00000
__size_of_USBStdSetCfgHandler             (abs)        00000
__size_of_USBSuspend                      (abs)        00000
__size_of_USBTransferOnePacket            (abs)        00000
__size_of_USBWakeFromSuspend              (abs)        00000
__size_of_USER_USB_CALLBACK_EVENT_HANDLER (abs)        00000
__size_of_get_adc                         (abs)        00000
__size_of_get_data                        (abs)        00000
__size_of_is_adc_ready                    (abs)        00000
__size_of_is_end_of_scan                  (abs)        00000
__size_of_main                            (abs)        00000
__size_of_memset                          (abs)        00000
__size_of_process_level                   (abs)        00000
__size_of_run_adc                         (abs)        00000
__size_of_scan_init                       (abs)        00000
__size_of_scan_task                       (abs)        00000
__size_of_set_clock_and_data              (abs)        00000
__size_of_set_timer                       (abs)        00000
__size_of_store_key_level                 (abs)        00000
__size_of_waiting_for_timer               (abs)        00000
__stringtab                               stringtext   00200
_adc_levels                               bssBANK4     00220
_configDescriptor1                        stringtext   00230
_controlTransferState                     bssBANK0     00055
_device_dsc                               stringtext   002E3
_endpoint_number                          bssBANK1     000E8
_ep_data_in                               bssBANK2     0014D
_ep_data_out                              bssBANK2     0014F
_get_adc                                  text34       00002
_get_data                                 text38       00A5A
_inPipes                                  bssBANK0     00059
_is_adc_ready                             text35       00A5F
_is_end_of_scan                           text37       00AA5
_is_initialized                           bssBANK2     00159
_main                                     maintext     00B87
_memset                                   text12       00B0A
_midiData                                 (abs)        001A0
_msCounter                                bssBANK1     000E9
_note_event                               bssBANK2     00151
_outPipes                                 bssBANK2     00147
_pBDTEntryEP0OutCurrent                   bssBANK0     00056
_pBDTEntryEP0OutNext                      bssBANK0     00057
_pBDTEntryIn                              bssBANK0     00050
_pBDTEntryOut                             bssBANK2     00153
_pDst                                     bssBANK1     000EA
_pitch                                    bssBANK1     000EB
_process_level                            text31       004D2
_process_level$847                        cstackCOMMON 00077
_process_level$848                        cstackCOMMON 00078
_run_adc                                  text36       00A7E
_scan_init                                text42       00B6B
_scan_task                                text29       0057C
_scan_task$858                            cstackBANK0  00062
_scan_task$859                            cstackBANK0  00064
_sd000                                    stringtext   002F5
_sd001                                    stringtext   00295
_sd002                                    stringtext   002C9
_sentNoteOff                              bssBANK1     000EC
_set_clock_and_data                       text39       00B51
_set_timer                                text41       00A8C
_shortPacketStatus                        bssBANK1     000ED
_store_key_level                          text30       00C0C
_wait_timer                               bssBANK2     0015A
_waiting_for_timer                        text40       00A96
_waiting_for_timer$810                    cstackCOMMON 00070
btemp                                     (abs)        0007E
clear_ram0                                clrtext      00A6A
end_of_initialization                     cinit        00C5D
intlevel0                                 functab      00000
intlevel1                                 functab      00000
intlevel2                                 functab      00000
intlevel3                                 functab      00000
intlevel4                                 functab      00000
intlevel5                                 functab      00000
is_end_of_scan@res                        cstackCOMMON 00070
is_end_of_scan@scan_counter               bssBANK1     000EE
memset@c                                  cstackCOMMON 00070
memset@n                                  cstackCOMMON 00072
memset@p                                  cstackCOMMON 00075
memset@p1                                 cstackCOMMON 00074
process_level@current_state               cstackCOMMON 00074
process_level@filtered_state              cstackCOMMON 0007B
process_level@idx_key                     cstackCOMMON 0007C
process_level@idx_midi_map                stringtext   00201
process_level@key_off_counter             bssBANK3     001A4
process_level@key_on_counter              bssBANK4     00247
process_level@key_states                  bssBANK2     00120
process_level@new_level                   cstackCOMMON 00072
process_level@off_flag                    cstackCOMMON 00076
process_level@old_level                   cstackCOMMON 00071
process_level@on_flag                     cstackCOMMON 0007A
reset_vec                                 reset_vec    00000
scan_task@note                            cstackBANK0  00066
scan_task@state                           bssBANK2     0015B
scan_task@velocity                        cstackBANK0  00061
set_clock_and_data@c                      cstackCOMMON 00072
set_clock_and_data@d                      cstackCOMMON 00070
start                                     init         00006
start_initialization                      cinit        00C35
store_key_level@end_of_scan               cstackCOMMON 0007D
store_key_level@idx_key                   bssBANK0     00058
store_key_level@level                     cstackBANK0  00060
wtemp0                                    (abs)        0007E


FUNCTION INFORMATION:

 *************** function _main *****************
 Defined at:
		line 35 in file "../src/main.c"
 Parameters:    Size  Location     Type
		None
 Auto vars:     Size  Location     Type
		None
 Return value:  Size  Location     Type
		None               void
 Registers used:
		wreg, fsr0l, fsr0h, fsr1l, fsr1h, fsr1l, fsr1h, status,2, status,0, btemp+1, pclath, cstack
 Tracked objects:
		On entry : 
		On exit  : 
		Unchanged: 
 Data sizes:     COMMON   BANK0   BANK1   BANK2   BANK3   BANK4   BANK5   BANK6   BANK7   BANK8   BANK9  BANK10  BANK11  BANK12
      Params:         0       0       0       0       0       0       0       0       0       0       0       0       0       0
      Locals:         0       0       0       0       0       0       0       0       0       0       0       0       0       0
      Temps:          0       0       0       0       0       0       0       0       0       0       0       0       0       0
      Totals:         0       0       0       0       0       0       0       0       0       0       0       0       0       0
Total ram usage:        0 bytes
 Hardware stack levels required when called:   10
 This function calls:
		_SYSTEM_Initialize
		_USBDeviceInit
		_BLEDeviceInit
		_APP_DeviceAudioMIDITasks
		_USBDeviceTasks
 This function is called by:
		Startup code after reset
 This function uses a non-reentrant model


 *************** function _USBDeviceTasks *****************
 Defined at:
		line 497 in file "../framework/usb/usb_device.c"
 Parameters:    Size  Location     Type
		None
 Auto vars:     Size  Location     Type
  i               1   13[BANK0 ] unsigned char 
 Return value:  Size  Location     Type
		None               void
 Registers used:
		wreg, fsr0l, fsr0h, fsr1l, fsr1h, fsr1l, fsr1h, status,2, status,0, btemp+1, pclath, cstack
 Tracked objects:
		On entry : 
		On exit  : 
		Unchanged: 
 Data sizes:     COMMON   BANK0   BANK1   BANK2   BANK3   BANK4   BANK5   BANK6   BANK7   BANK8   BANK9  BANK10  BANK11  BANK12
      Params:         0       0       0       0       0       0       0       0       0       0       0       0       0       0
      Locals:         0       1       0       0       0       0       0       0       0       0       0       0       0       0
      Temps:          0       1       0       0       0       0       0       0       0       0       0       0       0       0
      Totals:         0       2       0       0       0       0       0       0       0       0       0       0       0       0
Total ram usage:        2 bytes
 Hardware stack levels used:    1
 Hardware stack levels required when called:    9
 This function calls:
		_USBDeviceInit
		_USER_USB_CALLBACK_EVENT_HANDLER
		_USBWakeFromSuspend
		_USBSuspend
		_USBIncrement1msInternalTimers
		_USBCtrlEPAllowStatusStage
		_USBStallHandler
		_USBCtrlEPService
 This function is called by:
		_main
 This function uses a non-reentrant model


 *************** function _USBCtrlEPService *****************
 Defined at:
		line 2392 in file "../framework/usb/usb_device.c"
 Parameters:    Size  Location     Type
		None
 Auto vars:     Size  Location     Type
  setup_cnt       1   11[BANK0 ] unsigned char 
 Return value:  Size  Location     Type
		None               void
 Registers used:
		wreg, fsr0l, fsr0h, fsr1l, fsr1h, fsr1l, fsr1h, status,2, status,0, btemp+1, pclath, cstack
 Tracked objects:
		On entry : 
		On exit  : 
		Unchanged: 
 Data sizes:     COMMON   BANK0   BANK1   BANK2   BANK3   BANK4   BANK5   BANK6   BANK7   BANK8   BANK9  BANK10  BANK11  BANK12
      Params:         0       0       0       0       0       0       0       0       0       0       0       0       0       0
      Locals:         0       1       0       0       0       0       0       0       0       0       0       0       0       0
      Temps:          0       2       0       0       0       0       0       0       0       0       0       0       0       0
      Totals:         0       3       0       0       0       0       0       0       0       0       0       0       0       0
Total ram usage:        3 bytes
 Hardware stack levels used:    1
 Hardware stack levels required when called:    8
 This function calls:
		_USBCtrlTrfSetupHandler
		_USBCtrlTrfOutHandler
		_USBCtrlTrfInHandler
 This function is called by:
		_USBDeviceTasks
 This function uses a non-reentrant model


 *************** function _USBCtrlTrfInHandler *****************
 Defined at:
		line 2618 in file "../framework/usb/usb_device.c"
 Parameters:    Size  Location     Type
		None
 Auto vars:     Size  Location     Type
  lastDTS         1    3[COMMON] unsigned char 
 Return value:  Size  Location     Type
		None               void
 Registers used:
		wreg, fsr0l, fsr0h, fsr1l, fsr1h, status,2, status,0, pclath, cstack
 Tracked objects:
		On entry : 
		On exit  : 
		Unchanged: 
 Data sizes:     COMMON   BANK0   BANK1   BANK2   BANK3   BANK4   BANK5   BANK6   BANK7   BANK8   BANK9  BANK10  BANK11  BANK12
      Params:         0       0       0       0       0       0       0       0       0       0       0       0       0       0
      Locals:         1       0       0       0       0       0       0       0       0       0       0       0       0       0
      Temps:          2       0       0       0       0       0       0       0       0       0       0       0       0       0
      Totals:         3       0       0       0       0       0       0       0       0       0       0       0       0       0
Total ram usage:        3 bytes
 Hardware stack levels used:    1
 Hardware stack levels required when called:    2
 This function calls:
		_USBCtrlTrfTxService
 This function is called by:
		_USBCtrlEPService
 This function uses a non-reentrant model


 *************** function _USBCtrlTrfOutHandler *****************
 Defined at:
		line 2564 in file "../framework/usb/usb_device.c"
 Parameters:    Size  Location     Type
		None
 Auto vars:     Size  Location     Type
		None
 Return value:  Size  Location     Type
		None               void
 Registers used:
		wreg, fsr0l, fsr0h, fsr1l, fsr1h, status,2, status,0, pclath, cstack
 Tracked objects:
		On entry : 
		On exit  : 
		Unchanged: 
 Data sizes:     COMMON   BANK0   BANK1   BANK2   BANK3   BANK4   BANK5   BANK6   BANK7   BANK8   BANK9  BANK10  BANK11  BANK12
      Params:         0       0       0       0       0       0       0       0       0       0       0       0       0       0
      Locals:         0       0       0       0       0       0       0       0       0       0       0       0       0       0
      Temps:          2       0       0       0       0       0       0       0       0       0       0       0       0       0
      Totals:         2       0       0       0       0       0       0       0       0       0       0       0       0       0
Total ram usage:        2 bytes
 Hardware stack levels used:    1
 Hardware stack levels required when called:    3
 This function calls:
		_USBCtrlTrfRxService
 This function is called by:
		_USBCtrlEPService
 This function uses a non-reentrant model


 *************** function _USBCtrlTrfRxService *****************
 Defined at:
		line 1872 in file "../framework/usb/usb_device.c"
 Parameters:    Size  Location     Type
		None
 Auto vars:     Size  Location     Type
  byteToRead      1    5[COMMON] unsigned char 
  i               1    4[COMMON] unsigned char 
 Return value:  Size  Location     Type
		None               void
 Registers used:
		wreg, fsr0l, fsr0h, fsr1l, fsr1h, status,2, status,0, pclath, cstack
 Tracked objects:
		On entry : 
		On exit  : 
		Unchanged: 
 Data sizes:     COMMON   BANK0   BANK1   BANK2   BANK3   BANK4   BANK5   BANK6   BANK7   BANK8   BANK9  BANK10  BANK11  BANK12
      Params:         0       0       0       0       0       0       0       0       0       0       0       0       0       0
      Locals:         2       0       0       0       0       0       0       0       0       0       0       0       0       0
      Temps:          2       0       0       0       0       0       0       0       0       0       0       0       0       0
      Totals:         4       0       0       0       0       0       0       0       0       0       0       0       0       0
Total ram usage:        4 bytes
 Hardware stack levels used:    1
 Hardware stack levels required when called:    2
 This function calls:
		_USBCtrlEPAllowStatusStage
 This function is called by:
		_USBCtrlTrfOutHandler
 This function uses a non-reentrant model


 *************** function _USBCtrlTrfSetupHandler *****************
 Defined at:
		line 2492 in file "../framework/usb/usb_device.c"
 Parameters:    Size  Location     Type
		None
 Auto vars:     Size  Location     Type
		None
 Return value:  Size  Location     Type
		None               void
 Registers used:
		wreg, fsr0l, fsr0h, fsr1l, fsr1h, fsr1l, fsr1h, status,2, status,0, btemp+1, pclath, cstack
 Tracked objects:
		On entry : 
		On exit  : 
		Unchanged: 
 Data sizes:     COMMON   BANK0   BANK1   BANK2   BANK3   BANK4   BANK5   BANK6   BANK7   BANK8   BANK9  BANK10  BANK11  BANK12
      Params:         0       0       0       0       0       0       0       0       0       0       0       0       0       0
      Locals:         0       0       0       0       0       0       0       0       0       0       0       0       0       0
      Temps:          0       0       0       0       0       0       0       0       0       0       0       0       0       0
      Totals:         0       0       0       0       0       0       0       0       0       0       0       0       0       0
Total ram usage:        0 bytes
 Hardware stack levels used:    1
 Hardware stack levels required when called:    7
 This function calls:
		_USER_USB_CALLBACK_EVENT_HANDLER
		_USBCtrlEPServiceComplete
		_USBCheckStdRequest
 This function is called by:
		_USBCtrlEPService
 This function uses a non-reentrant model


 *************** function _USBCheckStdRequest *****************
 Defined at:
		line 2712 in file "../framework/usb/usb_device.c"
 Parameters:    Size  Location     Type
		None
 Auto vars:     Size  Location     Type
		None
 Return value:  Size  Location     Type
		None               void
 Registers used:
		wreg, fsr0l, fsr0h, fsr1l, fsr1h, fsr1l, fsr1h, status,2, status,0, btemp+1, pclath, cstack
 Tracked objects:
		On entry : 
		On exit  : 
		Unchanged: 
 Data sizes:     COMMON   BANK0   BANK1   BANK2   BANK3   BANK4   BANK5   BANK6   BANK7   BANK8   BANK9  BANK10  BANK11  BANK12
      Params:         0       0       0       0       0       0       0       0       0       0       0       0       0       0
      Locals:         0       0       0       0       0       0       0       0       0       0       0       0       0       0
      Temps:          0       0       0       0       0       0       0       0       0       0       0       0       0       0
      Totals:         0       0       0       0       0       0       0       0       0       0       0       0       0       0
Total ram usage:        0 bytes
 Hardware stack levels used:    1
 Hardware stack levels required when called:    6
 This function calls:
		_USER_USB_CALLBACK_EVENT_HANDLER
		_USBStdSetCfgHandler
		_USBStdGetDscHandler
		_USBStdGetStatusHandler
		_USBStdFeatureReqHandler
 This function is called by:
		_USBCtrlTrfSetupHandler
 This function uses a non-reentrant model


 *************** function _USBStdFeatureReqHandler *****************
 Defined at:
		line 2780 in file "../framework/usb/usb_device.c"
 Parameters:    Size  Location     Type
		None
 Auto vars:     Size  Location     Type
  pUEP            2    5[BANK0 ] PTR unsigned char 
		 -> UEP0(1), 
  p               1    8[BANK0 ] PTR struct __BDT
		 -> BDT(32), NULL(0), 
  current_ep_d    1    7[BANK0 ] struct .
 Return value:  Size  Location     Type
		None               void
 Registers used:
		wreg, fsr0l, fsr0h, fsr1l, fsr1h, fsr1l, fsr1h, status,2, status,0, btemp+1, pclath, cstack
 Tracked objects:
		On entry : 
		On exit  : 
		Unchanged: 
 Data sizes:     COMMON   BANK0   BANK1   BANK2   BANK3   BANK4   BANK5   BANK6   BANK7   BANK8   BANK9  BANK10  BANK11  BANK12
      Params:         0       0       0       0       0       0       0       0       0       0       0       0       0       0
      Locals:         0       4       0       0       0       0       0       0       0       0       0       0       0       0
      Temps:          2       0       0       0       0       0       0       0       0       0       0       0       0       0
      Totals:         2       4       0       0       0       0       0       0       0       0       0       0       0       0
Total ram usage:        6 bytes
 Hardware stack levels used:    1
 Hardware stack levels required when called:    5
 This function calls:
		_USER_USB_CALLBACK_EVENT_HANDLER
 This function is called by:
		_USBCheckStdRequest
 This function uses a non-reentrant model


 *************** function _USBStdGetStatusHandler *****************
 Defined at:
		line 2149 in file "../framework/usb/usb_device.c"
 Parameters:    Size  Location     Type
		None
 Auto vars:     Size  Location     Type
  p               1    0[COMMON] PTR struct __BDT
		 -> BDT(32), NULL(0), 
 Return value:  Size  Location     Type
		None               void
 Registers used:
		wreg, fsr0l, fsr0h, fsr1l, fsr1h, status,2, status,0
 Tracked objects:
		On entry : 
		On exit  : 
		Unchanged: 
 Data sizes:     COMMON   BANK0   BANK1   BANK2   BANK3   BANK4   BANK5   BANK6   BANK7   BANK8   BANK9  BANK10  BANK11  BANK12
      Params:         0       0       0       0       0       0       0       0       0       0       0       0       0       0
      Locals:         1       0       0       0       0       0       0       0       0       0       0       0       0       0
      Temps:          0       0       0       0       0       0       0       0       0       0       0       0       0       0
      Totals:         1       0       0       0       0       0       0       0       0       0       0       0       0       0
Total ram usage:        1 bytes
 Hardware stack levels used:    1
 Hardware stack levels required when called:    1
 This function calls:
		Nothing
 This function is called by:
		_USBCheckStdRequest
 This function uses a non-reentrant model


 *************** function _USBStdGetDscHandler *****************
 Defined at:
		line 2063 in file "../framework/usb/usb_device.c"
 Parameters:    Size  Location     Type
		None
 Auto vars:     Size  Location     Type
		None
 Return value:  Size  Location     Type
		None               void
 Registers used:
		wreg, fsr0l, fsr0h, status,2, status,0, pclath
 Tracked objects:
		On entry : 
		On exit  : 
		Unchanged: 
 Data sizes:     COMMON   BANK0   BANK1   BANK2   BANK3   BANK4   BANK5   BANK6   BANK7   BANK8   BANK9  BANK10  BANK11  BANK12
      Params:         0       0       0       0       0       0       0       0       0       0       0       0       0       0
      Locals:         0       0       0       0       0       0       0       0       0       0       0       0       0       0
      Temps:          2       0       0       0       0       0       0       0       0       0       0       0       0       0
      Totals:         2       0       0       0       0       0       0       0       0       0       0       0       0       0
Total ram usage:        2 bytes
 Hardware stack levels used:    1
 Hardware stack levels required when called:    1
 This function calls:
		Nothing
 This function is called by:
		_USBCheckStdRequest
 This function uses a non-reentrant model


 *************** function _USBStdSetCfgHandler *****************
 Defined at:
		line 1988 in file "../framework/usb/usb_device.c"
 Parameters:    Size  Location     Type
		None
 Auto vars:     Size  Location     Type
  p               2   10[COMMON] PTR unsigned char 
		 -> UEP1(1), 
  i               1   12[COMMON] unsigned char 
  i               1   13[COMMON] unsigned char 
 Return value:  Size  Location     Type
		None               void
 Registers used:
[...]
      Totals:         1       0       0       0       0       0       0       0       0       0       0       0       0       0
Total ram usage:        1 bytes
 Hardware stack levels used:    1
 Hardware stack levels required when called:    1
 This function calls:
		Nothing
 This function is called by:
		_scan_task
 This function uses a non-reentrant model


 *************** function _get_data *****************
 Defined at:
		line 73 in file "../src/scan.c"
 Parameters:    Size  Location     Type
		None
 Auto vars:     Size  Location     Type
		None
 Return value:  Size  Location     Type
                  1    wreg      unsigned char 
 Registers used:
		wreg, status,2, status,0
 Tracked objects:
		On entry : 
		On exit  : 
		Unchanged: 
 Data sizes:     COMMON   BANK0   BANK1   BANK2   BANK3   BANK4   BANK5   BANK6   BANK7   BANK8   BANK9  BANK10  BANK11  BANK12
      Params:         0       0       0       0       0       0       0       0       0       0       0       0       0       0
      Locals:         0       0       0       0       0       0       0       0       0       0       0       0       0       0
      Temps:          0       0       0       0       0       0       0       0       0       0       0       0       0       0
      Totals:         0       0       0       0       0       0       0       0       0       0       0       0       0       0
Total ram usage:        0 bytes
 Hardware stack levels used:    1
 Hardware stack levels required when called:    1
 This function calls:
		Nothing
 This function is called by:
		_scan_task
 This function uses a non-reentrant model


 *************** function _set_clock_and_data *****************
 Defined at:
		line 68 in file "../src/scan.c"
 Parameters:    Size  Location     Type
  c               1    wreg     const unsigned char 
  d               1    0[COMMON] const unsigned char 
 Auto vars:     Size  Location     Type
  c               1    2[COMMON] const unsigned char 
 Return value:  Size  Location     Type
		None               void
 Registers used:
		wreg, status,2, status,0
 Tracked objects:
		On entry : 
		On exit  : 
		Unchanged: 
 Data sizes:     COMMON   BANK0   BANK1   BANK2   BANK3   BANK4   BANK5   BANK6   BANK7   BANK8   BANK9  BANK10  BANK11  BANK12
      Params:         1       0       0       0       0       0       0       0       0       0       0       0       0       0
      Locals:         1       0       0       0       0       0       0       0       0       0       0       0       0       0
      Temps:          1       0       0       0       0       0       0       0       0       0       0       0       0       0
      Totals:         3       0       0       0       0       0       0       0       0       0       0       0       0       0
Total ram usage:        3 bytes
 Hardware stack levels used:    1
 Hardware stack levels required when called:    1
 This function calls:
		Nothing
 This function is called by:
		_scan_task
 This function uses a non-reentrant model


 *************** function _waiting_for_timer *****************
 Defined at:
		line 64 in file "../src/scan.c"
 Parameters:    Size  Location     Type
		None
 Auto vars:     Size  Location     Type
		None
 Return value:  Size  Location     Type
                  1    wreg      unsigned char 
 Registers used:
		wreg, status,2
 Tracked objects:
		On entry : 
		On exit  : 
		Unchanged: 
 Data sizes:     COMMON   BANK0   BANK1   BANK2   BANK3   BANK4   BANK5   BANK6   BANK7   BANK8   BANK9  BANK10  BANK11  BANK12
      Params:         0       0       0       0       0       0       0       0       0       0       0       0       0       0
      Locals:         1       0       0       0       0       0       0       0       0       0       0       0       0       0
      Temps:          0       0       0       0       0       0       0       0       0       0       0       0       0       0
      Totals:         1       0       0       0       0       0       0       0       0       0       0       0       0       0
Total ram usage:        1 bytes
 Hardware stack levels used:    1
 Hardware stack levels required when called:    1
 This function calls:
		Nothing
 This function is called by:
		_scan_task
 This function uses a non-reentrant model


 *************** function _set_timer *****************
 Defined at:
		line 55 in file "../src/scan.c"
 Parameters:    Size  Location     Type
		None
 Auto vars:     Size  Location     Type
		None
 Return value:  Size  Location     Type
		None               void
 Registers used:
		status,2
 Tracked objects:
		On entry : 
		On exit  : 
		Unchanged: 
 Data sizes:     COMMON   BANK0   BANK1   BANK2   BANK3   BANK4   BANK5   BANK6   BANK7   BANK8   BANK9  BANK10  BANK11  BANK12
      Params:         0       0       0       0       0       0       0       0       0       0       0       0       0       0
      Locals:         0       0       0       0       0       0       0       0       0       0       0       0       0       0
      Temps:          0       0       0       0       0       0       0       0       0       0       0       0       0       0
      Totals:         0       0       0       0       0       0       0       0       0       0       0       0       0       0
Total ram usage:        0 bytes
 Hardware stack levels used:    1
 Hardware stack levels required when called:    1
 This function calls:
		Nothing
 This function is called by:
		_scan_task
 This function uses a non-reentrant model


 *************** function _scan_init *****************
 Defined at:
		line 32 in file "../src/scan.c"
 Parameters:    Size  Location     Type
		None
 Auto vars:     Size  Location     Type
		None
 Return value:  Size  Location     Type
		None               void
 Registers used:
		wreg, status,2, status,0
 Tracked objects:
		On entry : 
		On exit  : 
		Unchanged: 
 Data sizes:     COMMON   BANK0   BANK1   BANK2   BANK3   BANK4   BANK5   BANK6   BANK7   BANK8   BANK9  BANK10  BANK11  BANK12
      Params:         0       0       0       0       0       0       0       0       0       0       0       0       0       0
      Locals:         0       0       0       0       0       0       0       0       0       0       0       0       0       0
      Temps:          0       0       0       0       0       0       0       0       0       0       0       0       0       0
      Totals:         0       0       0       0       0       0       0       0       0       0       0       0       0       0
Total ram usage:        0 bytes
 Hardware stack levels used:    1
 Hardware stack levels required when called:    1
 This function calls:
		Nothing
 This function is called by:
		_scan_task
 This function uses a non-reentrant model


 *************** function _USBTransferOnePacket *****************
 Defined at:
		line 1015 in file "../framework/usb/usb_device.c"
 Parameters:    Size  Location     Type
  ep              1    wreg     unsigned char 
  dir             1    0[COMMON] unsigned char 
  data            2    1[COMMON] PTR unsigned char 
		 -> midiData(4), ReceivedDataBuffer(64), 
  len             1    3[COMMON] unsigned char 
 Auto vars:     Size  Location     Type
  ep              1    6[COMMON] unsigned char 
  handle          1    7[COMMON] PTR volatile struct __BD
		 -> BDT(32), NULL(0), 
 Return value:  Size  Location     Type
                  1    wreg      PTR void 
 Registers used:
		wreg, fsr1l, fsr1h, status,2, status,0
 Tracked objects:
		On entry : 
		On exit  : 
		Unchanged: 
 Data sizes:     COMMON   BANK0   BANK1   BANK2   BANK3   BANK4   BANK5   BANK6   BANK7   BANK8   BANK9  BANK10  BANK11  BANK12
      Params:         4       0       0       0       0       0       0       0       0       0       0       0       0       0
      Locals:         2       0       0       0       0       0       0       0       0       0       0       0       0       0
      Temps:          2       0       0       0       0       0       0       0       0       0       0       0       0       0
      Totals:         8       0       0       0       0       0       0       0       0       0       0       0       0       0
Total ram usage:        8 bytes
 Hardware stack levels used:    1
 Hardware stack levels required when called:    1
 This function calls:
		Nothing
 This function is called by:
		_APP_DeviceAudioMIDIInitialize
		_APP_DeviceAudioMIDITasks
 This function uses a non-reentrant model


 *************** function _BLEDeviceInit *****************
 Defined at:
		line 70 in file "../src/app_device_ble_midi.c"
 Parameters:    Size  Location     Type
		None
 Auto vars:     Size  Location     Type
		None
 Return value:  Size  Location     Type
		None               void
 Registers used:
		wreg, status,2, status,0, pclath, cstack
 Tracked objects:
		On entry : 
		On exit  : 
		Unchanged: 
 Data sizes:     COMMON   BANK0   BANK1   BANK2   BANK3   BANK4   BANK5   BANK6   BANK7   BANK8   BANK9  BANK10  BANK11  BANK12
      Params:         0       0       0       0       0       0       0       0       0       0       0       0       0       0
      Locals:         0       0       0       0       0       0       0       0       0       0       0       0       0       0
      Temps:          0       0       0       0       0       0       0       0       0       0       0       0       0       0
      Totals:         0       0       0       0       0       0       0       0       0       0       0       0       0       0
Total ram usage:        0 bytes
 Hardware stack levels used:    1
 Hardware stack levels required when called:    2
 This function calls:
		_PIN_MANAGER_Initialize
		_SPI_Initialize
 This function is called by:
		_main
 This function uses a non-reentrant model


 *************** function _SPI_Initialize *****************
 Defined at:
		line 64 in file "../src/spi.c"
 Parameters:    Size  Location     Type
		None
 Auto vars:     Size  Location     Type
		None
 Return value:  Size  Location     Type
		None               void
 Registers used:
		wreg, status,2
 Tracked objects:
		On entry : 
		On exit  : 
		Unchanged: 
 Data sizes:     COMMON   BANK0   BANK1   BANK2   BANK3   BANK4   BANK5   BANK6   BANK7   BANK8   BANK9  BANK10  BANK11  BANK12
      Params:         0       0       0       0       0       0       0       0       0       0       0       0       0       0
      Locals:         0       0       0       0       0       0       0       0       0       0       0       0       0       0
      Temps:          0       0       0       0       0       0       0       0       0       0       0       0       0       0
      Totals:         0       0       0       0       0       0       0       0       0       0       0       0       0       0
Total ram usage:        0 bytes
 Hardware stack levels used:    1
 Hardware stack levels required when called:    1
 This function calls:
		Nothing
 This function is called by:
		_BLEDeviceInit
 This function uses a non-reentrant model


 *************** function _PIN_MANAGER_Initialize *****************
 Defined at:
		line 50 in file "../src/pin_manager.c"
 Parameters:    Size  Location     Type
		None
 Auto vars:     Size  Location     Type
		None
 Return value:  Size  Location     Type
		None               void
 Registers used:
		None
 Tracked objects:
		On entry : 
		On exit  : 
		Unchanged: 
 Data sizes:     COMMON   BANK0   BANK1   BANK2   BANK3   BANK4   BANK5   BANK6   BANK7   BANK8   BANK9  BANK10  BANK11  BANK12
      Params:         0       0       0       0       0       0       0       0       0       0       0       0       0       0
      Locals:         0       0       0       0       0       0       0       0       0       0       0       0       0       0
      Temps:          0       0       0       0       0       0       0       0       0       0       0       0       0       0
      Totals:         0       0       0       0       0       0       0       0       0       0       0       0       0       0
Total ram usage:        0 bytes
 Hardware stack levels used:    1
 Hardware stack levels required when called:    1
 This function calls:
		Nothing
 This function is called by:
		_BLEDeviceInit
 This function uses a non-reentrant model


 *************** function _SYSTEM_Initialize *****************
 Defined at:
		line 87 in file "../src/pic16f1459/system.c"
 Parameters:    Size  Location     Type
  state           1    wreg     enum E2634
 Auto vars:     Size  Location     Type
  state           1    1[COMMON] enum E2634
 Return value:  Size  Location     Type
		None               void
 Registers used:
		wreg, fsr0l, fsr0h, status,2, status,0, pclath, cstack
 Tracked objects:
		On entry : 
		On exit  : 
		Unchanged: 
 Data sizes:     COMMON   BANK0   BANK1   BANK2   BANK3   BANK4   BANK5   BANK6   BANK7   BANK8   BANK9  BANK10  BANK11  BANK12
      Params:         0       0       0       0       0       0       0       0       0       0       0       0       0       0
      Locals:         1       0       0       0       0       0       0       0       0       0       0       0       0       0
      Temps:          0       0       0       0       0       0       0       0       0       0       0       0       0       0
      Totals:         1       0       0       0       0       0       0       0       0       0       0       0       0       0
Total ram usage:        1 bytes
 Hardware stack levels used:    1
 Hardware stack levels required when called:    2
 This function calls:
		_LED_Enable
 This function is called by:
		_main
 This function uses a non-reentrant model


 *************** function _LED_Enable *****************
 Defined at:
		line 221 in file "../bsp/pic16f1459/leds.c"
 Parameters:    Size  Location     Type
  led             1    wreg     enum E2
 Auto vars:     Size  Location     Type
  led             1    0[COMMON] enum E2
 Return value:  Size  Location     Type
		None               void
 Registers used:
		wreg, fsr0l, fsr0h, status,2, status,0
 Tracked objects:
		On entry : 
		On exit  : 
		Unchanged: 
 Data sizes:     COMMON   BANK0   BANK1   BANK2   BANK3   BANK4   BANK5   BANK6   BANK7   BANK8   BANK9  BANK10  BANK11  BANK12
      Params:         0       0       0       0       0       0       0       0       0       0       0       0       0       0
      Locals:         1       0       0       0       0       0       0       0       0       0       0       0       0       0
      Temps:          0       0       0       0       0       0       0       0       0       0       0       0       0       0
      Totals:         1       0       0       0       0       0       0       0       0       0       0       0       0       0
Total ram usage:        1 bytes
 Hardware stack levels used:    1
 Hardware stack levels required when called:    1
 This function calls:
		Nothing
 This function is called by:
		_SYSTEM_Initialize
 This function uses a non-reentrant model


 *************** function _SYS_InterruptHigh *****************
 Defined at:
		line 113 in file "../src/pic16f1459/system.c"
 Parameters:    Size  Location     Type
		None
 Auto vars:     Size  Location     Type
		None
 Return value:  Size  Location     Type
		None               void
 Registers used:
		None
 Tracked objects:
		On entry : 
		On exit  : 
		Unchanged: 
 Data sizes:     COMMON   BANK0   BANK1   BANK2   BANK3   BANK4   BANK5   BANK6   BANK7   BANK8   BANK9  BANK10  BANK11  BANK12
      Params:         0       0       0       0       0       0       0       0       0       0       0       0       0       0
      Locals:         0       0       0       0       0       0       0       0       0       0       0       0       0       0
      Temps:          0       0       0       0       0       0       0       0       0       0       0       0       0       0
      Totals:         0       0       0       0       0       0       0       0       0       0       0       0       0       0
Total ram usage:        0 bytes
 Hardware stack levels used:    1
 This function calls:
		Nothing
 This function is called by:
		Interrupt level 1
 This function uses a non-reentrant model



MODULE INFORMATION

Module		Function		Class		Link	Load	Size
../src/pic16f1459/system.c
		_SYS_InterruptH		CODE           	0004	0000	2
		_SYSTEM_Initial		CODE           	0B38	0000	25

../src/pic16f1459/system.c estimated size: 27

../bsp/pic16f1459/leds.c
		_LED_Off       		CODE           	0ADE	0000	22
		_LED_On        		CODE           	0AF4	0000	22
		_LED_Enable    		CODE           	0AC8	0000	22

../bsp/pic16f1459/leds.c estimated size: 66

shared
		_configDescript		STRCODE        	0230	0000	101
		_USB_CD_Ptr    		STRCODE        	022E	0000	2
		_sd001         		STRCODE        	0295	0000	52
		__stringtab    		STRCODE        	0200	0000	1
		_sd002         		STRCODE        	02C9	0000	26
		__initializatio		CODE           	0C35	0000	40
		process_level@m		STRCODE        	0000	0000	762
		_device_dsc    		STRCODE        	02E3	0000	18
		process_level@i		STRCODE        	0201	0000	39
		_USB_SD_Ptr    		STRCODE        	0228	0000	6
		_sd000         		STRCODE        	02F5	0000	4

shared estimated size: 1051

../src/scan.c
		_waiting_for_ti		CODE           	0A96	0000	15
		_scan_task     		CODE           	057C	0000	161
		_process_level 		CODE           	04D2	0000	170
		_scan_init     		CODE           	0B6B	0000	28
		_is_end_of_scan		CODE           	0AA5	0000	17
		_set_clock_and_		CODE           	0B51	0000	26
		_store_key_leve		CODE           	0C0C	0000	41
		_get_adc       		CODE           	0002	0000	2
		_set_timer     		CODE           	0A8C	0000	10
		_is_adc_ready  		CODE           	0A5F	0000	5
		_get_data      		CODE           	0A5A	0000	5
		_run_adc       		CODE           	0A7E	0000	7

../src/scan.c estimated size: 487

../src/app_device_ble_midi.c
		_BLEDeviceInit 		CODE           	0A77	0000	7

../src/app_device_ble_midi.c estimated size: 7

../framework/usb/usb_device.c
		_USBCtrlTrfInHa		CODE           	0118	0000	111
		_USBTransferOne		CODE           	0D86	0000	78
		_USBStdGetDscHa		CODE           	0187	0000	108
		_USBCtrlEPAllow		CODE           	0D3A	0000	76
		_USBStdFeatureR		CODE           	0008	0000	272
		_USBCtrlEPAllow		CODE           	0F3C	0000	98
		_USBCtrlTrfSetu		CODE           	0CBD	0000	51
		_USBCtrlTrfOutH		CODE           	0C8E	0000	47
		_USBCtrlEPServi		CODE           	0735	0000	132
		_USBSuspend    		CODE           	0AB6	0000	18
		_USBStdSetCfgHa		CODE           	0EDE	0000	94
		_USBStdGetStatu		CODE           	0DD4	0000	80
		_USBWakeFromSus		CODE           	0B20	0000	24
		_USBCtrlTrfRxSe		CODE           	061D	0000	146
		_USBCtrlTrfTxSe		CODE           	0E80	0000	94
		_USBEnableEndpo		CODE           	0BE5	0000	39
		_USBConfigureEn		CODE           	0C60	0000	46
		_USBDeviceInit 		CODE           	06AF	0000	134
		_USBIncrement1m		CODE           	07F1	0000	15
		_USBCtrlEPServi		CODE           	0F9E	0000	98
		_USBStallHandle		CODE           	0BC1	0000	36
		_USBDeviceTasks		CODE           	02FA	0000	245
		_USBCheckStdReq		CODE           	0CF0	0000	74

../framework/usb/usb_device.c estimated size: 2116

../src/app_device_audio_midi.c
		_APP_DeviceAudi		CODE           	03EF	0000	227
		_APP_DeviceAudi		CODE           	0BA3	0000	30
		_APP_DeviceAudi		CODE           	0A85	0000	7

../src/app_device_audio_midi.c estimated size: 264

../src/pin_manager.c
		_PIN_MANAGER_In		CODE           	0A70	0000	7

../src/pin_manager.c estimated size: 7

C:\Program Files\Microchip\xc8\v1.20\sources\common\memset.c
		_memset        		CODE           	0B0A	0000	22

C:\Program Files\Microchip\xc8\v1.20\sources\common\memset.c estimated size: 22

../src/app_led_usb_status.c
		_APP_LEDUpdateU		CODE           	0E24	0000	92

../src/app_led_usb_status.c estimated size: 92

../src/spi.c
		_SPI_Initialize		CODE           	0A64	0000	6

../src/spi.c estimated size: 6

../src/main.c
		_main          		CODE           	0B87	0000	28
		_USER_USB_CALLB		CODE           	07B9	0000	56

../src/main.c estimated size: 84

