Microchip MPLAB XC8 Compiler V1.34 ()

Linker command line:

--edf=C:\Program Files (x86)\Microchip\xc8\v1.34\dat\en_msgs.txt -cs \
  -h+dist/LPCUSBDK_16F1455/production\MPLAB.X.production.sym \
  --cmf=dist/LPCUSBDK_16F1455/production\MPLAB.X.production.cmf -z \
  -Q16F1455 -oC:\Users\Ilya\AppData\Local\Temp\s3qs.6 \
  -Mdist/LPCUSBDK_16F1455/production/MPLAB.X.production.map -E1 -ver=XC8 \
  -ASTACK=02160h-023efh -pstack=STACK -ACODE=00h-07FFhx4 \
  -ASTRCODE=00h-01FFFh -ASTRING=00h-0FFhx32 -ACONST=00h-0FFhx32 \
  -AENTRY=00h-0FFhx32 -ACOMMON=070h-07Fh -ABANK0=020h-06Fh \
  -ABANK1=0A0h-0EFh -ABANK2=0120h-016Fh -ABANK3=01A0h-01EFh \
  -ABANK4=0220h-026Fh -ABANK5=02A0h-02EFh -ABANK6=0320h-036Fh \
  -ABANK7=03A0h-03EFh -ABANK8=0420h-046Fh -ABANK9=04A0h-04EFh \
  -ABANK10=0520h-056Fh -ABANK11=05A0h-05EFh -ABANK12=0620h-064Fh \
  -ABIGRAM=02000h-023EFh \
  -ARAM=020h-06Fh,0A0h-0EFh,0120h-016Fh,01A0h-01EFh,0220h-026Fh,02A0h-02EFh,0320h-036Fh,03A0h-03EFh,0420h-046Fh,04A0h-04EFh,0520h-056Fh,05A0h-05EFh,0620h-064Fh \
  -AABS1=020h-07Fh,0A0h-0EFh,0120h-016Fh,01A0h-01EFh,0220h-026Fh,02A0h-02EFh,0320h-036Fh,03A0h-03EFh,0420h-046Fh,04A0h-04EFh,0520h-056Fh,05A0h-05EFh,0620h-064Fh \
  -ASFR0=00h-01Fh -ASFR1=080h-09Fh -ASFR2=0100h-011Fh -ASFR3=0180h-019Fh \
  -ASFR4=0200h-021Fh -ASFR5=0280h-029Fh -ASFR6=0300h-031Fh \
  -ASFR7=0380h-039Fh -ASFR8=0400h-041Fh -ASFR9=0480h-049Fh \
  -ASFR10=0500h-051Fh -ASFR11=0580h-059Fh -ASFR12=0600h-061Fh \
  -ASFR13=0680h-06EFh -ASFR14=0700h-076Fh -ASFR15=0780h-07EFh \
  -ASFR16=0800h-086Fh -ASFR17=0880h-08EFh -ASFR18=0900h-096Fh \
  -ASFR19=0980h-09EFh -ASFR20=0A00h-0A6Fh -ASFR21=0A80h-0AEFh \
  -ASFR22=0B00h-0B6Fh -ASFR23=0B80h-0BEFh -ASFR24=0C00h-0C6Fh \
  -ASFR25=0C80h-0CEFh -ASFR26=0D00h-0D6Fh -ASFR27=0D80h-0DEFh \
  -ASFR28=0E00h-0E6Fh -ASFR29=0E80h-0EEFh -ASFR30=0F00h-0F6Fh \
  -ASFR31=0F80h-0FEFh -preset_vec=00h,intentry=04h,init,end_init \
  -ppowerup=CODE -pcinit=CODE -pfunctab=CODE -ACONFIG=08007h-08008h \
  -pconfig=CONFIG -DCONFIG=2 -AIDLOC=08000h-08003h -pidloc=IDLOC -DIDLOC=2 \
  -DCODE=2 -DSTRCODE=2 -DSTRING=2 -DCONST=2 -DENTRY=2 -k \
  C:\Users\Ilya\AppData\Local\Temp\s3qs.obj \
  dist/LPCUSBDK_16F1455/production\MPLAB.X.production.obj 

Object code version is 3.11

Machine type is 16F1455



                Name                               Link     Load   Length Selector   Space Scale
C:\Users\Ilya\AppData\Local\Temp\s3qs.obj
                end_init                              B        B        2        8       0
                reset_vec                             0        0        2        0       0
                config                             8007     8007        2    1000E       0
dist/LPCUSBDK_16F1455/production\MPLAB.X.production.obj
                cinit                                 D        D       28        8       0
                intentry                              4        4        7        8       0
                text46                              957      957       15     12AE       0
                text45                              C9A      C9A       50     1934       0
                text44                              914      914        3     1228       0
                text43                              917      917        5     122E       0
                text42                              922      922        7     1244       0
                text41                              96C      96C       15     12D8       0
                text40                              929      929        7     1252       0
                text39                              A33      A33       1D     1466       0
                text38                              945      945       12     128A       0
                text37                              2F5      2F5        B        8       0
                swtext5                             83E      83E        C     1000       0
                text36                              9DF      9DF       1C     13BE       0
                swtext4                             832      832        C     1000       0
                text35                              9FB      9FB       1C     13F6       0
                text34                              4E3      4E3       DD      7EA       0
                text33                              B17      B17       30     162E       0
                text32                              7F5      7F5        B      7EA       0
                swtext3                             826      826        C     1000       0
                text31                              5C0      5C0       AD      7EA       0
                text30                               35       35      14A        8       0
                text29                              937      937        E     126E       0
                swtext2                             81A      81A        C     1000       0
                text28                              A17      A17       1C     142E       0
                text27                              A97      A97       26     152E       0
                text26                              E0D      E0D       6F     1C1A       0
                text25                              D3E      D3E       67     1A7C       0
                text24                              DA5      DA5       68     1B4A       0
                text23                              70C      70C       92      7EA       0
                text22                              AE8      AE8       2F     15D0       0
                text21                              B80      B80       3F     1700       0
                text20                              A50      A50       23     14A0       0
                text19                              ABD      ABD       2B     157A       0
                text18                              930      930        7     1260       0
                text17                              C00      C00       4D     1800       0
                text16                              B47      B47       39     168E       0
                text15                              17F      17F      106        8       0
                text14                              E7C      E7C       7F     1CF8       0
                text13                              C4D      C4D       4D     189A       0
                text12                              9C5      9C5       1A     138A       0
                text11                              EFB      EFB       7F     1DF6       0
                swtext1                             800      800       1A     1000       0
                text10                              79E      79E       57      7EA       0
                text9                               CEA      CEA       54     19D4       0
                text8                               F7A      F7A       86     1EF4       0
                text7                               BBF      BBF       41     177E       0
                text6                               285      285       70        8       0
                text5                               66D      66D       9F      7EA       0
                text4                               A73      A73       24     14E6       0
                text3                               981      981       16     1302       0
                text2                               9AD      9AD       18     135A       0
                text1                               3F5      3F5       EE      7EA       0
                maintext                            997      997       16     132E       0
                cstackBANK0                          50       50       1B       50       1
                cstackCOMMON                         70       70        C       70       1
                clrtext                             91C      91C        6     1238       0
                bssBANK4                            220      220       20      220       1
                bssBANK3                            1A4      1A4       40      1A4       1
                bssBANK2                            120      120       3F      120       1
                bssBANK1                             E0       E0       10       E0       1
                bssBANK0                             6B       6B        5       50       1
                bssCOMMON                            7C       7C        1       70       1
                stringtext                          300      300       F5        6       0

TOTAL           Name                               Link     Load   Length     Space
        CLASS   STACK          

        CLASS   CODE           
                end_init                              B        B        2         0
                cinit                                 D        D       28         0
                intentry                              4        4        7         0
                reset_vec                             0        0        2         0
                text46                              957      957       15         0
                text45                              C9A      C9A       50         0
                text44                              914      914        3         0
                text43                              917      917        5         0
                text42                              922      922        7         0
                text41                              96C      96C       15         0
                text40                              929      929        7         0
                text39                              A33      A33       1D         0
                text38                              945      945       12         0
                text37                              2F5      2F5        B         0
                text36                              9DF      9DF       1C         0
                text35                              9FB      9FB       1C         0
                text34                              4E3      4E3       DD         0
                text33                              B17      B17       30         0
                text32                              7F5      7F5        B         0
                text31                              5C0      5C0       AD         0
                text30                               35       35      14A         0
                text29                              937      937        E         0
                text28                              A17      A17       1C         0
                text27                              A97      A97       26         0
                text26                              E0D      E0D       6F         0
                text25                              D3E      D3E       67         0
                text24                              DA5      DA5       68         0
                text23                              70C      70C       92         0
                text22                              AE8      AE8       2F         0
                text21                              B80      B80       3F         0
                text20                              A50      A50       23         0
                text19                              ABD      ABD       2B         0
                text18                              930      930        7         0
                text17                              C00      C00       4D         0
                text16                              B47      B47       39         0
                text15                              17F      17F      106         0
                text14                              E7C      E7C       7F         0
                text13                              C4D      C4D       4D         0
                text12                              9C5      9C5       1A         0
                text11                              EFB      EFB       7F         0
                text10                              79E      79E       57         0
                text9                               CEA      CEA       54         0
                text8                               F7A      F7A       86         0
                text7                               BBF      BBF       41         0
                text6                               285      285       70         0
                text5                               66D      66D       9F         0
                text4                               A73      A73       24         0
                text3                               981      981       16         0
                text2                               9AD      9AD       18         0
                text1                               3F5      3F5       EE         0
                maintext                            997      997       16         0
                clrtext                             91C      91C        6         0

        CLASS   STRCODE        
                stringtext                          300      300       F5         0

        CLASS   STRING         

        CLASS   CONST          
                swtext5                             83E      83E        C         0
                swtext4                             832      832        C         0
                swtext3                             826      826        C         0
                swtext2                             81A      81A        C         0
                swtext1                             800      800       1A         0

        CLASS   ENTRY          

        CLASS   COMMON         
                cstackCOMMON                         70       70        C         1
                bssCOMMON                            7C       7C        1         1

        CLASS   BANK0          
                cstackBANK0                          50       50       1B         1
                bssBANK0                             6B       6B        5         1

        CLASS   BANK1          
                bssBANK1                             E0       E0       10         1

        CLASS   BANK2          
                bssBANK2                            120      120       3F         1

        CLASS   BANK3          
                bssBANK3                            1A4      1A4       40         1

        CLASS   BANK4          
                bssBANK4                            220      220       20         1

        CLASS   BANK5          

        CLASS   BANK6          

        CLASS   BANK7          

        CLASS   BANK8          

        CLASS   BANK9          

        CLASS   BANK10         

        CLASS   BANK11         

        CLASS   BANK12         

        CLASS   BIGRAM         

        CLASS   RAM            

        CLASS   ABS1           
                abs_s1                               20       20       30         1
                abs_s1                               7E       7E        2         1
                abs_s1                               A0       A0       40         1
                abs_s1                              1A0      1A0        4         1

        CLASS   SFR0           

        CLASS   SFR1           

        CLASS   SFR2           

        CLASS   SFR3           

        CLASS   SFR4           

        CLASS   SFR5           

        CLASS   SFR6           

        CLASS   SFR7           

        CLASS   SFR8           

        CLASS   SFR9           

        CLASS   SFR10          

        CLASS   SFR11          

        CLASS   SFR12          

        CLASS   SFR13          

        CLASS   SFR14          

        CLASS   SFR15          

        CLASS   SFR16          

        CLASS   SFR17          

        CLASS   SFR18          

        CLASS   SFR19          

        CLASS   SFR20          

        CLASS   SFR21          

        CLASS   SFR22          

        CLASS   SFR23          

        CLASS   SFR24          

        CLASS   SFR25          

        CLASS   SFR26          

        CLASS   SFR27          

        CLASS   SFR28          

        CLASS   SFR29          

        CLASS   SFR30          

        CLASS   SFR31          

        CLASS   CONFIG         
                config                             8007     8007        2         0

        CLASS   IDLOC          

        CLASS   BANK31         

        CLASS   BANK30         

        CLASS   BANK29         

        CLASS   BANK28         

        CLASS   BANK27         

        CLASS   BANK26         

        CLASS   BANK25         

        CLASS   BANK24         

        CLASS   BANK23         

        CLASS   BANK22         

        CLASS   BANK21         

        CLASS   BANK20         

        CLASS   BANK19         

        CLASS   BANK18         

        CLASS   BANK17         

        CLASS   BANK16         

        CLASS   BANK15         

        CLASS   BANK14         

        CLASS   BANK13         

        CLASS   EEDATA         



SEGMENTS        Name                           Load    Length   Top    Selector   Space  Class     Delta

                reset_vec                      000000  000002  000002         0       0  CODE        2
                intentry                       000004  0002FC  000300         8       0  CODE        2
                cstackBANK0                    000050  000020  000070        50       1  BANK0       1
                cstackCOMMON                   000070  00000D  00007D        70       1  COMMON      1
                bssBANK1                       0000E0  000010  0000F0        E0       1  BANK1       1
                bssBANK2                       000120  00003F  00015F       120       1  BANK2       1
                bssBANK3                       0001A4  000040  0001E4       1A4       1  BANK3       1
                bssBANK4                       000220  000020  000240       220       1  BANK4       1
                stringtext                     000300  0000F5  0003F5         6       0  STRCODE     2
                text1                          0003F5  00040B  000800       7EA       0  CODE        2
                swtext1                        000800  00004A  00084A      1000       0  CONST       2
                text44                         000914  000003  000917      1228       0  CODE        2
                text43                         000917  000005  00091C      122E       0  CODE        2
                clrtext                        00091C  000006  000922      1238       0  CODE        2
                text42                         000922  000007  000929      1244       0  CODE        2
                text40                         000929  000007  000930      1252       0  CODE        2
                text18                         000930  000007  000937      1260       0  CODE        2
                text29                         000937  00000E  000945      126E       0  CODE        2
                text38                         000945  000012  000957      128A       0  CODE        2
                text46                         000957  000015  00096C      12AE       0  CODE        2
                text41                         00096C  000015  000981      12D8       0  CODE        2
                text3                          000981  000016  000997      1302       0  CODE        2
                maintext                       000997  000016  0009AD      132E       0  CODE        2
                text2                          0009AD  000018  0009C5      135A       0  CODE        2
                text12                         0009C5  00001A  0009DF      138A       0  CODE        2
                text36                         0009DF  00001C  0009FB      13BE       0  CODE        2
                text35                         0009FB  00001C  000A17      13F6       0  CODE        2
                text28                         000A17  00001C  000A33      142E       0  CODE        2
                text39                         000A33  00001D  000A50      1466       0  CODE        2
                text20                         000A50  000023  000A73      14A0       0  CODE        2
                text4                          000A73  000024  000A97      14E6       0  CODE        2
                text27                         000A97  000026  000ABD      152E       0  CODE        2
                text19                         000ABD  00002B  000AE8      157A       0  CODE        2
                text22                         000AE8  00002F  000B17      15D0       0  CODE        2
                text33                         000B17  000030  000B47      162E       0  CODE        2
                text16                         000B47  000039  000B80      168E       0  CODE        2
                text21                         000B80  00003F  000BBF      1700       0  CODE        2
                text7                          000BBF  000041  000C00      177E       0  CODE        2
                text17                         000C00  00004D  000C4D      1800       0  CODE        2
                text13                         000C4D  00004D  000C9A      189A       0  CODE        2
                text45                         000C9A  000050  000CEA      1934       0  CODE        2
                text9                          000CEA  000054  000D3E      19D4       0  CODE        2
                text25                         000D3E  000067  000DA5      1A7C       0  CODE        2
                text24                         000DA5  000068  000E0D      1B4A       0  CODE        2
                text26                         000E0D  00006F  000E7C      1C1A       0  CODE        2
                text14                         000E7C  00007F  000EFB      1CF8       0  CODE        2
                text11                         000EFB  00007F  000F7A      1DF6       0  CODE        2
                text8                          000F7A  000086  001000      1EF4       0  CODE        2
                config                         008007  000002  008009     1000E       0  CONFIG      2


UNUSED ADDRESS RANGES

        Name                Unused          Largest block    Delta
        BANK10           00520-0056F              50           1
        BANK11           005A0-005EF              50           1
        BANK12           00620-0064F              30           1
        BANK2            0015F-0016F              11           1
        BANK3            001E4-001EF               C           1
        BANK4            00240-0026F              30           1
        BANK5            002A0-002EF              50           1
        BANK6            00320-0036F              50           1
        BANK7            003A0-003EF              50           1
        BANK8            00420-0046F              50           1
        BANK9            004A0-004EF              50           1
        BIGRAM           02000-023EF             3F0           1
        CODE             00002-00003               2           2
                         0084A-00913              CA
                         01000-01FFF             800
        COMMON           0007D-0007D               1           1
        CONST            00002-00003               2           2
                         0084A-00913              B6
                         01000-01FFF             100
        ENTRY            00002-00003               2           2
                         0084A-00913              B6
                         01000-01FFF             100
        IDLOC            08000-08003               4           2
        RAM              0015F-0016F              11           1
                         001E4-001EF               C
                         00240-0026F              30
                         002A0-002EF              50
                         00320-0036F              50
                         003A0-003EF              50
                         00420-0046F              50
                         004A0-004EF              50
                         00520-0056F              50
                         005A0-005EF              50
                         00620-0064F              30
        SFR0             00000-0001F              20           1
        SFR1             00080-0009F              20           1
        SFR10            00500-0051F              20           1
        SFR11            00580-0059F              20           1
        SFR12            00600-0061F              20           1
        SFR13            00680-006EF              70           1
        SFR14            00700-0076F              70           1
        SFR15            00780-007EF              70           1
        SFR16            00800-0086F              70           1
        SFR17            00880-008EF              70           1
        SFR18            00900-0096F              70           1
        SFR19            00980-009EF              70           1
        SFR2             00100-0011F              20           1
        SFR20            00A00-00A6F              70           1
        SFR21            00A80-00AEF              70           1
        SFR22            00B00-00B6F              70           1
        SFR23            00B80-00BEF              70           1
        SFR24            00C00-00C6F              70           1
        SFR25            00C80-00CEF              70           1
        SFR26            00D00-00D6F              70           1
        SFR27            00D80-00DEF              70           1
        SFR28            00E00-00E6F              70           1
        SFR29            00E80-00EEF              70           1
        SFR3             00180-0019F              20           1
        SFR30            00F00-00F6F              70           1
        SFR31            00F80-00FEF              70           1
        SFR4             00200-0021F              20           1
        SFR5             00280-0029F              20           1
        SFR6             00300-0031F              20           1
        SFR7             00380-0039F              20           1
        SFR8             00400-0041F              20           1
        SFR9             00480-0049F              20           1
        STACK            02160-023EF             290           1
        STRCODE          00002-00003               2           2
                         0084A-00913              CA
                         01000-01FFF            1000
        STRING           00002-00003               2           2
                         0084A-00913              B6
                         01000-01FFF             100

                                  Symbol Table

APP_DeviceAudioMIDITasks@scan_pitch       cstackBANK0  00069
APP_DeviceAudioMIDITasks@velocity         cstackBANK0  0006A
APP_LEDUpdateUSBStatus@ledCount           bssBANK1     000E0
BUTTON_Enable@button                      cstackCOMMON 00071
BUTTON_IsPressed@button                   cstackCOMMON 00071
LED_Enable@led                            cstackCOMMON 00071
LED_Off@led                               cstackCOMMON 00071
LED_On@led                                cstackCOMMON 00071
SYSTEM_Initialize@state                   cstackCOMMON 00072
USBConfigureEndpoint@EPNum                cstackCOMMON 00076
USBConfigureEndpoint@direction            cstackCOMMON 00071
USBConfigureEndpoint@handle               cstackCOMMON 00077
USBCtrlEPService@setup_cnt                cstackBANK0  00065
USBCtrlTrfInHandler@lastDTS               cstackCOMMON 00076
USBCtrlTrfRxService@byteToRead            cstackCOMMON 00076
USBCtrlTrfRxService@i                     cstackCOMMON 00075
USBCtrlTrfTxService@byteToSend            cstackCOMMON 00073
USBDeviceInit@i                           cstackCOMMON 00075
USBDeviceInit@i_1659                      cstackCOMMON 00074
USBDeviceInit@p                           cstackCOMMON 00072
USBDeviceTasks@i                          cstackBANK0  00068
USBEnableEndpoint@ep                      cstackBANK0  00052
USBEnableEndpoint@options                 cstackCOMMON 00078
USBEnableEndpoint@p                       cstackBANK0  00050
USBStdFeatureReqHandler@current_ep_data   cstackBANK0  0005E
USBStdFeatureReqHandler@p                 cstackBANK0  0005F
USBStdFeatureReqHandler@pUEP              cstackBANK0  0005C
USBStdGetStatusHandler@p                  cstackCOMMON 00072
USBStdSetCfgHandler@i                     cstackBANK0  0005D
USBStdSetCfgHandler@i_1990                cstackBANK0  0005C
USBStdSetCfgHandler@p                     cstackBANK0  0005A
USBTransferOnePacket@data                 cstackCOMMON 00072
USBTransferOnePacket@dir                  cstackCOMMON 00071
USBTransferOnePacket@ep                   cstackCOMMON 00077
USBTransferOnePacket@handle               cstackCOMMON 00078
USBTransferOnePacket@len                  cstackCOMMON 00074
USER_USB_CALLBACK_EVENT_HANDLER@event     cstackBANK0  00055
USER_USB_CALLBACK_EVENT_HANDLER@pdata     cstackBANK0  00057
USER_USB_CALLBACK_EVENT_HANDLER@size      cstackBANK0  00058
_ACTCON                                   (abs)        0039B
_ADCON0                                   (abs)        0009D
_ADCON0bits                               (abs)        0009D
_ADCON1                                   (abs)        0009E
_ADCON1bits                               (abs)        0009E
_ADCON2                                   (abs)        0009F
_ADCON2bits                               (abs)        0009F
_ADRESH                                   (abs)        0009C
_ADRESL                                   (abs)        0009B
_ANSELA                                   (abs)        0018C
_ANSELAbits                               (abs)        0018C
_ANSELCbits                               (abs)        0018E
_APP_DeviceAudioMIDIInitialize            text19       00ABD
_APP_DeviceAudioMIDISOFHandler            text18       00930
_APP_DeviceAudioMIDITasks                 text30       00035
_APP_DeviceAudioMIDITasks$485             cstackBANK0  00063
_APP_DeviceAudioMIDITasks$526             cstackBANK0  00065
_APP_DeviceAudioMIDITasks$527             cstackBANK0  00067
_APP_LEDUpdateUSBStatus                   text17       00C00
_BDT                                      (abs)        00020
_BUTTON_Enable                            text29       00937
_BUTTON_IsPressed                         text46       00957
_BothEP0OutUOWNsSet                       bssBANK2     0014F
_CtrlTrfData                              (abs)        00048
_INTCONbits                               (abs)        0000B
_LATCbits                                 (abs)        0010E
_LED_Enable                               text28       00A17
_LED_Off                                  text36       009DF
_LED_On                                   text35       009FB
_OPTION_REGbits                           (abs)        00095
_OSCCON                                   (abs)        00099
_PIE1bits                                 (abs)        00091
_PIE2bits                                 (abs)        00092
_PIR2bits                                 (abs)        00012
_PORTAbits                                (abs)        0000C
_ReceivedDataBuffer                       (abs)        000A0
_RemoteWakeup                             bssBANK2     00150
_SYSTEM_Initialize                        text27       00A97
_SYS_InterruptHigh                        intentry     00004
_SetupPkt                                 (abs)        00040
_TMR0                                     (abs)        00015
_TRISAbits                                (abs)        0008C
_TRISCbits                                (abs)        0008E
_UADDR                                    (abs)        00E96
_UCFG                                     (abs)        00E91
_UCON                                     (abs)        00E8E
_UCONbits                                 (abs)        00E8E
_UEIE                                     (abs)        00E97
_UEIR                                     (abs)        00E93
_UEP0                                     (abs)        00E98
_UEP0bits                                 (abs)        00E98
_UEP1                                     (abs)        00E99
_UIE                                      (abs)        00E92
_UIEbits                                  (abs)        00E92
_UIR                                      (abs)        00E90
_UIRbits                                  (abs)        00E90
_USBActiveConfiguration                   bssBANK1     000EE
_USBAlternateInterface                    bssBANK1     000EF
_USBBusIsSuspended                        bssBANK2     00151
_USBCheckStdRequest                       text10       0079E
_USBConfigureEndpoint                     text21       00B80
_USBCtrlEPAllowDataStage                  text9        00CEA
_USBCtrlEPAllowStatusStage                text24       00DA5
_USBCtrlEPService                         text6        00285
_USBCtrlEPServiceComplete                 text8        00F7A
_USBCtrlTrfInHandler                      text25       00D3E
_USBCtrlTrfOutHandler                     text22       00AE8
_USBCtrlTrfRxService                      text23       0070C
_USBCtrlTrfSetupHandler                   text7        00BBF
_USBCtrlTrfTxService                      text26       00E0D
_USBDeferINDataStagePackets               bssBANK2     00152
_USBDeferOUTDataStagePackets              bssBANK2     00153
_USBDeferStatusStagePacket                bssBANK1     000E2
_USBDeviceInit                            text5        0066D
_USBDeviceState                           bssBANK0     0006D
_USBDeviceTasks                           text1        003F5
_USBEnableEndpoint                        text20       00A50
_USBRxHandle                              bssBANK2     00154
_USBStallHandler                          text4        00A73
_USBStatusStageEnabledFlag1               bssBANK2     00155
_USBStatusStageEnabledFlag2               bssBANK2     00156
_USBStatusStageTimeoutCounter             bssBANK2     00157
_USBStdFeatureReqHandler                  text15       0017F
_USBStdGetDscHandler                      text14       00E7C
_USBStdGetStatusHandler                   text13       00C4D
_USBStdSetCfgHandler                      text11       00EFB
_USBSuspend                               text3        00981
_USBTransferOnePacket                     text45       00C9A
_USBTxHandle                              bssBANK1     000E3
_USBWakeFromSuspend                       text2        009AD
_USB_CD_Ptr                               stringtext   00326
_USB_SD_Ptr                               stringtext   00320
_USER_USB_CALLBACK_EVENT_HANDLER          text16       00B47
_USTAT                                    (abs)        00E8F
_USTATcopy                                bssBANK0     0006F
_WPUAbits                                 (abs)        0020C
__CFG_BOREN$ON                            (abs)        00000
__CFG_BORV$LO                             (abs)        00000
__CFG_CLKOUTEN$OFF                        (abs)        00000
__CFG_CP$OFF                              (abs)        00000
__CFG_CPUDIV$NOCLKDIV                     (abs)        00000
__CFG_FCMEN$OFF                           (abs)        00000
__CFG_FOSC$INTOSC                         (abs)        00000
__CFG_IESO$OFF                            (abs)        00000
__CFG_LPBOR$OFF                           (abs)        00000
__CFG_LVP$OFF                             (abs)        00000
__CFG_MCLRE$OFF                           (abs)        00000
__CFG_PLLEN$ENABLED                       (abs)        00000
__CFG_PLLMULT$3x                          (abs)        00000
__CFG_PWRTE$OFF                           (abs)        00000
__CFG_STVREN$ON                           (abs)        00000
__CFG_USBLSCLK$48MHz                      (abs)        00000
__CFG_WDTE$OFF                            (abs)        00000
__CFG_WRT$OFF                             (abs)        00000
__Habs1                                   abs1         00000
__Hbank0                                  bank0        00000
__Hbank1                                  bank1        00000
__Hbank10                                 bank10       00000
__Hbank11                                 bank11       00000
__Hbank12                                 bank12       00000
__Hbank13                                 bank13       00000
__Hbank14                                 bank14       00000
__Hbank15                                 bank15       00000
__Hbank16                                 bank16       00000
__Hbank17                                 bank17       00000
__Hbank18                                 bank18       00000
__Hbank19                                 bank19       00000
__Hbank2                                  bank2        00000
__Hbank20                                 bank20       00000
__Hbank21                                 bank21       00000
__Hbank22                                 bank22       00000
__Hbank23                                 bank23       00000
__Hbank24                                 bank24       00000
__Hbank25                                 bank25       00000
__Hbank26                                 bank26       00000
__Hbank27                                 bank27       00000
__Hbank28                                 bank28       00000
__Hbank29                                 bank29       00000
__Hbank3                                  bank3        00000
__Hbank30                                 bank30       00000
__Hbank31                                 bank31       00000
__Hbank4                                  bank4        00000
__Hbank5                                  bank5        00000
__Hbank6                                  bank6        00000
__Hbank7                                  bank7        00000
__Hbank8                                  bank8        00000
__Hbank9                                  bank9        00000
__Hbigram                                 bigram       00000
__HbssBANK0                               bssBANK0     00000
__HbssBANK1                               bssBANK1     00000
__HbssBANK2                               bssBANK2     00000
__HbssBANK3                               bssBANK3     00000
__HbssBANK4                               bssBANK4     00000
__HbssCOMMON                              bssCOMMON    00000
__Hcinit                                  cinit        00035
__Hclrtext                                clrtext      00000
__Hcode                                   code         00000
__Hcommon                                 common       00000
__Hconfig                                 config       08009
__HcstackBANK0                            cstackBANK0  00000
__HcstackCOMMON                           cstackCOMMON 00000
__Heeprom_data                            eeprom_data  00000
__Hend_init                               end_init     0000D
__Hfunctab                                functab      00000
__Hidloc                                  idloc        00000
__Hinit                                   init         0000B
__Hintentry                               intentry     0000B
__Hmaintext                               maintext     00000
__Hpowerup                                powerup      00000
__Hram                                    ram          00000
__Hreset_vec                              reset_vec    00002
__Hsfr0                                   sfr0         00000
__Hsfr1                                   sfr1         00000
__Hsfr10                                  sfr10        00000
__Hsfr11                                  sfr11        00000
__Hsfr12                                  sfr12        00000
__Hsfr13                                  sfr13        00000
__Hsfr14                                  sfr14        00000
__Hsfr15                                  sfr15        00000
__Hsfr16                                  sfr16        00000
__Hsfr17                                  sfr17        00000
__Hsfr18                                  sfr18        00000
__Hsfr19                                  sfr19        00000
__Hsfr2                                   sfr2         00000
__Hsfr20                                  sfr20        00000
__Hsfr21                                  sfr21        00000
__Hsfr22                                  sfr22        00000
__Hsfr23                                  sfr23        00000
__Hsfr24                                  sfr24        00000
__Hsfr25                                  sfr25        00000
__Hsfr26                                  sfr26        00000
__Hsfr27                                  sfr27        00000
__Hsfr28                                  sfr28        00000
__Hsfr29                                  sfr29        00000
__Hsfr3                                   sfr3         00000
__Hsfr30                                  sfr30        00000
__Hsfr31                                  sfr31        00000
__Hsfr4                                   sfr4         00000
__Hsfr5                                   sfr5         00000
__Hsfr6                                   sfr6         00000
__Hsfr7                                   sfr7         00000
__Hsfr8                                   sfr8         00000
__Hsfr9                                   sfr9         00000
__Hspace_0                                (abs)        08009
__Hspace_1                                (abs)        00240
__Hspace_2                                (abs)        00000
__Hspace_3                                (abs)        00000
__Hstack                                  stack        00000
__Hstrings                                strings      00000
__Hstringtext                             stringtext   00000
__Htext                                   text         00000
__Labs1                                   abs1         00000
__Lbank0                                  bank0        00000
__Lbank1                                  bank1        00000
__Lbank10                                 bank10       00000
__Lbank11                                 bank11       00000
__Lbank12                                 bank12       00000
__Lbank13                                 bank13       00000
__Lbank14                                 bank14       00000
__Lbank15                                 bank15       00000
__Lbank16                                 bank16       00000
__Lbank17                                 bank17       00000
__Lbank18                                 bank18       00000
__Lbank19                                 bank19       00000
__Lbank2                                  bank2        00000
__Lbank20                                 bank20       00000
__Lbank21                                 bank21       00000
__Lbank22                                 bank22       00000
__Lbank23                                 bank23       00000
__Lbank24                                 bank24       00000
__Lbank25                                 bank25       00000
__Lbank26                                 bank26       00000
__Lbank27                                 bank27       00000
__Lbank28                                 bank28       00000
__Lbank29                                 bank29       00000
__Lbank3                                  bank3        00000
__Lbank30                                 bank30       00000
__Lbank31                                 bank31       00000
__Lbank4                                  bank4        00000
__Lbank5                                  bank5        00000
__Lbank6                                  bank6        00000
__Lbank7                                  bank7        00000
__Lbank8                                  bank8        00000
__Lbank9                                  bank9        00000
__Lbigram                                 bigram       00000
__LbssBANK0                               bssBANK0     00000
__LbssBANK1                               bssBANK1     00000
__LbssBANK2                               bssBANK2     00000
__LbssBANK3                               bssBANK3     00000
__LbssBANK4                               bssBANK4     00000
__LbssCOMMON                              bssCOMMON    00000
__Lcinit                                  cinit        0000D
__Lclrtext                                clrtext      00000
__Lcode                                   code         00000
__Lcommon                                 common       00000
__Lconfig                                 config       08007
__LcstackBANK0                            cstackBANK0  00000
__LcstackCOMMON                           cstackCOMMON 00000
__Leeprom_data                            eeprom_data  00000
__Lend_init                               end_init     0000B
__Lfunctab                                functab      00000
__Lidloc                                  idloc        00000
__Linit                                   init         0000B
__Lintentry                               intentry     00004
__Lmaintext                               maintext     00000
__Lpowerup                                powerup      00000
__Lram                                    ram          00000
__Lreset_vec                              reset_vec    00000
__Lsfr0                                   sfr0         00000
__Lsfr1                                   sfr1         00000
__Lsfr10                                  sfr10        00000
__Lsfr11                                  sfr11        00000
__Lsfr12                                  sfr12        00000
__Lsfr13                                  sfr13        00000
__Lsfr14                                  sfr14        00000
__Lsfr15                                  sfr15        00000
__Lsfr16                                  sfr16        00000
__Lsfr17                                  sfr17        00000
__Lsfr18                                  sfr18        00000
__Lsfr19                                  sfr19        00000
__Lsfr2                                   sfr2         00000
__Lsfr20                                  sfr20        00000
__Lsfr21                                  sfr21        00000
__Lsfr22                                  sfr22        00000
__Lsfr23                                  sfr23        00000
__Lsfr24                                  sfr24        00000
__Lsfr25                                  sfr25        00000
__Lsfr26                                  sfr26        00000
__Lsfr27                                  sfr27        00000
__Lsfr28                                  sfr28        00000
__Lsfr29                                  sfr29        00000
__Lsfr3                                   sfr3         00000
__Lsfr30                                  sfr30        00000
__Lsfr31                                  sfr31        00000
__Lsfr4                                   sfr4         00000
__Lsfr5                                   sfr5         00000
__Lsfr6                                   sfr6         00000
__Lsfr7                                   sfr7         00000
__Lsfr8                                   sfr8         00000
__Lsfr9                                   sfr9         00000
__Lspace_0                                (abs)        00000
__Lspace_1                                (abs)        00000
__Lspace_2                                (abs)        00000
__Lspace_3                                (abs)        00000
__Lstack                                  stack        00000
__Lstrings                                strings      00000
__Lstringtext                             stringtext   00000
__Ltext                                   text         00000
__S0                                      (abs)        08009
__S1                                      (abs)        00240
__S2                                      (abs)        00000
___int_sp                                 stack        00000
___latbits                                (abs)        00002
___sp                                     stack        00000
__end_of_APP_DeviceAudioMIDIInitialize    text19       00AE8
__end_of_APP_DeviceAudioMIDISOFHandler    text18       00937
__end_of_APP_DeviceAudioMIDITasks         text30       0017F
__end_of_APP_LEDUpdateUSBStatus           text17       00C4D
__end_of_BUTTON_Enable                    text29       00945
__end_of_BUTTON_IsPressed                 text46       0096C
__end_of_LED_Enable                       text28       00A33
__end_of_LED_Off                          text36       009FB
__end_of_LED_On                           text35       00A17
__end_of_SYSTEM_Initialize                text27       00ABD
__end_of_SYS_InterruptHigh                intentry     0000B
__end_of_USBCheckStdRequest               text10       007F5
__end_of_USBConfigureEndpoint             text21       00BBF
__end_of_USBCtrlEPAllowDataStage          text9        00D3E
__end_of_USBCtrlEPAllowStatusStage        text24       00E0D
__end_of_USBCtrlEPService                 text6        002F5
__end_of_USBCtrlEPServiceComplete         text8        01000
__end_of_USBCtrlTrfInHandler              text25       00DA5
__end_of_USBCtrlTrfOutHandler             text22       00B17
__end_of_USBCtrlTrfRxService              text23       0079E
__end_of_USBCtrlTrfSetupHandler           text7        00C00
__end_of_USBCtrlTrfTxService              text26       00E7C
__end_of_USBDeviceInit                    text5        0070C
__end_of_USBDeviceTasks                   text1        004E3
__end_of_USBEnableEndpoint                text20       00A73
__end_of_USBStallHandler                  text4        00A97
__end_of_USBStdFeatureReqHandler          text15       00285
__end_of_USBStdGetDscHandler              text14       00EFB
__end_of_USBStdGetStatusHandler           text13       00C9A
__end_of_USBStdSetCfgHandler              text11       00F7A
__end_of_USBSuspend                       text3        00997
__end_of_USBTransferOnePacket             text45       00CEA
__end_of_USBWakeFromSuspend               text2        009C5
__end_of_USB_CD_Ptr                       stringtext   00328
__end_of_USB_SD_Ptr                       stringtext   00326
__end_of_USER_USB_CALLBACK_EVENT_HANDLER  text16       00B80
__end_of__initialization                  cinit        00032
__end_of_configDescriptor1                stringtext   00391
__end_of_device_dsc                       stringtext   003F1
__end_of_get_adc                          text44       00917
__end_of_get_data                         text43       0091C
__end_of_is_adc_ready                     text42       00929
__end_of_is_end_of_scan                   text41       00981
__end_of_main                             maintext     009AD
__end_of_memset                           text12       009DF
__end_of_process_level                    text34       005C0
__end_of_run_adc                          text40       00930
__end_of_scan_init                        text39       00A50
__end_of_scan_task                        text31       0066D
__end_of_sd000                            stringtext   003F5
__end_of_sd001                            stringtext   003C5
__end_of_sd002                            stringtext   003DF
__end_of_set_clock_and_data               text38       00957
__end_of_set_timer                        text37       00300
__end_of_store_key_level                  text33       00B47
__end_of_waiting_for_timer                text32       00800
__end_ofprocess_level@L                   stringtext   00329
__end_ofprocess_level@idx_midi_map        stringtext   00320
__end_ofprocess_level@key_off_threshold   stringtext   0032A
__end_ofprocess_level@key_on_threshold    stringtext   0032B
__end_ofprocess_level@midi_shift          stringtext   0032C
__initialization                          cinit        0000D
__pbssBANK0                               bssBANK0     0006B
__pbssBANK1                               bssBANK1     000E0
__pbssBANK2                               bssBANK2     00120
__pbssBANK3                               bssBANK3     001A4
__pbssBANK4                               bssBANK4     00220
__pbssCOMMON                              bssCOMMON    0007C
__pcstackBANK0                            cstackBANK0  00050
__pcstackCOMMON                           cstackCOMMON 00070
__pintentry                               intentry     00004
__pmaintext                               maintext     00997
__pstringtext                             stringtext   00300
__pswtext1                                swtext1      00800
__pswtext2                                swtext2      0081A
__pswtext3                                swtext3      00826
__pswtext4                                swtext4      00832
__pswtext5                                swtext5      0083E
__ptext1                                  text1        003F5
__ptext10                                 text10       0079E
__ptext11                                 text11       00EFB
__ptext12                                 text12       009C5
__ptext13                                 text13       00C4D
__ptext14                                 text14       00E7C
__ptext15                                 text15       0017F
__ptext16                                 text16       00B47
__ptext17                                 text17       00C00
__ptext18                                 text18       00930
__ptext19                                 text19       00ABD
__ptext2                                  text2        009AD
__ptext20                                 text20       00A50
__ptext21                                 text21       00B80
__ptext22                                 text22       00AE8
__ptext23                                 text23       0070C
__ptext24                                 text24       00DA5
__ptext25                                 text25       00D3E
__ptext26                                 text26       00E0D
__ptext27                                 text27       00A97
__ptext28                                 text28       00A17
__ptext29                                 text29       00937
__ptext3                                  text3        00981
__ptext30                                 text30       00035
__ptext31                                 text31       005C0
__ptext32                                 text32       007F5
__ptext33                                 text33       00B17
__ptext34                                 text34       004E3
__ptext35                                 text35       009FB
__ptext36                                 text36       009DF
__ptext37                                 text37       002F5
__ptext38                                 text38       00945
__ptext39                                 text39       00A33
__ptext4                                  text4        00A73
__ptext40                                 text40       00929
__ptext41                                 text41       0096C
__ptext42                                 text42       00922
__ptext43                                 text43       00917
__ptext44                                 text44       00914
__ptext45                                 text45       00C9A
__ptext46                                 text46       00957
__ptext5                                  text5        0066D
__ptext6                                  text6        00285
__ptext7                                  text7        00BBF
__ptext8                                  text8        00F7A
__ptext9                                  text9        00CEA
__size_of_APP_DeviceAudioMIDIInitialize   (abs)        00000
__size_of_APP_DeviceAudioMIDISOFHandler   (abs)        00000
__size_of_APP_DeviceAudioMIDITasks        (abs)        00000
__size_of_APP_LEDUpdateUSBStatus          (abs)        00000
__size_of_BUTTON_Enable                   (abs)        00000
__size_of_BUTTON_IsPressed                (abs)        00000
__size_of_LED_Enable                      (abs)        00000
__size_of_LED_Off                         (abs)        00000
__size_of_LED_On                          (abs)        00000
__size_of_SYSTEM_Initialize               (abs)        00000
__size_of_SYS_InterruptHigh               (abs)        00000
__size_of_USBCheckStdRequest              (abs)        00000
__size_of_USBConfigureEndpoint            (abs)        00000
__size_of_USBCtrlEPAllowDataStage         (abs)        00000
__size_of_USBCtrlEPAllowStatusStage       (abs)        00000
__size_of_USBCtrlEPService                (abs)        00000
__size_of_USBCtrlEPServiceComplete        (abs)        00000
__size_of_USBCtrlTrfInHandler             (abs)        00000
__size_of_USBCtrlTrfOutHandler            (abs)        00000
__size_of_USBCtrlTrfRxService             (abs)        00000
__size_of_USBCtrlTrfSetupHandler          (abs)        00000
__size_of_USBCtrlTrfTxService             (abs)        00000
__size_of_USBDeviceInit                   (abs)        00000
__size_of_USBDeviceTasks                  (abs)        00000
__size_of_USBEnableEndpoint               (abs)        00000
__size_of_USBStallHandler                 (abs)        00000
__size_of_USBStdFeatureReqHandler         (abs)        00000
__size_of_USBStdGetDscHandler             (abs)        00000
__size_of_USBStdGetStatusHandler          (abs)        00000
__size_of_USBStdSetCfgHandler             (abs)        00000
__size_of_USBSuspend                      (abs)        00000
__size_of_USBTransferOnePacket            (abs)        00000
__size_of_USBWakeFromSuspend              (abs)        00000
__size_of_USER_USB_CALLBACK_EVENT_HANDLER (abs)        00000
__size_of_get_adc                         (abs)        00000
__size_of_get_data                        (abs)        00000
__size_of_is_adc_ready                    (abs)        00000
__size_of_is_end_of_scan                  (abs)        00000
__size_of_main                            (abs)        00000
__size_of_memset                          (abs)        00000
__size_of_process_level                   (abs)        00000
__size_of_run_adc                         (abs)        00000
__size_of_scan_init                       (abs)        00000
__size_of_scan_task                       (abs)        00000
__size_of_set_clock_and_data              (abs)        00000
__size_of_set_timer                       (abs)        00000
__size_of_store_key_level                 (abs)        00000
__size_of_waiting_for_timer               (abs)        00000
_adc_levels                               bssBANK4     00220
_configDescriptor1                        stringtext   0032C
_controlTransferState                     bssBANK1     000E4
_device_dsc                               stringtext   003DF
_endpoint_number                          bssBANK2     00158
_ep_data_in                               bssBANK2     00147
_ep_data_out                              bssBANK2     00149
_get_adc                                  text44       00914
_get_data                                 text43       00917
_inPipes                                  bssBANK1     000E9
_is_adc_ready                             text42       00922
_is_end_of_scan                           text41       0096C
_is_initialized                           bssBANK2     00159
_main                                     maintext     00997
_memset                                   text12       009C5
_midiData                                 (abs)        001A0
_msCounter                                bssBANK1     000E5
_note_event                               bssBANK2     0014B
_outPipes                                 bssBANK2     00140
_pBDTEntryEP0OutCurrent                   bssBANK0     0006E
_pBDTEntryEP0OutNext                      bssCOMMON    0007C
_pBDTEntryIn                              bssBANK0     0006B
_pBDTEntryOut                             bssBANK2     0014D
_pDst                                     bssBANK2     0015A
_pitch                                    bssBANK1     000E6
_process_level                            text34       004E3
_process_level$882                        cstackBANK0  00057
_process_level$883                        cstackBANK0  00054
_run_adc                                  text40       00929
_scan_init                                text39       00A33
_scan_task                                text31       005C0
_scan_task$901                            cstackBANK0  0005C
_scan_task$905                            cstackBANK0  0005E
_sd000                                    stringtext   003F1
_sd001                                    stringtext   00391
_sd002                                    stringtext   003C5
_sentNoteOff                              bssBANK2     0015B
_set_clock_and_data                       text38       00945
_set_timer                                text37       002F5
_shortPacketStatus                        bssBANK1     000E7
_store_key_level                          text33       00B17
_wait_timer                               bssBANK2     0015C
_waiting_for_timer                        text32       007F5
_waiting_for_timer$845                    cstackCOMMON 00071
btemp                                     (abs)        0007E
clear_ram0                                clrtext      0091C
end_of_initialization                     cinit        00032
intlevel0                                 functab      00000
intlevel1                                 functab      00000
intlevel2                                 functab      00000
intlevel3                                 functab      00000
intlevel4                                 functab      00000
intlevel5                                 functab      00000
is_end_of_scan@res                        cstackCOMMON 00073
is_end_of_scan@scan_counter               bssBANK2     0015D
ltemp                                     (abs)        0007E
ltemp0                                    (abs)        0007E
ltemp1                                    (abs)        00082
ltemp2                                    (abs)        00086
ltemp3                                    (abs)        00080
memset@c                                  cstackCOMMON 00071
memset@n                                  cstackCOMMON 00073
memset@p                                  cstackCOMMON 00076
memset@p1                                 cstackCOMMON 00077
process_level@L                           stringtext   00328
process_level@current_state               cstackBANK0  00052
process_level@filtered_state              cstackBANK0  00059
process_level@idx_key                     cstackBANK0  0005A
process_level@idx_midi_map                stringtext   00300
process_level@key_off_counter             bssBANK3     001A4
process_level@key_off_threshold           stringtext   00329
process_level@key_on_counter              bssBANK3     001C4
process_level@key_on_threshold            stringtext   0032A
process_level@key_states                  bssBANK2     00120
process_level@midi_shift                  stringtext   0032B
process_level@new_level                   cstackCOMMON 00073
process_level@off_flag                    cstackBANK0  00056
process_level@old_level                   cstackCOMMON 00072
process_level@old_state                   cstackBANK0  00050
process_level@on_flag                     cstackBANK0  00058
reset_vec                                 reset_vec    00000
scan_task@note                            cstackBANK0  00060
scan_task@state                           bssBANK2     0015E
scan_task@velocity                        cstackBANK0  0005B
set_clock_and_data@c                      cstackCOMMON 00072
set_clock_and_data@d                      cstackCOMMON 00071
stackhi                                   (abs)        023EF
stacklo                                   (abs)        02160
start                                     init         0000B
start_initialization                      cinit        0000D
store_key_level@end_of_scan               cstackCOMMON 00077
store_key_level@idx_key                   bssBANK1     000E8
store_key_level@level                     cstackCOMMON 0007A
ttemp                                     (abs)        0007E
ttemp0                                    (abs)        0007E
ttemp1                                    (abs)        00081
ttemp2                                    (abs)        00084
ttemp3                                    (abs)        00087
ttemp4                                    (abs)        0007F
wtemp                                     (abs)        0007E
wtemp0                                    (abs)        0007E
wtemp1                                    (abs)        00080
wtemp2                                    (abs)        00082
wtemp3                                    (abs)        00084
wtemp4                                    (abs)        00086
wtemp5                                    (abs)        00088
wtemp6                                    (abs)        0007F


FUNCTION INFORMATION:

 *************** function _main *****************
 Defined at:
		line 34 in file "../src/main.c"
 Parameters:    Size  Location     Type
		None
 Auto vars:     Size  Location     Type
		None
 Return value:  Size  Location     Type
		None               void
 Registers used:
		wreg, fsr0l, fsr0h, fsr1l, fsr1h, status,2, status,0, pclath, cstack
 Tracked objects:
		On entry : 
		On exit  : 
		Unchanged: 
 Data sizes:     COMMON   BANK0   BANK1   BANK2   BANK3   BANK4   BANK5   BANK6   BANK7   BANK8   BANK9  BANK10  BANK11  BANK12
      Params:         0       0       0       0       0       0       0       0       0       0       0       0       0       0
      Locals:         0       0       0       0       0       0       0       0       0       0       0       0       0       0
      Temps:          0       0       0       0       0       0       0       0       0       0       0       0       0       0
      Totals:         0       0       0       0       0       0       0       0       0       0       0       0       0       0
Total ram usage:        0 bytes
 Hardware stack levels required when called:   10
 This function calls:
		_APP_DeviceAudioMIDITasks
		_SYSTEM_Initialize
		_USBDeviceInit
		_USBDeviceTasks
 This function is called by:
		Startup code after reset
 This function uses a non-reentrant model


 *************** function _USBDeviceTasks *****************
 Defined at:
		line 489 in file "../../../../../../framework/usb/src/usb_device.c"
 Parameters:    Size  Location     Type
		None
 Auto vars:     Size  Location     Type
  i               1   24[BANK0 ] unsigned char 
 Return value:  Size  Location     Type
		None               void
 Registers used:
		wreg, fsr0l, fsr0h, fsr1l, fsr1h, status,2, status,0, pclath, cstack
 Tracked objects:
		On entry : 
		On exit  : 
		Unchanged: 
 Data sizes:     COMMON   BANK0   BANK1   BANK2   BANK3   BANK4   BANK5   BANK6   BANK7   BANK8   BANK9  BANK10  BANK11  BANK12
      Params:         0       0       0       0       0       0       0       0       0       0       0       0       0       0
      Locals:         0       1       0       0       0       0       0       0       0       0       0       0       0       0
      Temps:          0       2       0       0       0       0       0       0       0       0       0       0       0       0
      Totals:         0       3       0       0       0       0       0       0       0       0       0       0       0       0
Total ram usage:        3 bytes
 Hardware stack levels used:    1
 Hardware stack levels required when called:    9
 This function calls:
		_USBCtrlEPAllowStatusStage
		_USBCtrlEPService
		_USBDeviceInit
		_USBStallHandler
		_USBSuspend
		_USBWakeFromSuspend
		_USER_USB_CALLBACK_EVENT_HANDLER
 This function is called by:
		_main
 This function uses a non-reentrant model


 *************** function _USBWakeFromSuspend *****************
 Defined at:
		line 2302 in file "../../../../../../framework/usb/src/usb_device.c"
 Parameters:    Size  Location     Type
		None
 Auto vars:     Size  Location     Type
		None
 Return value:  Size  Location     Type
		None               void
 Registers used:
		wreg, fsr0l, fsr0h, fsr1l, fsr1h, status,2, status,0, pclath, cstack
 Tracked objects:
		On entry : 
		On exit  : 
		Unchanged: 
 Data sizes:     COMMON   BANK0   BANK1   BANK2   BANK3   BANK4   BANK5   BANK6   BANK7   BANK8   BANK9  BANK10  BANK11  BANK12
      Params:         0       0       0       0       0       0       0       0       0       0       0       0       0       0
      Locals:         0       0       0       0       0       0       0       0       0       0       0       0       0       0
      Temps:          1       0       0       0       0       0       0       0       0       0       0       0       0       0
      Totals:         1       0       0       0       0       0       0       0       0       0       0       0       0       0
Total ram usage:        1 bytes
 Hardware stack levels used:    1
 Hardware stack levels required when called:    5
 This function calls:
		_USER_USB_CALLBACK_EVENT_HANDLER
 This function is called by:
		_USBDeviceTasks
 This function uses a non-reentrant model


 *************** function _USBSuspend *****************
 Defined at:
		line 2245 in file "../../../../../../framework/usb/src/usb_device.c"
 Parameters:    Size  Location     Type
		None
 Auto vars:     Size  Location     Type
		None
 Return value:  Size  Location     Type
		None               void
 Registers used:
		wreg, fsr0l, fsr0h, fsr1l, fsr1h, status,2, status,0, pclath, cstack
 Tracked objects:
		On entry : 
		On exit  : 
		Unchanged: 
 Data sizes:     COMMON   BANK0   BANK1   BANK2   BANK3   BANK4   BANK5   BANK6   BANK7   BANK8   BANK9  BANK10  BANK11  BANK12
      Params:         0       0       0       0       0       0       0       0       0       0       0       0       0       0
      Locals:         0       0       0       0       0       0       0       0       0       0       0       0       0       0
      Temps:          1       0       0       0       0       0       0       0       0       0       0       0       0       0
      Totals:         1       0       0       0       0       0       0       0       0       0       0       0       0       0
Total ram usage:        1 bytes
 Hardware stack levels used:    1
 Hardware stack levels required when called:    5
 This function calls:
		_USER_USB_CALLBACK_EVENT_HANDLER
 This function is called by:
		_USBDeviceTasks
 This function uses a non-reentrant model


 *************** function _USBStallHandler *****************
 Defined at:
		line 2202 in file "../../../../../../framework/usb/src/usb_device.c"
 Parameters:    Size  Location     Type
		None
 Auto vars:     Size  Location     Type
		None
 Return value:  Size  Location     Type
		None               void
 Registers used:
		wreg, fsr1l, fsr1h, status,2, status,0
 Tracked objects:
		On entry : 
		On exit  : 
		Unchanged: 
 Data sizes:     COMMON   BANK0   BANK1   BANK2   BANK3   BANK4   BANK5   BANK6   BANK7   BANK8   BANK9  BANK10  BANK11  BANK12
      Params:         0       0       0       0       0       0       0       0       0       0       0       0       0       0
      Locals:         0       0       0       0       0       0       0       0       0       0       0       0       0       0
      Temps:          1       0       0       0       0       0       0       0       0       0       0       0       0       0
      Totals:         1       0       0       0       0       0       0       0       0       0       0       0       0       0
Total ram usage:        1 bytes
 Hardware stack levels used:    1
 Hardware stack levels required when called:    1
 This function calls:
		Nothing
 This function is called by:
		_USBDeviceTasks
 This function uses a non-reentrant model


 *************** function _USBDeviceInit *****************
 Defined at:
		line 298 in file "../../../../../../framework/usb/src/usb_device.c"
 Parameters:    Size  Location     Type
		None
 Auto vars:     Size  Location     Type
  p               2    2[COMMON] PTR unsigned char 
		 -> UEP1(1), 
  i               1    4[COMMON] unsigned char 
  i               1    5[COMMON] unsigned char 
 Return value:  Size  Location     Type
		None               void
 Registers used:
		wreg, fsr1l, fsr1h, status,2, status,0
 Tracked objects:
		On entry : 
		On exit  : 
		Unchanged: 
 Data sizes:     COMMON   BANK0   BANK1   BANK2   BANK3   BANK4   BANK5   BANK6   BANK7   BANK8   BANK9  BANK10  BANK11  BANK12
      Params:         0       0       0       0       0       0       0       0       0       0       0       0       0       0
      Locals:         4       0       0       0       0       0       0       0       0       0       0       0       0       0
      Temps:          1       0       0       0       0       0       0       0       0       0       0       0       0       0
      Totals:         5       0       0       0       0       0       0       0       0       0       0       0       0       0
Total ram usage:        5 bytes
 Hardware stack levels used:    1
 Hardware stack levels required when called:    1
 This function calls:
		Nothing
 This function is called by:
		_main
		_USBDeviceTasks
 This function uses a non-reentrant model


 *************** function _USBCtrlEPService *****************
 Defined at:
		line 2369 in file "../../../../../../framework/usb/src/usb_device.c"
 Parameters:    Size  Location     Type
		None
 Auto vars:     Size  Location     Type
  setup_cnt       1   21[BANK0 ] unsigned char 
 Return value:  Size  Location     Type
		None               void
 Registers used:
		wreg, fsr0l, fsr0h, fsr1l, fsr1h, status,2, status,0, pclath, cstack
 Tracked objects:
		On entry : 
		On exit  : 
		Unchanged: 
 Data sizes:     COMMON   BANK0   BANK1   BANK2   BANK3   BANK4   BANK5   BANK6   BANK7   BANK8   BANK9  BANK10  BANK11  BANK12
      Params:         0       0       0       0       0       0       0       0       0       0       0       0       0       0
      Locals:         0       1       0       0       0       0       0       0       0       0       0       0       0       0
      Temps:          0       3       0       0       0       0       0       0       0       0       0       0       0       0
      Totals:         0       4       0       0       0       0       0       0       0       0       0       0       0       0
Total ram usage:        4 bytes
 Hardware stack levels used:    1
 Hardware stack levels required when called:    8
 This function calls:
		_USBCtrlTrfInHandler
		_USBCtrlTrfOutHandler
		_USBCtrlTrfSetupHandler
 This function is called by:
		_USBDeviceTasks
 This function uses a non-reentrant model


 *************** function _USBCtrlTrfSetupHandler *****************
 Defined at:
		line 2469 in file "../../../../../../framework/usb/src/usb_device.c"
 Parameters:    Size  Location     Type
		None
 Auto vars:     Size  Location     Type
		None
 Return value:  Size  Location     Type
		None               void
 Registers used:
		wreg, fsr0l, fsr0h, fsr1l, fsr1h, status,2, status,0, pclath, cstack
 Tracked objects:
		On entry : 
		On exit  : 
		Unchanged: 
 Data sizes:     COMMON   BANK0   BANK1   BANK2   BANK3   BANK4   BANK5   BANK6   BANK7   BANK8   BANK9  BANK10  BANK11  BANK12
      Params:         0       0       0       0       0       0       0       0       0       0       0       0       0       0
      Locals:         0       0       0       0       0       0       0       0       0       0       0       0       0       0
      Temps:          0       1       0       0       0       0       0       0       0       0       0       0       0       0
      Totals:         0       1       0       0       0       0       0       0       0       0       0       0       0       0
Total ram usage:        1 bytes
 Hardware stack levels used:    1
 Hardware stack levels required when called:    7
 This function calls:
		_USBCheckStdRequest
		_USBCtrlEPServiceComplete
		_USER_USB_CALLBACK_EVENT_HANDLER
 This function is called by:
		_USBCtrlEPService
 This function uses a non-reentrant model


 *************** function _USBCtrlEPServiceComplete *****************
 Defined at:
		line 1616 in file "../../../../../../framework/usb/src/usb_device.c"
 Parameters:    Size  Location     Type
		None
 Auto vars:     Size  Location     Type
		None
 Return value:  Size  Location     Type
		None               void
 Registers used:
		wreg, fsr0l, fsr0h, fsr1l, fsr1h, status,2, status,0, pclath, cstack
 Tracked objects:
		On entry : 
		On exit  : 
		Unchanged: 
 Data sizes:     COMMON   BANK0   BANK1   BANK2   BANK3   BANK4   BANK5   BANK6   BANK7   BANK8   BANK9  BANK10  BANK11  BANK12
      Params:         0       0       0       0       0       0       0       0       0       0       0       0       0       0
      Locals:         0       0       0       0       0       0       0       0       0       0       0       0       0       0
      Temps:          2       0       0       0       0       0       0       0       0       0       0       0       0       0
      Totals:         2       0       0       0       0       0       0       0       0       0       0       0       0       0
Total ram usage:        2 bytes
 Hardware stack levels used:    1
 Hardware stack levels required when called:    3
 This function calls:
		_USBCtrlEPAllowDataStage
		_USBCtrlEPAllowStatusStage
 This function is called by:
		_USBCtrlTrfSetupHandler
 This function uses a non-reentrant model


 *************** function _USBCtrlEPAllowDataStage *****************
 Defined at:
		line 1488 in file "../../../../../../framework/usb/src/usb_device.c"
 Parameters:    Size  Location     Type
		None
 Auto vars:     Size  Location     Type
		None
 Return value:  Size  Location     Type
		None               void
 Registers used:
		wreg, fsr0l, fsr0h, fsr1l, fsr1h, status,2, status,0, pclath, cstack
 Tracked objects:
		On entry : 
		On exit  : 
		Unchanged: 
 Data sizes:     COMMON   BANK0   BANK1   BANK2   BANK3   BANK4   BANK5   BANK6   BANK7   BANK8   BANK9  BANK10  BANK11  BANK12
      Params:         0       0       0       0       0       0       0       0       0       0       0       0       0       0
      Locals:         0       0       0       0       0       0       0       0       0       0       0       0       0       0
      Temps:          2       0       0       0       0       0       0       0       0       0       0       0       0       0
      Totals:         2       0       0       0       0       0       0       0       0       0       0       0       0       0
Total ram usage:        2 bytes
 Hardware stack levels used:    1
 Hardware stack levels required when called:    2
 This function calls:
		_USBCtrlTrfTxService
 This function is called by:
		_USBCtrlEPServiceComplete
 This function uses a non-reentrant model


 *************** function _USBCheckStdRequest *****************
 Defined at:
		line 2689 in file "../../../../../../framework/usb/src/usb_device.c"
 Parameters:    Size  Location     Type
		None
 Auto vars:     Size  Location     Type
		None
 Return value:  Size  Location     Type
		None               void
 Registers used:
		wreg, fsr0l, fsr0h, fsr1l, fsr1h, status,2, status,0, pclath, cstack
 Tracked objects:
		On entry : 
		On exit  : 
		Unchanged: 
[...]
 Defined at:
		line 84 in file "../../../../../../bsp/low_pin_count_usb_development_kit/pic16f1455/leds.c"
 Parameters:    Size  Location     Type
  led             1    wreg     enum E2
 Auto vars:     Size  Location     Type
  led             1    1[COMMON] enum E2
 Return value:  Size  Location     Type
		None               void
 Registers used:
		wreg, fsr0l, fsr0h, status,2, status,0
 Tracked objects:
		On entry : 
		On exit  : 
		Unchanged: 
 Data sizes:     COMMON   BANK0   BANK1   BANK2   BANK3   BANK4   BANK5   BANK6   BANK7   BANK8   BANK9  BANK10  BANK11  BANK12
      Params:         0       0       0       0       0       0       0       0       0       0       0       0       0       0
      Locals:         1       0       0       0       0       0       0       0       0       0       0       0       0       0
      Temps:          0       0       0       0       0       0       0       0       0       0       0       0       0       0
      Totals:         1       0       0       0       0       0       0       0       0       0       0       0       0       0
Total ram usage:        1 bytes
 Hardware stack levels used:    1
 Hardware stack levels required when called:    1
 This function calls:
		Nothing
 This function is called by:
		_APP_LEDUpdateUSBStatus
		_process_level
 This function uses a non-reentrant model


 *************** function _set_timer *****************
 Defined at:
		line 54 in file "../src/scan.c"
 Parameters:    Size  Location     Type
		None
 Auto vars:     Size  Location     Type
		None
 Return value:  Size  Location     Type
		None               void
 Registers used:
		status,2
 Tracked objects:
		On entry : 
		On exit  : 
		Unchanged: 
 Data sizes:     COMMON   BANK0   BANK1   BANK2   BANK3   BANK4   BANK5   BANK6   BANK7   BANK8   BANK9  BANK10  BANK11  BANK12
      Params:         0       0       0       0       0       0       0       0       0       0       0       0       0       0
      Locals:         0       0       0       0       0       0       0       0       0       0       0       0       0       0
      Temps:          0       0       0       0       0       0       0       0       0       0       0       0       0       0
      Totals:         0       0       0       0       0       0       0       0       0       0       0       0       0       0
Total ram usage:        0 bytes
 Hardware stack levels used:    1
 Hardware stack levels required when called:    1
 This function calls:
		Nothing
 This function is called by:
		_scan_task
 This function uses a non-reentrant model


 *************** function _set_clock_and_data *****************
 Defined at:
		line 67 in file "../src/scan.c"
 Parameters:    Size  Location     Type
  c               1    wreg     const unsigned char 
  d               1    1[COMMON] const unsigned char 
 Auto vars:     Size  Location     Type
  c               1    2[COMMON] const unsigned char 
 Return value:  Size  Location     Type
		None               void
 Registers used:
		wreg, status,2, status,0
 Tracked objects:
		On entry : 
		On exit  : 
		Unchanged: 
 Data sizes:     COMMON   BANK0   BANK1   BANK2   BANK3   BANK4   BANK5   BANK6   BANK7   BANK8   BANK9  BANK10  BANK11  BANK12
      Params:         1       0       0       0       0       0       0       0       0       0       0       0       0       0
      Locals:         1       0       0       0       0       0       0       0       0       0       0       0       0       0
      Temps:          0       0       0       0       0       0       0       0       0       0       0       0       0       0
      Totals:         2       0       0       0       0       0       0       0       0       0       0       0       0       0
Total ram usage:        2 bytes
 Hardware stack levels used:    1
 Hardware stack levels required when called:    1
 This function calls:
		Nothing
 This function is called by:
		_scan_task
 This function uses a non-reentrant model


 *************** function _scan_init *****************
 Defined at:
		line 31 in file "../src/scan.c"
 Parameters:    Size  Location     Type
		None
 Auto vars:     Size  Location     Type
		None
 Return value:  Size  Location     Type
		None               void
 Registers used:
		wreg, status,2, status,0
 Tracked objects:
		On entry : 
		On exit  : 
		Unchanged: 
 Data sizes:     COMMON   BANK0   BANK1   BANK2   BANK3   BANK4   BANK5   BANK6   BANK7   BANK8   BANK9  BANK10  BANK11  BANK12
      Params:         0       0       0       0       0       0       0       0       0       0       0       0       0       0
      Locals:         0       0       0       0       0       0       0       0       0       0       0       0       0       0
      Temps:          0       0       0       0       0       0       0       0       0       0       0       0       0       0
      Totals:         0       0       0       0       0       0       0       0       0       0       0       0       0       0
Total ram usage:        0 bytes
 Hardware stack levels used:    1
 Hardware stack levels required when called:    1
 This function calls:
		Nothing
 This function is called by:
		_scan_task
 This function uses a non-reentrant model


 *************** function _run_adc *****************
 Defined at:
		line 84 in file "../src/scan.c"
 Parameters:    Size  Location     Type
		None
 Auto vars:     Size  Location     Type
		None
 Return value:  Size  Location     Type
		None               void
 Registers used:
		wreg, status,2, status,0
 Tracked objects:
		On entry : 
		On exit  : 
		Unchanged: 
 Data sizes:     COMMON   BANK0   BANK1   BANK2   BANK3   BANK4   BANK5   BANK6   BANK7   BANK8   BANK9  BANK10  BANK11  BANK12
      Params:         0       0       0       0       0       0       0       0       0       0       0       0       0       0
      Locals:         0       0       0       0       0       0       0       0       0       0       0       0       0       0
      Temps:          0       0       0       0       0       0       0       0       0       0       0       0       0       0
      Totals:         0       0       0       0       0       0       0       0       0       0       0       0       0       0
Total ram usage:        0 bytes
 Hardware stack levels used:    1
 Hardware stack levels required when called:    1
 This function calls:
		Nothing
 This function is called by:
		_scan_task
 This function uses a non-reentrant model


 *************** function _is_end_of_scan *****************
 Defined at:
		line 76 in file "../src/scan.c"
 Parameters:    Size  Location     Type
		None
 Auto vars:     Size  Location     Type
  res             1    3[COMMON] unsigned char 
 Return value:  Size  Location     Type
                  1    wreg      unsigned char 
 Registers used:
		wreg, status,2, status,0
 Tracked objects:
		On entry : 
		On exit  : 
		Unchanged: 
 Data sizes:     COMMON   BANK0   BANK1   BANK2   BANK3   BANK4   BANK5   BANK6   BANK7   BANK8   BANK9  BANK10  BANK11  BANK12
      Params:         0       0       0       0       0       0       0       0       0       0       0       0       0       0
      Locals:         1       0       0       0       0       0       0       0       0       0       0       0       0       0
      Temps:          2       0       0       0       0       0       0       0       0       0       0       0       0       0
      Totals:         3       0       0       0       0       0       0       0       0       0       0       0       0       0
Total ram usage:        3 bytes
 Hardware stack levels used:    1
 Hardware stack levels required when called:    1
 This function calls:
		Nothing
 This function is called by:
		_scan_task
 This function uses a non-reentrant model


 *************** function _is_adc_ready *****************
 Defined at:
		line 89 in file "../src/scan.c"
 Parameters:    Size  Location     Type
		None
 Auto vars:     Size  Location     Type
		None
 Return value:  Size  Location     Type
                  1    wreg      unsigned char 
 Registers used:
		wreg, status,0
 Tracked objects:
		On entry : 
		On exit  : 
		Unchanged: 
 Data sizes:     COMMON   BANK0   BANK1   BANK2   BANK3   BANK4   BANK5   BANK6   BANK7   BANK8   BANK9  BANK10  BANK11  BANK12
      Params:         0       0       0       0       0       0       0       0       0       0       0       0       0       0
      Locals:         0       0       0       0       0       0       0       0       0       0       0       0       0       0
      Temps:          0       0       0       0       0       0       0       0       0       0       0       0       0       0
      Totals:         0       0       0       0       0       0       0       0       0       0       0       0       0       0
Total ram usage:        0 bytes
 Hardware stack levels used:    1
 Hardware stack levels required when called:    1
 This function calls:
		Nothing
 This function is called by:
		_scan_task
 This function uses a non-reentrant model


 *************** function _get_data *****************
 Defined at:
		line 72 in file "../src/scan.c"
 Parameters:    Size  Location     Type
		None
 Auto vars:     Size  Location     Type
		None
 Return value:  Size  Location     Type
                  1    wreg      unsigned char 
 Registers used:
		wreg, status,2, status,0
 Tracked objects:
		On entry : 
		On exit  : 
		Unchanged: 
 Data sizes:     COMMON   BANK0   BANK1   BANK2   BANK3   BANK4   BANK5   BANK6   BANK7   BANK8   BANK9  BANK10  BANK11  BANK12
      Params:         0       0       0       0       0       0       0       0       0       0       0       0       0       0
      Locals:         0       0       0       0       0       0       0       0       0       0       0       0       0       0
      Temps:          0       0       0       0       0       0       0       0       0       0       0       0       0       0
      Totals:         0       0       0       0       0       0       0       0       0       0       0       0       0       0
Total ram usage:        0 bytes
 Hardware stack levels used:    1
 Hardware stack levels required when called:    1
 This function calls:
		Nothing
 This function is called by:
		_scan_task
 This function uses a non-reentrant model


 *************** function _get_adc *****************
 Defined at:
		line 93 in file "../src/scan.c"
 Parameters:    Size  Location     Type
		None
 Auto vars:     Size  Location     Type
		None
 Return value:  Size  Location     Type
                  1    wreg      unsigned char 
 Registers used:
		wreg
 Tracked objects:
		On entry : 
		On exit  : 
		Unchanged: 
 Data sizes:     COMMON   BANK0   BANK1   BANK2   BANK3   BANK4   BANK5   BANK6   BANK7   BANK8   BANK9  BANK10  BANK11  BANK12
      Params:         0       0       0       0       0       0       0       0       0       0       0       0       0       0
      Locals:         0       0       0       0       0       0       0       0       0       0       0       0       0       0
      Temps:          0       0       0       0       0       0       0       0       0       0       0       0       0       0
      Totals:         0       0       0       0       0       0       0       0       0       0       0       0       0       0
Total ram usage:        0 bytes
 Hardware stack levels used:    1
 Hardware stack levels required when called:    1
 This function calls:
		Nothing
 This function is called by:
		_scan_task
 This function uses a non-reentrant model


 *************** function _USBTransferOnePacket *****************
 Defined at:
		line 995 in file "../../../../../../framework/usb/src/usb_device.c"
 Parameters:    Size  Location     Type
  ep              1    wreg     unsigned char 
  dir             1    1[COMMON] unsigned char 
  data            2    2[COMMON] PTR unsigned char 
		 -> midiData(4), ReceivedDataBuffer(64), 
  len             1    4[COMMON] unsigned char 
 Auto vars:     Size  Location     Type
  ep              1    7[COMMON] unsigned char 
  handle          1    8[COMMON] PTR volatile struct __BD
		 -> BDT(32), NULL(0), 
 Return value:  Size  Location     Type
                  1    wreg      PTR void 
 Registers used:
		wreg, fsr1l, fsr1h, status,2, status,0
 Tracked objects:
		On entry : 
		On exit  : 
		Unchanged: 
 Data sizes:     COMMON   BANK0   BANK1   BANK2   BANK3   BANK4   BANK5   BANK6   BANK7   BANK8   BANK9  BANK10  BANK11  BANK12
      Params:         4       0       0       0       0       0       0       0       0       0       0       0       0       0
      Locals:         2       0       0       0       0       0       0       0       0       0       0       0       0       0
      Temps:          2       0       0       0       0       0       0       0       0       0       0       0       0       0
      Totals:         8       0       0       0       0       0       0       0       0       0       0       0       0       0
Total ram usage:        8 bytes
 Hardware stack levels used:    1
 Hardware stack levels required when called:    1
 This function calls:
		Nothing
 This function is called by:
		_APP_DeviceAudioMIDIInitialize
		_APP_DeviceAudioMIDITasks
 This function uses a non-reentrant model


 *************** function _BUTTON_IsPressed *****************
 Defined at:
		line 33 in file "../../../../../../bsp/low_pin_count_usb_development_kit/pic16f1455/buttons.c"
 Parameters:    Size  Location     Type
  button          1    wreg     enum E2429
 Auto vars:     Size  Location     Type
  button          1    1[COMMON] enum E2429
 Return value:  Size  Location     Type
                  1    wreg      unsigned char 
 Registers used:
		wreg, fsr0l, fsr0h, status,2, status,0
 Tracked objects:
		On entry : 
		On exit  : 
		Unchanged: 
 Data sizes:     COMMON   BANK0   BANK1   BANK2   BANK3   BANK4   BANK5   BANK6   BANK7   BANK8   BANK9  BANK10  BANK11  BANK12
      Params:         0       0       0       0       0       0       0       0       0       0       0       0       0       0
      Locals:         1       0       0       0       0       0       0       0       0       0       0       0       0       0
      Temps:          0       0       0       0       0       0       0       0       0       0       0       0       0       0
      Totals:         1       0       0       0       0       0       0       0       0       0       0       0       0       0
Total ram usage:        1 bytes
 Hardware stack levels used:    1
 Hardware stack levels required when called:    1
 This function calls:
		Nothing
 This function is called by:
		_APP_DeviceAudioMIDITasks
 This function uses a non-reentrant model


 *************** function _SYS_InterruptHigh *****************
 Defined at:
		line 94 in file "../src/system_config/low_pin_count_usb_development_kit/pic16f1455/system.c"
 Parameters:    Size  Location     Type
		None
 Auto vars:     Size  Location     Type
		None
 Return value:  Size  Location     Type
		None               void
 Registers used:
		None
 Tracked objects:
		On entry : 
		On exit  : 
		Unchanged: 
 Data sizes:     COMMON   BANK0   BANK1   BANK2   BANK3   BANK4   BANK5   BANK6   BANK7   BANK8   BANK9  BANK10  BANK11  BANK12
      Params:         0       0       0       0       0       0       0       0       0       0       0       0       0       0
      Locals:         0       0       0       0       0       0       0       0       0       0       0       0       0       0
      Temps:          1       0       0       0       0       0       0       0       0       0       0       0       0       0
      Totals:         1       0       0       0       0       0       0       0       0       0       0       0       0       0
Total ram usage:        1 bytes
 Hardware stack levels used:    1
 This function calls:
		Nothing
 This function is called by:
		Interrupt level 1
 This function uses a non-reentrant model



MODULE INFORMATION

Module		Function		Class		Link	Load	Size
../src/system_config/low_pin_count_usb_development_kit/pic16f1455/system.c
		_SYS_InterruptH		CODE           	0004	0000	8
		_SYSTEM_Initial		CODE           	0A97	0000	39

../src/system_config/low_pin_count_usb_development_kit/pic16f1455/system.c estimated size: 47

../src/app_led_usb_status.c
		_APP_LEDUpdateU		CODE           	0C00	0000	78

../src/app_led_usb_status.c estimated size: 78

../../../../../../framework/usb/src/usb_device.c
		_USBCtrlTrfInHa		CODE           	0D3E	0000	104
		_USBTransferOne		CODE           	0C9A	0000	81
		_USBStdGetDscHa		CODE           	0E7C	0000	128
		_USBCtrlEPAllow		CODE           	0CEA	0000	85
		_USBStdFeatureR		CODE           	017F	0000	263
		_USBCtrlEPAllow		CODE           	0DA5	0000	105
		_USBCtrlTrfSetu		CODE           	0BBF	0000	66
		_USBCtrlTrfOutH		CODE           	0AE8	0000	48
		_USBCtrlEPServi		CODE           	0F7A	0000	135
		_USBSuspend    		CODE           	0981	0000	23
		_USBStdSetCfgHa		CODE           	0EFB	0000	128
		_USBStdGetStatu		CODE           	0C4D	0000	78
		_USBWakeFromSus		CODE           	09AD	0000	25
		_USBCtrlTrfRxSe		CODE           	070C	0000	147
		_USBCtrlTrfTxSe		CODE           	0E0D	0000	112
		_USBEnableEndpo		CODE           	0A50	0000	36
		_USBConfigureEn		CODE           	0B80	0000	64
		_USBDeviceInit 		CODE           	066D	0000	160
		_USBCtrlEPServi		CODE           	0285	0000	113
		_USBStallHandle		CODE           	0A73	0000	37
		_USBDeviceTasks		CODE           	03F5	0000	239
		_USBCheckStdReq		CODE           	079E	0000	88

../../../../../../framework/usb/src/usb_device.c estimated size: 2265

../src/app_device_audio_midi.c
		_APP_DeviceAudi		CODE           	0035	0000	331
		_APP_DeviceAudi		CODE           	0ABD	0000	44
		_APP_DeviceAudi		CODE           	0930	0000	8

../src/app_device_audio_midi.c estimated size: 383

../src/scan.c
		_waiting_for_ti		CODE           	07F5	0000	12
		_scan_task     		CODE           	05C0	0000	174
		_process_level 		CODE           	04E3	0000	222
		_scan_init     		CODE           	0A33	0000	30
		_is_end_of_scan		CODE           	096C	0000	22
		_set_clock_and_		CODE           	0945	0000	19
		_store_key_leve		CODE           	0B17	0000	49
		_get_adc       		CODE           	0914	0000	4
		_set_timer     		CODE           	02F5	0000	12
		_is_adc_ready  		CODE           	0922	0000	8
		_get_data      		CODE           	0917	0000	6
		_run_adc       		CODE           	0929	0000	8

../src/scan.c estimated size: 566

shared
		_configDescript		STRCODE        	032C	0000	102
		_USB_CD_Ptr    		STRCODE        	0326	0000	3
		_sd001         		STRCODE        	0391	0000	53
		process_level@k		STRCODE        	032A	0000	2
		process_level@k		STRCODE        	0329	0000	2
		_sd002         		STRCODE        	03C5	0000	27
		__initializatio		CODE           	000D	0000	38
		process_level@m		STRCODE        	032B	0000	2
		_device_dsc    		STRCODE        	03DF	0000	19
		process_level@L		STRCODE        	0328	0000	2
		process_level@i		STRCODE        	0300	0000	33
		_USB_SD_Ptr    		STRCODE        	0320	0000	7
		_sd000         		STRCODE        	03F1	0000	5

shared estimated size: 295

../../../../../../bsp/low_pin_count_usb_development_kit/pic16f1455/buttons.c
		_BUTTON_IsPress		CODE           	0957	0000	22
		_BUTTON_Enable 		CODE           	0937	0000	15

../../../../../../bsp/low_pin_count_usb_development_kit/pic16f1455/buttons.c estimated size: 37

C:\Program Files (x86)\Microchip\xc8\v1.34\sources\common\memset.c
		_memset        		CODE           	09C5	0000	27

C:\Program Files (x86)\Microchip\xc8\v1.34\sources\common\memset.c estimated size: 27

../src/main.c
		_main          		CODE           	0997	0000	23
		_USER_USB_CALLB		CODE           	0B47	0000	58

../src/main.c estimated size: 81

../../../../../../bsp/low_pin_count_usb_development_kit/pic16f1455/leds.c
		_LED_Off       		CODE           	09DF	0000	29
		_LED_On        		CODE           	09FB	0000	29
		_LED_Enable    		CODE           	0A17	0000	29

../../../../../../bsp/low_pin_count_usb_development_kit/pic16f1455/leds.c estimated size: 87

